oled.c:113:1:writeCommand	40	static
oled.c:151:1:writeData	40	static
oled.c:189:1:writeDataLen	184	static
oled.c:237:1:runInitSequence	8	static
oled.c:293:13:hLine	32	static
oled.c:325:13:vLine	32	static
oled.c:355:6:oled_init	16	static
oled.c:396:6:oled_putPixel	32	static
oled.c:458:6:oled_line	40	static
oled.c:561:6:oled_circle	64	static
oled.c:699:6:oled_rect	24	static
oled.c:720:6:oled_fillRect	32	static
oled.c:767:6:oled_clearScreen	24	static
oled.c:784:9:oled_putChar	32	static
oled.c:824:6:oled_putString	32	static
