core_cm3.h:1586:22:NVIC_SetPriority	16	static
core_cm3.h:1694:26:SysTick_Config	16	static
main-2.c:63:13:moveBar	24	static
main-2.c:81:13:change7Seg	16	static
main-2.c:103:13:drawOled	16	static
main-2.c:144:13:changeRgbLeds	24	static
main-2.c:176:13:playNote	24	static
main-2.c:201:17:getNote	16	static
main-2.c:212:17:getDuration	16	static
main-2.c:222:17:getPause	16	static
main-2.c:238:13:playSong	32	static
main-2.c:272:13:init_ssp	40	static
main-2.c:309:13:init_i2c	16	static
main-2.c:328:13:init_adc	16	static
main-2.c:353:6:PWM_vInit	8	static
main-2.c:377:6:PWM_ChangeDirection	24	static
main-2.c:404:6:PWM_Right	8	static
main-2.c:412:6:PWM_Left	8	static
main-2.c:420:6:PWM_Stop_Mov	8	static
main-2.c:424:6:write_temp_on_screen	24	static
main-2.c:442:6:SysTick_Handler	4	static
main-2.c:446:10:getMsTicks	4	static
main-2.c:450:6:showOurTemp	24	static
main-2.c:456:6:showPresentTime	56	static
main-2.c:531:5:main	64	static
main-2.c:662:6:check_failed	16	static
