core_cm3.h:1502:22:NVIC_EnableIRQ	16	static
core_cm3.h:1586:22:NVIC_SetPriority	16	static
core_cm3.h:1694:26:SysTick_Config	16	static
main.c:58:10:len	24	static
main.c:67:7:uint32_t_to_str	32	static
main.c:79:13:init_ssp	40	static
main.c:116:13:init_i2c	16	static
main.c:135:13:init_adc	16	static
main.c:160:6:PWM_vInit	8	static
main.c:183:6:PWM_ChangeDirection	24	static
main.c:210:6:PWM_Right	8	static
main.c:218:6:PWM_Left	8	static
main.c:226:6:PWM_Stop_Mov	8	static
main.c:230:6:write_temp_on_screen	24	static
main.c:251:6:SysTick_Handler	4	static
main.c:255:10:getMsTicks	4	static
main.c:259:6:showOurTemp	24	static
main.c:265:6:showLuxometerReading	48	static
main.c:272:6:showEditmode	24	static
main.c:282:6:showPresentTime	72	static
main.c:397:6:valToString	40	static
main.c:407:6:chooseTime	40	static
main.c:437:6:JoystickControls	24	static
main.c:505:6:initTimer1	8	static
main.c:518:6:TIMER1_IRQHandler1	4	static
main.c:527:6:generate_samples	16	static
main.c:532:6:changeValue	32	static
main.c:612:6:setNextAlarm	32	static
main.c:641:8:read_time_from_eeprom	40	static
main.c:679:8:write_time_to_eeprom	32	static
main.c:703:6:RTC_IRQHandler	8	static
main.c:711:5:main	192	static
main.c:952:6:check_failed	16	static
