core_cm3.h:1502:22:NVIC_EnableIRQ	16	static
core_cm3.h:1586:22:NVIC_SetPriority	16	static
core_cm3.h:1694:26:SysTick_Config	16	static
main.c:148:10:len	24	static
main.c:167:6:uint32_t_to_str	32	static
main.c:186:6:isLeap	16	static
main.c:197:13:init_ssp	40	static
main.c:238:13:init_i2c	16	static
main.c:262:6:PWM_vInit	8	static
main.c:291:6:checkDifference	16	static
main.c:306:6:PWM_Right	8	static
main.c:318:6:PWM_Left	8	static
main.c:330:6:PWM_Stop_Mov	8	static
main.c:361:9:get_sample_rate	32	static
main.c:445:6:write_temp_on_screen	24	static
main.c:464:6:SysTick_Handler	4	static
main.c:468:10:getMsTicks	4	static
main.c:472:6:showOurTemp	24	static
main.c:478:6:showLuxometerReading	48	static
main.c:485:6:showEditmode	24	static
main.c:495:6:showPresentTime	88	static
main.c:623:6:valToString	40	static
main.c:633:6:chooseTime	48	static
main.c:680:6:JoystickControls	40	static
main.c:754:6:initTimer0	8	static
main.c:771:6:TIMER0_IRQHandler	8	static
main.c:785:6:configTimer2	4	static
main.c:796:6:changeValue	32	static
main.c:921:6:correctDateValues	24	static
main.c:935:6:setNextAlarm	40	static
main.c:979:8:read_time_from_eeprom	40	static
main.c:1020:8:write_time_to_eeprom	32	static
main.c:1046:6:RTC_IRQHandler	8	static
main.c:1062:6:activateMotor	24	static
main.c:1085:5:main	184	static
main.c:1318:6:check_failed	4	static
