core_cm3.h:1502:22:NVIC_EnableIRQ	16	static
core_cm3.h:1586:22:NVIC_SetPriority	16	static
core_cm3.h:1694:26:SysTick_Config	16	static
main.c:63:10:len	24	static
main.c:72:7:uint32_t_to_str	32	static
main.c:84:6:isLeap	4	static
main.c:91:13:init_ssp	40	static
main.c:128:13:init_i2c	16	static
main.c:147:13:init_adc	16	static
main.c:172:6:PWM_vInit	8	static
main.c:195:6:PWM_ChangeDirection	24	static
main.c:222:6:PWM_Right	8	static
main.c:230:6:PWM_Left	8	static
main.c:238:6:PWM_Stop_Mov	8	static
main.c:242:9:get_sample_rate	16	static
main.c:304:6:write_temp_on_screen	24	static
main.c:325:6:SysTick_Handler	4	static
main.c:329:10:getMsTicks	4	static
main.c:333:6:showOurTemp	24	static
main.c:339:6:showLuxometerReading	48	static
main.c:346:6:showEditmode	24	static
main.c:356:6:showPresentTime	88	static
main.c:494:6:valToString	40	static
main.c:504:6:chooseTime	48	static
main.c:562:6:JoystickControls	24	static
main.c:630:6:initTimer0	8	static
main.c:647:6:TIMER0_IRQHandler	8	static
main.c:663:6:configTimer2	4	static
main.c:675:6:TIMER2_IRQHandler	16	static
main.c:685:6:generate_samples	16	static
main.c:690:6:changeValue	32	static
main.c:786:6:correctDateValues	24	static
main.c:801:6:setNextAlarm	32	static
main.c:830:8:read_time_from_eeprom	40	static
main.c:868:8:write_time_to_eeprom	32	static
main.c:892:6:RTC_IRQHandler	8	static
main.c:901:5:main	216	static
main.c:1152:6:check_failed	16	static
