core_cm3.h:1502:22:NVIC_EnableIRQ	16	static
core_cm3.h:1586:22:NVIC_SetPriority	16	static
core_cm3.h:1694:26:SysTick_Config	16	static
main.c:68:10:len	24	static
main.c:77:7:uint32_t_to_str	32	static
main.c:89:6:isLeap	4	static
main.c:96:13:init_ssp	40	static
main.c:133:13:init_i2c	16	static
main.c:152:13:init_adc	16	static
main.c:177:6:PWM_vInit	8	static
main.c:200:6:PWM_ChangeDirection	24	static
main.c:227:6:checkDifference	4	static
main.c:236:6:PWM_Right	8	static
main.c:244:6:PWM_Left	8	static
main.c:252:6:PWM_Stop_Mov	8	static
main.c:256:9:get_sample_rate	24	static
main.c:325:6:write_temp_on_screen	24	static
main.c:346:6:SysTick_Handler	4	static
main.c:350:10:getMsTicks	4	static
main.c:354:6:showOurTemp	24	static
main.c:360:6:showLuxometerReading	48	static
main.c:367:6:showEditmode	24	static
main.c:377:6:showPresentTime	88	static
main.c:515:6:valToString	40	static
main.c:525:6:chooseTime	48	static
main.c:583:6:JoystickControls	24	static
main.c:651:6:initTimer0	8	static
main.c:668:6:TIMER0_IRQHandler	8	static
main.c:683:6:configTimer2	4	static
main.c:695:6:TIMER2_IRQHandler	16	static
main.c:705:6:generate_samples	16	static
main.c:710:6:changeValue	32	static
main.c:811:6:correctDateValues	24	static
main.c:826:6:setNextAlarm	40	static
main.c:869:8:read_time_from_eeprom	40	static
main.c:907:8:write_time_to_eeprom	32	static
main.c:931:6:RTC_IRQHandler	8	static
main.c:947:6:activateMotor	32	static
main.c:996:5:main	224	static
main.c:1262:6:check_failed	16	static
