core_cm3.h:1502:22:NVIC_EnableIRQ	16	static
core_cm3.h:1586:22:NVIC_SetPriority	16	static
core_cm3.h:1694:26:SysTick_Config	16	static
main.c:50:10:len	24	static
main.c:59:7:uint32_t_to_str	32	static
main.c:71:13:init_ssp	40	static
main.c:108:13:init_i2c	16	static
main.c:127:13:init_adc	16	static
main.c:152:6:PWM_vInit	8	static
main.c:175:6:PWM_ChangeDirection	24	static
main.c:202:6:PWM_Right	8	static
main.c:210:6:PWM_Left	8	static
main.c:218:6:PWM_Stop_Mov	8	static
main.c:222:6:write_temp_on_screen	24	static
main.c:243:6:SysTick_Handler	4	static
main.c:247:10:getMsTicks	4	static
main.c:251:6:showOurTemp	24	static
main.c:257:6:showLuxometerReading	48	static
main.c:264:6:showEditmode	24	static
main.c:274:6:showPresentTime	56	static
main.c:368:6:valToString	40	static
main.c:388:6:chooseTime	40	static
main.c:417:6:JoystickControls	24	static
main.c:485:6:initTimer1	8	static
main.c:498:6:TIMER1_IRQHandler1	4	static
main.c:505:6:generate_samples	16	static
main.c:510:6:changeValue	24	static
main.c:559:5:main	152	static
main.c:767:6:check_failed	16	static
