core_cm3.h:1502:22:NVIC_EnableIRQ	16	static
core_cm3.h:1586:22:NVIC_SetPriority	16	static
core_cm3.h:1694:26:SysTick_Config	16	static
main.c:55:10:len	24	static
main.c:64:7:uint32_t_to_str	32	static
main.c:76:13:init_ssp	40	static
main.c:113:13:init_i2c	16	static
main.c:132:13:init_adc	16	static
main.c:157:6:PWM_vInit	8	static
main.c:180:6:PWM_ChangeDirection	24	static
main.c:207:6:PWM_Right	8	static
main.c:215:6:PWM_Left	8	static
main.c:223:6:PWM_Stop_Mov	8	static
main.c:227:6:write_temp_on_screen	24	static
main.c:248:6:SysTick_Handler	4	static
main.c:252:10:getMsTicks	4	static
main.c:256:6:showOurTemp	24	static
main.c:262:6:showLuxometerReading	48	static
main.c:269:6:showEditmode	24	static
main.c:279:6:showPresentTime	72	static
main.c:394:6:valToString	40	static
main.c:404:6:chooseTime	40	static
main.c:434:6:JoystickControls	24	static
main.c:502:6:initTimer1	8	static
main.c:515:6:TIMER1_IRQHandler1	4	static
main.c:522:6:generate_samples	16	static
main.c:527:6:changeValue	32	static
main.c:607:6:setNextAlarm	32	static
main.c:637:5:main	184	static
main.c:858:6:check_failed	16	static
