core_cm3.h:1502:22:NVIC_EnableIRQ	16	static
core_cm3.h:1586:22:NVIC_SetPriority	16	static
core_cm3.h:1694:26:SysTick_Config	16	static
main.c:149:10:len	24	static
main.c:167:7:uint32_t_to_str	32	static
main.c:185:6:isLeap	16	static
main.c:195:13:init_ssp	40	static
main.c:236:13:init_i2c	16	static
main.c:260:6:PWM_vInit	8	static
main.c:289:6:checkDifference	16	static
main.c:304:6:PWM_Right	8	static
main.c:316:6:PWM_Left	8	static
main.c:328:6:PWM_Stop_Mov	8	static
main.c:359:9:get_sample_rate	32	static
main.c:443:6:write_temp_on_screen	24	static
main.c:462:6:SysTick_Handler	4	static
main.c:466:10:getMsTicks	4	static
main.c:470:6:showOurTemp	24	static
main.c:476:6:showLuxometerReading	48	static
main.c:483:6:showEditmode	24	static
main.c:493:6:showPresentTime	88	static
main.c:621:6:valToString	32	static
main.c:631:6:chooseTime	48	static
main.c:678:6:JoystickControls	32	static
main.c:754:6:initTimer0	8	static
main.c:771:6:TIMER0_IRQHandler	8	static
main.c:785:6:configTimer2	4	static
main.c:796:6:changeValue	32	static
main.c:920:6:correctDateValues	24	static
main.c:934:6:setNextAlarm	40	static
main.c:978:8:read_time_from_eeprom	40	static
main.c:1019:8:write_time_to_eeprom	32	static
main.c:1045:6:RTC_IRQHandler	8	static
main.c:1061:6:activateMotor	24	static
main.c:1084:5:main	176	static
main.c:1335:6:check_failed	4	static
