core_cm3.h:1502:22:NVIC_EnableIRQ	16	static
core_cm3.h:1586:22:NVIC_SetPriority	16	static
core_cm3.h:1694:26:SysTick_Config	16	static
main.c:110:10:len	24	static
main.c:128:7:uint32_t_to_str	32	static
main.c:146:6:isLeap	4	static
main.c:154:13:init_ssp	40	static
main.c:195:13:init_i2c	16	static
main.c:219:6:PWM_vInit	8	static
main.c:248:6:checkDifference	4	static
main.c:262:6:PWM_Right	8	static
main.c:274:6:PWM_Left	8	static
main.c:286:6:PWM_Stop_Mov	8	static
main.c:317:9:get_sample_rate	24	static
main.c:391:6:write_temp_on_screen	24	static
main.c:410:6:SysTick_Handler	4	static
main.c:414:10:getMsTicks	4	static
main.c:418:6:showOurTemp	24	static
main.c:424:6:showLuxometerReading	48	static
main.c:431:6:showEditmode	24	static
main.c:441:6:showPresentTime	88	static
main.c:569:6:valToString	32	static
main.c:579:6:chooseTime	48	static
main.c:621:6:JoystickControls	32	static
main.c:695:6:initTimer0	8	static
main.c:712:6:TIMER0_IRQHandler	8	static
main.c:726:6:configTimer2	4	static
main.c:737:6:changeValue	32	static
main.c:834:6:correctDateValues	24	static
main.c:848:6:setNextAlarm	40	static
main.c:892:8:read_time_from_eeprom	40	static
main.c:930:8:write_time_to_eeprom	32	static
main.c:955:6:RTC_IRQHandler	8	static
main.c:971:6:activateMotor	24	static
main.c:994:5:main	184	static
main.c:1247:6:check_failed	4	static
