core_cm3.h:1502:22:NVIC_EnableIRQ	16	static
core_cm3.h:1586:22:NVIC_SetPriority	16	static
core_cm3.h:1694:26:SysTick_Config	16	static
main.c:117:10:len	24	static
main.c:135:7:uint32_t_to_str	32	static
main.c:153:6:isLeap	4	static
main.c:161:13:init_ssp	40	static
main.c:202:13:init_i2c	16	static
main.c:226:6:PWM_vInit	8	static
main.c:255:6:checkDifference	4	static
main.c:269:6:PWM_Right	8	static
main.c:281:6:PWM_Left	8	static
main.c:293:6:PWM_Stop_Mov	8	static
main.c:324:9:get_sample_rate	24	static
main.c:396:6:write_temp_on_screen	24	static
main.c:415:6:SysTick_Handler	4	static
main.c:419:10:getMsTicks	4	static
main.c:423:6:showOurTemp	24	static
main.c:429:6:showLuxometerReading	48	static
main.c:436:6:showEditmode	24	static
main.c:446:6:showPresentTime	88	static
main.c:574:6:valToString	32	static
main.c:584:6:chooseTime	48	static
main.c:626:6:JoystickControls	24	static
main.c:696:6:initTimer0	8	static
main.c:713:6:TIMER0_IRQHandler	8	static
main.c:727:6:configTimer2	4	static
main.c:749:6:generate_samples	16	static
main.c:755:6:changeValue	32	static
main.c:852:6:correctDateValues	24	static
main.c:866:6:setNextAlarm	40	static
main.c:910:8:read_time_from_eeprom	40	static
main.c:948:8:write_time_to_eeprom	32	static
main.c:973:6:RTC_IRQHandler	8	static
main.c:989:6:activateMotor	24	static
main.c:1012:5:main	176	static
main.c:1265:6:check_failed	4	static
