core_cm3.h:1502:22:NVIC_EnableIRQ	16	static
core_cm3.h:1586:22:NVIC_SetPriority	16	static
core_cm3.h:1694:26:SysTick_Config	16	static
main.c:63:10:len	24	static
main.c:72:7:uint32_t_to_str	32	static
main.c:84:13:init_ssp	40	static
main.c:121:13:init_i2c	16	static
main.c:140:13:init_adc	16	static
main.c:165:6:PWM_vInit	8	static
main.c:188:6:PWM_ChangeDirection	24	static
main.c:215:6:PWM_Right	8	static
main.c:223:6:PWM_Left	8	static
main.c:231:6:PWM_Stop_Mov	8	static
main.c:235:9:get_sample_rate	16	static
main.c:297:6:write_temp_on_screen	24	static
main.c:318:6:SysTick_Handler	4	static
main.c:322:10:getMsTicks	4	static
main.c:326:6:showOurTemp	24	static
main.c:332:6:showLuxometerReading	48	static
main.c:339:6:showEditmode	24	static
main.c:349:6:showPresentTime	72	static
main.c:464:6:valToString	40	static
main.c:474:6:chooseTime	40	static
main.c:504:6:JoystickControls	24	static
main.c:572:6:initTimer0	8	static
main.c:589:6:TIMER0_IRQHandler	8	static
main.c:605:6:configPin	4	static
main.c:610:6:configTimer2	4	static
main.c:621:6:TIMER2_IRQHandler	16	static
main.c:631:6:generate_samples	16	static
main.c:636:6:changeValue	32	static
main.c:716:6:correctDateValues	24	static
main.c:733:6:setNextAlarm	32	static
main.c:762:8:read_time_from_eeprom	40	static
main.c:800:8:write_time_to_eeprom	32	static
main.c:824:6:RTC_IRQHandler	8	static
main.c:833:5:main	192	static
main.c:1081:6:check_failed	16	static
