core_cm3.h:1586:22:NVIC_SetPriority	16	static
core_cm3.h:1694:26:SysTick_Config	16	static
main.c:41:13:moveBar	24	static
main.c:59:13:change7Seg	16	static
main.c:81:13:drawOled	16	static
main.c:122:13:changeRgbLeds	24	static
main.c:154:13:playNote	24	static
main.c:179:17:getNote	16	static
main.c:190:17:getDuration	16	static
main.c:200:17:getPause	16	static
main.c:216:13:playSong	32	static
main.c:248:10:len	24	static
main.c:257:7:uint32_t_to_str	32	static
main.c:269:13:init_ssp	40	static
main.c:306:13:init_i2c	16	static
main.c:325:13:init_adc	16	static
main.c:350:6:PWM_vInit	8	static
main.c:373:6:PWM_ChangeDirection	24	static
main.c:400:6:PWM_Right	8	static
main.c:408:6:PWM_Left	8	static
main.c:416:6:PWM_Stop_Mov	8	static
main.c:420:6:write_temp_on_screen	24	static
main.c:441:6:SysTick_Handler	4	static
main.c:445:10:getMsTicks	4	static
main.c:449:6:showOurTemp	24	static
main.c:455:6:showLuxometerReading	48	static
main.c:462:6:showEditmode	24	static
main.c:472:6:showPresentTime	56	static
main.c:561:7:valToString	40	static
main.c:586:6:chooseTime	56	static
main.c:614:6:JoystickControls	24	static
main.c:668:5:main	128	static
main.c:824:6:check_failed	16	static
