core_cm3.h:1502:22:NVIC_EnableIRQ	16	static
core_cm3.h:1586:22:NVIC_SetPriority	16	static
core_cm3.h:1694:26:SysTick_Config	16	static
main.c:63:10:len	24	static
main.c:72:7:uint32_t_to_str	32	static
main.c:84:6:isLeap	4	static
main.c:91:13:init_ssp	40	static
main.c:128:13:init_i2c	16	static
main.c:147:13:init_adc	16	static
main.c:172:6:PWM_vInit	8	static
main.c:195:6:PWM_ChangeDirection	24	static
main.c:222:6:PWM_Right	8	static
main.c:230:6:PWM_Left	8	static
main.c:238:6:PWM_Stop_Mov	8	static
main.c:242:9:get_sample_rate	16	static
main.c:304:6:write_temp_on_screen	24	static
main.c:325:6:SysTick_Handler	4	static
main.c:329:10:getMsTicks	4	static
main.c:333:6:showOurTemp	24	static
main.c:339:6:showLuxometerReading	48	static
main.c:346:6:showEditmode	24	static
main.c:356:6:showPresentTime	72	static
main.c:471:6:valToString	40	static
main.c:481:6:chooseTime	40	static
main.c:511:6:JoystickControls	24	static
main.c:579:6:initTimer0	8	static
main.c:596:6:TIMER0_IRQHandler	8	static
main.c:612:6:configPin	4	static
main.c:617:6:configTimer2	4	static
main.c:628:6:TIMER2_IRQHandler	16	static
main.c:638:6:generate_samples	16	static
main.c:643:6:changeValue	32	static
main.c:728:6:correctDateValues	24	static
main.c:743:6:setNextAlarm	32	static
main.c:772:8:read_time_from_eeprom	40	static
main.c:810:8:write_time_to_eeprom	32	static
main.c:834:6:RTC_IRQHandler	8	static
main.c:843:5:main	192	static
main.c:1091:6:check_failed	16	static
