core_cm3.h:1502:22:NVIC_EnableIRQ	16	static
core_cm3.h:1586:22:NVIC_SetPriority	16	static
core_cm3.h:1694:26:SysTick_Config	16	static
main.c:68:10:len	24	static
main.c:77:7:uint32_t_to_str	32	static
main.c:89:6:isLeap	4	static
main.c:96:13:init_i2c	16	static
main.c:115:13:init_ssp	40	static
main.c:154:6:PWM_vInit	8	static
main.c:178:6:checkDifference	4	static
main.c:187:6:PWM_Right	8	static
main.c:195:6:PWM_Left	8	static
main.c:203:6:PWM_Stop_Mov	8	static
main.c:207:9:get_sample_rate	24	static
main.c:276:6:write_temp_on_screen	24	static
main.c:297:6:SysTick_Handler	4	static
main.c:301:10:getMsTicks	4	static
main.c:305:6:showOurTemp	24	static
main.c:311:6:showLuxometerReading	48	static
main.c:318:6:showEditmode	24	static
main.c:328:6:showPresentTime	88	static
main.c:466:6:valToString	40	static
main.c:476:6:chooseTime	48	static
main.c:534:6:JoystickControls	24	static
main.c:602:6:initTimer0	8	static
main.c:619:6:TIMER0_IRQHandler	8	static
main.c:634:6:configTimer2	4	static
main.c:646:6:TIMER2_IRQHandler	16	static
main.c:656:6:generate_samples	16	static
main.c:661:6:changeValue	32	static
main.c:762:6:correctDateValues	24	static
main.c:777:6:setNextAlarm	40	static
main.c:820:8:read_time_from_eeprom	40	static
main.c:858:8:write_time_to_eeprom	32	static
main.c:882:6:RTC_IRQHandler	8	static
main.c:898:6:activateMotor	32	static
main.c:947:5:main	224	static
main.c:1213:6:check_failed	16	static
