tcpip.c:42:6:TCPLowLevelInit	8	static
tcpip.c:70:6:TCPPassiveOpen	4	static
tcpip.c:84:6:TCPActiveOpen	8	static
tcpip.c:101:6:TCPClose	4	static
tcpip.c:127:6:TCPReleaseRxBuffer	4	static
tcpip.c:137:6:TCPTransmitTxBuffer	8	static
tcpip.c:158:14:BroadcastMessage	16	static
tcpip.c:183:6:DoNetworkStuff	8	static
tcpip.c:329:6:ProcessEthBroadcastFrame	16	static
tcpip.c:365:6:ProcessEthIAFrame	16	static
tcpip.c:429:6:ProcessICMPFrame	16	static
tcpip.c:451:6:ProcessTCPFrame	32	static
tcpip.c:716:6:PrepareARP_REQUEST	8	static
tcpip.c:757:6:PrepareARP_ANSWER	8	static
tcpip.c:790:6:PrepareICMP_ECHO_REPLY	16	static
tcpip.c:858:6:PrepareTCP_FRAME	16	static
tcpip.c:952:6:PrepareTCP_DATA_FRAME	8	static
tcpip.c:1012:16:CalcChecksum	24	static
tcpip.c:1056:6:TCPStartRetryTimer	4	static
tcpip.c:1067:6:TCPStartTimeWaitTimer	4	static
tcpip.c:1077:6:TCPRestartTimer	4	static
tcpip.c:1085:6:TCPStopTimer	4	static
tcpip.c:1094:6:TCPHandleRetransmission	8	static
tcpip.c:1109:6:TCPHandleTimeout	4	static
tcpip.c:1142:6:TCPClockHandler	4	static
tcpip.c:1152:6:SendFrame1	8	static
tcpip.c:1162:6:SendFrame2	8	static
tcpip.c:1175:6:WriteWBE	16	static
tcpip.c:1187:6:WriteDWBE	16	static
tcpip.c:1200:16:SwapBytes	16	static
