Archive member included to satisfy reference by file (symbol)

C:\Users\247644\Desktop\EmbeddedSystems\SysWbud\Lib_CMSISv1p30_LPC17xx\Debug\libCMSISv1p30_LPC17xx.a(system_LPC17xx.o)
                              ./src/cr_startup_lpc17.o (SystemInit)
C:\Users\247644\Desktop\EmbeddedSystems\SysWbud\Lib_EaBaseBoard\Debug\libLib_EaBaseBoard.a(joystick.o)
                              ./src/main.o (joystick_init)
C:\Users\247644\Desktop\EmbeddedSystems\SysWbud\Lib_EaBaseBoard\Debug\libLib_EaBaseBoard.a(pca9532.o)
                              ./src/main.o (pca9532_init)
C:\Users\247644\Desktop\EmbeddedSystems\SysWbud\Lib_MCU\Debug\libLib_MCU.a(lpc17xx_gpio.o)
                              C:\Users\247644\Desktop\EmbeddedSystems\SysWbud\Lib_EaBaseBoard\Debug\libLib_EaBaseBoard.a(joystick.o) (GPIO_SetDir)
C:\Users\247644\Desktop\EmbeddedSystems\SysWbud\Lib_MCU\Debug\libLib_MCU.a(lpc17xx_i2c.o)
                              ./src/main.o (I2C_Init)
C:\Users\247644\Desktop\EmbeddedSystems\SysWbud\Lib_MCU\Debug\libLib_MCU.a(lpc17xx_pinsel.o)
                              ./src/main.o (PINSEL_ConfigPin)
C:\Users\247644\Desktop\EmbeddedSystems\SysWbud\Lib_MCU\Debug\libLib_MCU.a(lpc17xx_timer.o)
                              ./src/main.o (Timer0_Wait)
C:\Users\247644\Desktop\EmbeddedSystems\SysWbud\Lib_MCU\Debug\libLib_MCU.a(lpc17xx_clkpwr.o)
                              C:\Users\247644\Desktop\EmbeddedSystems\SysWbud\Lib_MCU\Debug\libLib_MCU.a(lpc17xx_i2c.o) (CLKPWR_SetPCLKDiv)
c:/nxp/mcuxpressoide_11.3.1_5262/ide/plugins/com.nxp.mcuxpresso.tools.win32_11.3.0.202008311133/tools/bin/../lib/gcc/arm-none-eabi/9.3.1/thumb/v7-m/nofp\libgcc.a(_aeabi_uldivmod.o)
                              C:\Users\247644\Desktop\EmbeddedSystems\SysWbud\Lib_CMSISv1p30_LPC17xx\Debug\libCMSISv1p30_LPC17xx.a(system_LPC17xx.o) (__aeabi_uldivmod)
c:/nxp/mcuxpressoide_11.3.1_5262/ide/plugins/com.nxp.mcuxpresso.tools.win32_11.3.0.202008311133/tools/bin/../lib/gcc/arm-none-eabi/9.3.1/thumb/v7-m/nofp\libgcc.a(_udivmoddi4.o)
                              c:/nxp/mcuxpressoide_11.3.1_5262/ide/plugins/com.nxp.mcuxpresso.tools.win32_11.3.0.202008311133/tools/bin/../lib/gcc/arm-none-eabi/9.3.1/thumb/v7-m/nofp\libgcc.a(_aeabi_uldivmod.o) (__udivmoddi4)
c:/nxp/mcuxpressoide_11.3.1_5262/ide/plugins/com.nxp.mcuxpresso.tools.win32_11.3.0.202008311133/tools/bin/../lib/gcc/arm-none-eabi/9.3.1/thumb/v7-m/nofp\libgcc.a(_dvmd_tls.o)
                              c:/nxp/mcuxpressoide_11.3.1_5262/ide/plugins/com.nxp.mcuxpresso.tools.win32_11.3.0.202008311133/tools/bin/../lib/gcc/arm-none-eabi/9.3.1/thumb/v7-m/nofp\libgcc.a(_aeabi_uldivmod.o) (__aeabi_ldiv0)

Discarded input sections

 .group         0x00000000        0xc ./src/cr_startup_lpc17.o
 .group         0x00000000        0xc ./src/cr_startup_lpc17.o
 .group         0x00000000        0xc ./src/cr_startup_lpc17.o
 .group         0x00000000        0xc ./src/cr_startup_lpc17.o
 .group         0x00000000        0xc ./src/cr_startup_lpc17.o
 .group         0x00000000        0xc ./src/cr_startup_lpc17.o
 .group         0x00000000        0xc ./src/cr_startup_lpc17.o
 .text          0x00000000        0x0 ./src/cr_startup_lpc17.o
 .data          0x00000000        0x0 ./src/cr_startup_lpc17.o
 .bss           0x00000000        0x0 ./src/cr_startup_lpc17.o
 .group         0x00000000        0xc ./src/main.o
 .group         0x00000000        0xc ./src/main.o
 .group         0x00000000        0xc ./src/main.o
 .group         0x00000000        0xc ./src/main.o
 .group         0x00000000        0xc ./src/main.o
 .group         0x00000000        0xc ./src/main.o
 .group         0x00000000        0xc ./src/main.o
 .group         0x00000000        0xc ./src/main.o
 .group         0x00000000        0xc ./src/main.o
 .group         0x00000000        0xc ./src/main.o
 .group         0x00000000        0xc ./src/main.o
 .group         0x00000000        0xc ./src/main.o
 .group         0x00000000        0xc ./src/main.o
 .group         0x00000000        0xc ./src/main.o
 .group         0x00000000        0xc ./src/main.o
 .group         0x00000000        0xc ./src/main.o
 .group         0x00000000        0xc ./src/main.o
 .text          0x00000000        0x0 ./src/main.o
 .data          0x00000000        0x0 ./src/main.o
 .bss           0x00000000        0x0 ./src/main.o
 .debug_macro   0x00000000      0xaa8 ./src/main.o
 .debug_macro   0x00000000       0x22 ./src/main.o
 .debug_macro   0x00000000       0x8e ./src/main.o
 .debug_macro   0x00000000       0x51 ./src/main.o
 .debug_macro   0x00000000      0x103 ./src/main.o
 .debug_macro   0x00000000       0x6a ./src/main.o
 .debug_macro   0x00000000      0x1df ./src/main.o
 .group         0x00000000        0xc C:\Users\247644\Desktop\EmbeddedSystems\SysWbud\Lib_CMSISv1p30_LPC17xx\Debug\libCMSISv1p30_LPC17xx.a(system_LPC17xx.o)
 .group         0x00000000        0xc C:\Users\247644\Desktop\EmbeddedSystems\SysWbud\Lib_CMSISv1p30_LPC17xx\Debug\libCMSISv1p30_LPC17xx.a(system_LPC17xx.o)
 .group         0x00000000        0xc C:\Users\247644\Desktop\EmbeddedSystems\SysWbud\Lib_CMSISv1p30_LPC17xx\Debug\libCMSISv1p30_LPC17xx.a(system_LPC17xx.o)
 .group         0x00000000        0xc C:\Users\247644\Desktop\EmbeddedSystems\SysWbud\Lib_CMSISv1p30_LPC17xx\Debug\libCMSISv1p30_LPC17xx.a(system_LPC17xx.o)
 .group         0x00000000        0xc C:\Users\247644\Desktop\EmbeddedSystems\SysWbud\Lib_CMSISv1p30_LPC17xx\Debug\libCMSISv1p30_LPC17xx.a(system_LPC17xx.o)
 .group         0x00000000        0xc C:\Users\247644\Desktop\EmbeddedSystems\SysWbud\Lib_CMSISv1p30_LPC17xx\Debug\libCMSISv1p30_LPC17xx.a(system_LPC17xx.o)
 .group         0x00000000        0xc C:\Users\247644\Desktop\EmbeddedSystems\SysWbud\Lib_CMSISv1p30_LPC17xx\Debug\libCMSISv1p30_LPC17xx.a(system_LPC17xx.o)
 .text          0x00000000        0x0 C:\Users\247644\Desktop\EmbeddedSystems\SysWbud\Lib_CMSISv1p30_LPC17xx\Debug\libCMSISv1p30_LPC17xx.a(system_LPC17xx.o)
 .bss           0x00000000        0x0 C:\Users\247644\Desktop\EmbeddedSystems\SysWbud\Lib_CMSISv1p30_LPC17xx\Debug\libCMSISv1p30_LPC17xx.a(system_LPC17xx.o)
 .text.SystemCoreClockUpdate
                0x00000000      0x274 C:\Users\247644\Desktop\EmbeddedSystems\SysWbud\Lib_CMSISv1p30_LPC17xx\Debug\libCMSISv1p30_LPC17xx.a(system_LPC17xx.o)
 .debug_macro   0x00000000       0x1c C:\Users\247644\Desktop\EmbeddedSystems\SysWbud\Lib_CMSISv1p30_LPC17xx\Debug\libCMSISv1p30_LPC17xx.a(system_LPC17xx.o)
 .debug_macro   0x00000000      0x2c7 C:\Users\247644\Desktop\EmbeddedSystems\SysWbud\Lib_CMSISv1p30_LPC17xx\Debug\libCMSISv1p30_LPC17xx.a(system_LPC17xx.o)
 .group         0x00000000        0xc C:\Users\247644\Desktop\EmbeddedSystems\SysWbud\Lib_EaBaseBoard\Debug\libLib_EaBaseBoard.a(joystick.o)
 .group         0x00000000        0xc C:\Users\247644\Desktop\EmbeddedSystems\SysWbud\Lib_EaBaseBoard\Debug\libLib_EaBaseBoard.a(joystick.o)
 .group         0x00000000        0xc C:\Users\247644\Desktop\EmbeddedSystems\SysWbud\Lib_EaBaseBoard\Debug\libLib_EaBaseBoard.a(joystick.o)
 .group         0x00000000        0xc C:\Users\247644\Desktop\EmbeddedSystems\SysWbud\Lib_EaBaseBoard\Debug\libLib_EaBaseBoard.a(joystick.o)
 .group         0x00000000        0xc C:\Users\247644\Desktop\EmbeddedSystems\SysWbud\Lib_EaBaseBoard\Debug\libLib_EaBaseBoard.a(joystick.o)
 .group         0x00000000        0xc C:\Users\247644\Desktop\EmbeddedSystems\SysWbud\Lib_EaBaseBoard\Debug\libLib_EaBaseBoard.a(joystick.o)
 .group         0x00000000        0xc C:\Users\247644\Desktop\EmbeddedSystems\SysWbud\Lib_EaBaseBoard\Debug\libLib_EaBaseBoard.a(joystick.o)
 .group         0x00000000        0xc C:\Users\247644\Desktop\EmbeddedSystems\SysWbud\Lib_EaBaseBoard\Debug\libLib_EaBaseBoard.a(joystick.o)
 .group         0x00000000        0xc C:\Users\247644\Desktop\EmbeddedSystems\SysWbud\Lib_EaBaseBoard\Debug\libLib_EaBaseBoard.a(joystick.o)
 .group         0x00000000        0xc C:\Users\247644\Desktop\EmbeddedSystems\SysWbud\Lib_EaBaseBoard\Debug\libLib_EaBaseBoard.a(joystick.o)
 .group         0x00000000        0xc C:\Users\247644\Desktop\EmbeddedSystems\SysWbud\Lib_EaBaseBoard\Debug\libLib_EaBaseBoard.a(joystick.o)
 .text          0x00000000        0x0 C:\Users\247644\Desktop\EmbeddedSystems\SysWbud\Lib_EaBaseBoard\Debug\libLib_EaBaseBoard.a(joystick.o)
 .data          0x00000000        0x0 C:\Users\247644\Desktop\EmbeddedSystems\SysWbud\Lib_EaBaseBoard\Debug\libLib_EaBaseBoard.a(joystick.o)
 .bss           0x00000000        0x0 C:\Users\247644\Desktop\EmbeddedSystems\SysWbud\Lib_EaBaseBoard\Debug\libLib_EaBaseBoard.a(joystick.o)
 .debug_macro   0x00000000      0xaa2 C:\Users\247644\Desktop\EmbeddedSystems\SysWbud\Lib_EaBaseBoard\Debug\libLib_EaBaseBoard.a(joystick.o)
 .debug_macro   0x00000000       0x1c C:\Users\247644\Desktop\EmbeddedSystems\SysWbud\Lib_EaBaseBoard\Debug\libLib_EaBaseBoard.a(joystick.o)
 .debug_macro   0x00000000       0x22 C:\Users\247644\Desktop\EmbeddedSystems\SysWbud\Lib_EaBaseBoard\Debug\libLib_EaBaseBoard.a(joystick.o)
 .debug_macro   0x00000000       0x10 C:\Users\247644\Desktop\EmbeddedSystems\SysWbud\Lib_EaBaseBoard\Debug\libLib_EaBaseBoard.a(joystick.o)
 .debug_macro   0x00000000      0x12e C:\Users\247644\Desktop\EmbeddedSystems\SysWbud\Lib_EaBaseBoard\Debug\libLib_EaBaseBoard.a(joystick.o)
 .debug_macro   0x00000000      0x5b3 C:\Users\247644\Desktop\EmbeddedSystems\SysWbud\Lib_EaBaseBoard\Debug\libLib_EaBaseBoard.a(joystick.o)
 .debug_macro   0x00000000      0x7b7 C:\Users\247644\Desktop\EmbeddedSystems\SysWbud\Lib_EaBaseBoard\Debug\libLib_EaBaseBoard.a(joystick.o)
 .debug_macro   0x00000000      0x2c7 C:\Users\247644\Desktop\EmbeddedSystems\SysWbud\Lib_EaBaseBoard\Debug\libLib_EaBaseBoard.a(joystick.o)
 .debug_macro   0x00000000       0x64 C:\Users\247644\Desktop\EmbeddedSystems\SysWbud\Lib_EaBaseBoard\Debug\libLib_EaBaseBoard.a(joystick.o)
 .debug_macro   0x00000000       0x28 C:\Users\247644\Desktop\EmbeddedSystems\SysWbud\Lib_EaBaseBoard\Debug\libLib_EaBaseBoard.a(joystick.o)
 .group         0x00000000        0xc C:\Users\247644\Desktop\EmbeddedSystems\SysWbud\Lib_EaBaseBoard\Debug\libLib_EaBaseBoard.a(pca9532.o)
 .group         0x00000000        0xc C:\Users\247644\Desktop\EmbeddedSystems\SysWbud\Lib_EaBaseBoard\Debug\libLib_EaBaseBoard.a(pca9532.o)
 .group         0x00000000        0xc C:\Users\247644\Desktop\EmbeddedSystems\SysWbud\Lib_EaBaseBoard\Debug\libLib_EaBaseBoard.a(pca9532.o)
 .group         0x00000000        0xc C:\Users\247644\Desktop\EmbeddedSystems\SysWbud\Lib_EaBaseBoard\Debug\libLib_EaBaseBoard.a(pca9532.o)
 .group         0x00000000        0xc C:\Users\247644\Desktop\EmbeddedSystems\SysWbud\Lib_EaBaseBoard\Debug\libLib_EaBaseBoard.a(pca9532.o)
 .group         0x00000000        0xc C:\Users\247644\Desktop\EmbeddedSystems\SysWbud\Lib_EaBaseBoard\Debug\libLib_EaBaseBoard.a(pca9532.o)
 .group         0x00000000        0xc C:\Users\247644\Desktop\EmbeddedSystems\SysWbud\Lib_EaBaseBoard\Debug\libLib_EaBaseBoard.a(pca9532.o)
 .group         0x00000000        0xc C:\Users\247644\Desktop\EmbeddedSystems\SysWbud\Lib_EaBaseBoard\Debug\libLib_EaBaseBoard.a(pca9532.o)
 .group         0x00000000        0xc C:\Users\247644\Desktop\EmbeddedSystems\SysWbud\Lib_EaBaseBoard\Debug\libLib_EaBaseBoard.a(pca9532.o)
 .group         0x00000000        0xc C:\Users\247644\Desktop\EmbeddedSystems\SysWbud\Lib_EaBaseBoard\Debug\libLib_EaBaseBoard.a(pca9532.o)
 .group         0x00000000        0xc C:\Users\247644\Desktop\EmbeddedSystems\SysWbud\Lib_EaBaseBoard\Debug\libLib_EaBaseBoard.a(pca9532.o)
 .text          0x00000000        0x0 C:\Users\247644\Desktop\EmbeddedSystems\SysWbud\Lib_EaBaseBoard\Debug\libLib_EaBaseBoard.a(pca9532.o)
 .data          0x00000000        0x0 C:\Users\247644\Desktop\EmbeddedSystems\SysWbud\Lib_EaBaseBoard\Debug\libLib_EaBaseBoard.a(pca9532.o)
 .text.I2CRead  0x00000000       0x50 C:\Users\247644\Desktop\EmbeddedSystems\SysWbud\Lib_EaBaseBoard\Debug\libLib_EaBaseBoard.a(pca9532.o)
 .text.pca9532_getLedState
                0x00000000       0x98 C:\Users\247644\Desktop\EmbeddedSystems\SysWbud\Lib_EaBaseBoard\Debug\libLib_EaBaseBoard.a(pca9532.o)
 .text.pca9532_setBlink0Period
                0x00000000       0x28 C:\Users\247644\Desktop\EmbeddedSystems\SysWbud\Lib_EaBaseBoard\Debug\libLib_EaBaseBoard.a(pca9532.o)
 .text.pca9532_setBlink0Duty
                0x00000000       0x4c C:\Users\247644\Desktop\EmbeddedSystems\SysWbud\Lib_EaBaseBoard\Debug\libLib_EaBaseBoard.a(pca9532.o)
 .text.pca9532_setBlink0Leds
                0x00000000       0x28 C:\Users\247644\Desktop\EmbeddedSystems\SysWbud\Lib_EaBaseBoard\Debug\libLib_EaBaseBoard.a(pca9532.o)
 .text.pca9532_setBlink1Period
                0x00000000       0x28 C:\Users\247644\Desktop\EmbeddedSystems\SysWbud\Lib_EaBaseBoard\Debug\libLib_EaBaseBoard.a(pca9532.o)
 .text.pca9532_setBlink1Duty
                0x00000000       0x4c C:\Users\247644\Desktop\EmbeddedSystems\SysWbud\Lib_EaBaseBoard\Debug\libLib_EaBaseBoard.a(pca9532.o)
 .text.pca9532_setBlink1Leds
                0x00000000       0x28 C:\Users\247644\Desktop\EmbeddedSystems\SysWbud\Lib_EaBaseBoard\Debug\libLib_EaBaseBoard.a(pca9532.o)
 .debug_macro   0x00000000      0xaa2 C:\Users\247644\Desktop\EmbeddedSystems\SysWbud\Lib_EaBaseBoard\Debug\libLib_EaBaseBoard.a(pca9532.o)
 .debug_macro   0x00000000       0x1c C:\Users\247644\Desktop\EmbeddedSystems\SysWbud\Lib_EaBaseBoard\Debug\libLib_EaBaseBoard.a(pca9532.o)
 .debug_macro   0x00000000       0x22 C:\Users\247644\Desktop\EmbeddedSystems\SysWbud\Lib_EaBaseBoard\Debug\libLib_EaBaseBoard.a(pca9532.o)
 .debug_macro   0x00000000       0x10 C:\Users\247644\Desktop\EmbeddedSystems\SysWbud\Lib_EaBaseBoard\Debug\libLib_EaBaseBoard.a(pca9532.o)
 .debug_macro   0x00000000      0x12e C:\Users\247644\Desktop\EmbeddedSystems\SysWbud\Lib_EaBaseBoard\Debug\libLib_EaBaseBoard.a(pca9532.o)
 .debug_macro   0x00000000      0x5b3 C:\Users\247644\Desktop\EmbeddedSystems\SysWbud\Lib_EaBaseBoard\Debug\libLib_EaBaseBoard.a(pca9532.o)
 .debug_macro   0x00000000      0x7b7 C:\Users\247644\Desktop\EmbeddedSystems\SysWbud\Lib_EaBaseBoard\Debug\libLib_EaBaseBoard.a(pca9532.o)
 .debug_macro   0x00000000      0x2c7 C:\Users\247644\Desktop\EmbeddedSystems\SysWbud\Lib_EaBaseBoard\Debug\libLib_EaBaseBoard.a(pca9532.o)
 .debug_macro   0x00000000       0x64 C:\Users\247644\Desktop\EmbeddedSystems\SysWbud\Lib_EaBaseBoard\Debug\libLib_EaBaseBoard.a(pca9532.o)
 .debug_macro   0x00000000       0xb2 C:\Users\247644\Desktop\EmbeddedSystems\SysWbud\Lib_EaBaseBoard\Debug\libLib_EaBaseBoard.a(pca9532.o)
 .group         0x00000000        0xc C:\Users\247644\Desktop\EmbeddedSystems\SysWbud\Lib_MCU\Debug\libLib_MCU.a(lpc17xx_gpio.o)
 .group         0x00000000        0xc C:\Users\247644\Desktop\EmbeddedSystems\SysWbud\Lib_MCU\Debug\libLib_MCU.a(lpc17xx_gpio.o)
 .group         0x00000000        0xc C:\Users\247644\Desktop\EmbeddedSystems\SysWbud\Lib_MCU\Debug\libLib_MCU.a(lpc17xx_gpio.o)
 .group         0x00000000        0xc C:\Users\247644\Desktop\EmbeddedSystems\SysWbud\Lib_MCU\Debug\libLib_MCU.a(lpc17xx_gpio.o)
 .group         0x00000000        0xc C:\Users\247644\Desktop\EmbeddedSystems\SysWbud\Lib_MCU\Debug\libLib_MCU.a(lpc17xx_gpio.o)
 .group         0x00000000        0xc C:\Users\247644\Desktop\EmbeddedSystems\SysWbud\Lib_MCU\Debug\libLib_MCU.a(lpc17xx_gpio.o)
 .group         0x00000000        0xc C:\Users\247644\Desktop\EmbeddedSystems\SysWbud\Lib_MCU\Debug\libLib_MCU.a(lpc17xx_gpio.o)
 .group         0x00000000        0xc C:\Users\247644\Desktop\EmbeddedSystems\SysWbud\Lib_MCU\Debug\libLib_MCU.a(lpc17xx_gpio.o)
 .group         0x00000000        0xc C:\Users\247644\Desktop\EmbeddedSystems\SysWbud\Lib_MCU\Debug\libLib_MCU.a(lpc17xx_gpio.o)
 .group         0x00000000        0xc C:\Users\247644\Desktop\EmbeddedSystems\SysWbud\Lib_MCU\Debug\libLib_MCU.a(lpc17xx_gpio.o)
 .group         0x00000000        0xc C:\Users\247644\Desktop\EmbeddedSystems\SysWbud\Lib_MCU\Debug\libLib_MCU.a(lpc17xx_gpio.o)
 .text          0x00000000        0x0 C:\Users\247644\Desktop\EmbeddedSystems\SysWbud\Lib_MCU\Debug\libLib_MCU.a(lpc17xx_gpio.o)
 .data          0x00000000        0x0 C:\Users\247644\Desktop\EmbeddedSystems\SysWbud\Lib_MCU\Debug\libLib_MCU.a(lpc17xx_gpio.o)
 .bss           0x00000000        0x0 C:\Users\247644\Desktop\EmbeddedSystems\SysWbud\Lib_MCU\Debug\libLib_MCU.a(lpc17xx_gpio.o)
 .text.FIO_HalfWordGetPointer
                0x00000000       0x70 C:\Users\247644\Desktop\EmbeddedSystems\SysWbud\Lib_MCU\Debug\libLib_MCU.a(lpc17xx_gpio.o)
 .text.FIO_ByteGetPointer
                0x00000000       0x70 C:\Users\247644\Desktop\EmbeddedSystems\SysWbud\Lib_MCU\Debug\libLib_MCU.a(lpc17xx_gpio.o)
 .text.GPIO_SetValue
                0x00000000       0x2a C:\Users\247644\Desktop\EmbeddedSystems\SysWbud\Lib_MCU\Debug\libLib_MCU.a(lpc17xx_gpio.o)
 .text.GPIO_ClearValue
                0x00000000       0x2a C:\Users\247644\Desktop\EmbeddedSystems\SysWbud\Lib_MCU\Debug\libLib_MCU.a(lpc17xx_gpio.o)
 .text.GPIO_IntCmd
                0x00000000       0x70 C:\Users\247644\Desktop\EmbeddedSystems\SysWbud\Lib_MCU\Debug\libLib_MCU.a(lpc17xx_gpio.o)
 .text.GPIO_GetIntStatus
                0x00000000       0xa0 C:\Users\247644\Desktop\EmbeddedSystems\SysWbud\Lib_MCU\Debug\libLib_MCU.a(lpc17xx_gpio.o)
 .text.GPIO_ClearInt
                0x00000000       0x38 C:\Users\247644\Desktop\EmbeddedSystems\SysWbud\Lib_MCU\Debug\libLib_MCU.a(lpc17xx_gpio.o)
 .text.FIO_SetDir
                0x00000000       0x24 C:\Users\247644\Desktop\EmbeddedSystems\SysWbud\Lib_MCU\Debug\libLib_MCU.a(lpc17xx_gpio.o)
 .text.FIO_SetValue
                0x00000000       0x1e C:\Users\247644\Desktop\EmbeddedSystems\SysWbud\Lib_MCU\Debug\libLib_MCU.a(lpc17xx_gpio.o)
 .text.FIO_ClearValue
                0x00000000       0x1e C:\Users\247644\Desktop\EmbeddedSystems\SysWbud\Lib_MCU\Debug\libLib_MCU.a(lpc17xx_gpio.o)
 .text.FIO_ReadValue
                0x00000000       0x1c C:\Users\247644\Desktop\EmbeddedSystems\SysWbud\Lib_MCU\Debug\libLib_MCU.a(lpc17xx_gpio.o)
 .text.FIO_IntCmd
                0x00000000       0x24 C:\Users\247644\Desktop\EmbeddedSystems\SysWbud\Lib_MCU\Debug\libLib_MCU.a(lpc17xx_gpio.o)
 .text.FIO_GetIntStatus
                0x00000000       0x26 C:\Users\247644\Desktop\EmbeddedSystems\SysWbud\Lib_MCU\Debug\libLib_MCU.a(lpc17xx_gpio.o)
 .text.FIO_ClearInt
                0x00000000       0x1e C:\Users\247644\Desktop\EmbeddedSystems\SysWbud\Lib_MCU\Debug\libLib_MCU.a(lpc17xx_gpio.o)
 .text.FIO_SetMask
                0x00000000       0x4a C:\Users\247644\Desktop\EmbeddedSystems\SysWbud\Lib_MCU\Debug\libLib_MCU.a(lpc17xx_gpio.o)
 .text.FIO_HalfWordSetDir
                0x00000000       0xa2 C:\Users\247644\Desktop\EmbeddedSystems\SysWbud\Lib_MCU\Debug\libLib_MCU.a(lpc17xx_gpio.o)
 .text.FIO_HalfWordSetMask
                0x00000000       0xa2 C:\Users\247644\Desktop\EmbeddedSystems\SysWbud\Lib_MCU\Debug\libLib_MCU.a(lpc17xx_gpio.o)
 .text.FIO_HalfWordSetValue
                0x00000000       0x3e C:\Users\247644\Desktop\EmbeddedSystems\SysWbud\Lib_MCU\Debug\libLib_MCU.a(lpc17xx_gpio.o)
 .text.FIO_HalfWordClearValue
                0x00000000       0x3e C:\Users\247644\Desktop\EmbeddedSystems\SysWbud\Lib_MCU\Debug\libLib_MCU.a(lpc17xx_gpio.o)
 .text.FIO_HalfWordReadValue
                0x00000000       0x40 C:\Users\247644\Desktop\EmbeddedSystems\SysWbud\Lib_MCU\Debug\libLib_MCU.a(lpc17xx_gpio.o)
 .text.FIO_ByteSetDir
                0x00000000       0x7c C:\Users\247644\Desktop\EmbeddedSystems\SysWbud\Lib_MCU\Debug\libLib_MCU.a(lpc17xx_gpio.o)
 .text.FIO_ByteSetMask
                0x00000000       0x88 C:\Users\247644\Desktop\EmbeddedSystems\SysWbud\Lib_MCU\Debug\libLib_MCU.a(lpc17xx_gpio.o)
 .text.FIO_ByteSetValue
                0x00000000       0x3a C:\Users\247644\Desktop\EmbeddedSystems\SysWbud\Lib_MCU\Debug\libLib_MCU.a(lpc17xx_gpio.o)
 .text.FIO_ByteClearValue
                0x00000000       0x3a C:\Users\247644\Desktop\EmbeddedSystems\SysWbud\Lib_MCU\Debug\libLib_MCU.a(lpc17xx_gpio.o)
 .text.FIO_ByteReadValue
                0x00000000       0x3c C:\Users\247644\Desktop\EmbeddedSystems\SysWbud\Lib_MCU\Debug\libLib_MCU.a(lpc17xx_gpio.o)
 .debug_macro   0x00000000      0xaa2 C:\Users\247644\Desktop\EmbeddedSystems\SysWbud\Lib_MCU\Debug\libLib_MCU.a(lpc17xx_gpio.o)
 .debug_macro   0x00000000       0x1c C:\Users\247644\Desktop\EmbeddedSystems\SysWbud\Lib_MCU\Debug\libLib_MCU.a(lpc17xx_gpio.o)
 .debug_macro   0x00000000       0x22 C:\Users\247644\Desktop\EmbeddedSystems\SysWbud\Lib_MCU\Debug\libLib_MCU.a(lpc17xx_gpio.o)
 .debug_macro   0x00000000       0x10 C:\Users\247644\Desktop\EmbeddedSystems\SysWbud\Lib_MCU\Debug\libLib_MCU.a(lpc17xx_gpio.o)
 .debug_macro   0x00000000      0x12e C:\Users\247644\Desktop\EmbeddedSystems\SysWbud\Lib_MCU\Debug\libLib_MCU.a(lpc17xx_gpio.o)
 .debug_macro   0x00000000      0x5b3 C:\Users\247644\Desktop\EmbeddedSystems\SysWbud\Lib_MCU\Debug\libLib_MCU.a(lpc17xx_gpio.o)
 .debug_macro   0x00000000      0x7b7 C:\Users\247644\Desktop\EmbeddedSystems\SysWbud\Lib_MCU\Debug\libLib_MCU.a(lpc17xx_gpio.o)
 .debug_macro   0x00000000      0x2c7 C:\Users\247644\Desktop\EmbeddedSystems\SysWbud\Lib_MCU\Debug\libLib_MCU.a(lpc17xx_gpio.o)
 .debug_macro   0x00000000       0x64 C:\Users\247644\Desktop\EmbeddedSystems\SysWbud\Lib_MCU\Debug\libLib_MCU.a(lpc17xx_gpio.o)
 .debug_macro   0x00000000       0x40 C:\Users\247644\Desktop\EmbeddedSystems\SysWbud\Lib_MCU\Debug\libLib_MCU.a(lpc17xx_gpio.o)
 .group         0x00000000        0xc C:\Users\247644\Desktop\EmbeddedSystems\SysWbud\Lib_MCU\Debug\libLib_MCU.a(lpc17xx_i2c.o)
 .group         0x00000000        0xc C:\Users\247644\Desktop\EmbeddedSystems\SysWbud\Lib_MCU\Debug\libLib_MCU.a(lpc17xx_i2c.o)
 .group         0x00000000        0xc C:\Users\247644\Desktop\EmbeddedSystems\SysWbud\Lib_MCU\Debug\libLib_MCU.a(lpc17xx_i2c.o)
 .group         0x00000000        0xc C:\Users\247644\Desktop\EmbeddedSystems\SysWbud\Lib_MCU\Debug\libLib_MCU.a(lpc17xx_i2c.o)
 .group         0x00000000        0xc C:\Users\247644\Desktop\EmbeddedSystems\SysWbud\Lib_MCU\Debug\libLib_MCU.a(lpc17xx_i2c.o)
 .group         0x00000000        0xc C:\Users\247644\Desktop\EmbeddedSystems\SysWbud\Lib_MCU\Debug\libLib_MCU.a(lpc17xx_i2c.o)
 .group         0x00000000        0xc C:\Users\247644\Desktop\EmbeddedSystems\SysWbud\Lib_MCU\Debug\libLib_MCU.a(lpc17xx_i2c.o)
 .group         0x00000000        0xc C:\Users\247644\Desktop\EmbeddedSystems\SysWbud\Lib_MCU\Debug\libLib_MCU.a(lpc17xx_i2c.o)
 .group         0x00000000        0xc C:\Users\247644\Desktop\EmbeddedSystems\SysWbud\Lib_MCU\Debug\libLib_MCU.a(lpc17xx_i2c.o)
 .group         0x00000000        0xc C:\Users\247644\Desktop\EmbeddedSystems\SysWbud\Lib_MCU\Debug\libLib_MCU.a(lpc17xx_i2c.o)
 .group         0x00000000        0xc C:\Users\247644\Desktop\EmbeddedSystems\SysWbud\Lib_MCU\Debug\libLib_MCU.a(lpc17xx_i2c.o)
 .group         0x00000000        0xc C:\Users\247644\Desktop\EmbeddedSystems\SysWbud\Lib_MCU\Debug\libLib_MCU.a(lpc17xx_i2c.o)
 .group         0x00000000        0xc C:\Users\247644\Desktop\EmbeddedSystems\SysWbud\Lib_MCU\Debug\libLib_MCU.a(lpc17xx_i2c.o)
 .text          0x00000000        0x0 C:\Users\247644\Desktop\EmbeddedSystems\SysWbud\Lib_MCU\Debug\libLib_MCU.a(lpc17xx_i2c.o)
 .data          0x00000000        0x0 C:\Users\247644\Desktop\EmbeddedSystems\SysWbud\Lib_MCU\Debug\libLib_MCU.a(lpc17xx_i2c.o)
 .text.I2C_DeInit
                0x00000000       0x80 C:\Users\247644\Desktop\EmbeddedSystems\SysWbud\Lib_MCU\Debug\libLib_MCU.a(lpc17xx_i2c.o)
 .text.I2C_MasterHandler
                0x00000000      0x410 C:\Users\247644\Desktop\EmbeddedSystems\SysWbud\Lib_MCU\Debug\libLib_MCU.a(lpc17xx_i2c.o)
 .text.I2C_SlaveHandler
                0x00000000      0x24c C:\Users\247644\Desktop\EmbeddedSystems\SysWbud\Lib_MCU\Debug\libLib_MCU.a(lpc17xx_i2c.o)
 .text.I2C_SlaveTransferData
                0x00000000      0x2b0 C:\Users\247644\Desktop\EmbeddedSystems\SysWbud\Lib_MCU\Debug\libLib_MCU.a(lpc17xx_i2c.o)
 .text.I2C_SetOwnSlaveAddr
                0x00000000       0xfc C:\Users\247644\Desktop\EmbeddedSystems\SysWbud\Lib_MCU\Debug\libLib_MCU.a(lpc17xx_i2c.o)
 .text.I2C_MonitorModeConfig
                0x00000000       0x84 C:\Users\247644\Desktop\EmbeddedSystems\SysWbud\Lib_MCU\Debug\libLib_MCU.a(lpc17xx_i2c.o)
 .text.I2C_MonitorModeCmd
                0x00000000       0x98 C:\Users\247644\Desktop\EmbeddedSystems\SysWbud\Lib_MCU\Debug\libLib_MCU.a(lpc17xx_i2c.o)
 .text.I2C_MonitorGetDatabuffer
                0x00000000       0x48 C:\Users\247644\Desktop\EmbeddedSystems\SysWbud\Lib_MCU\Debug\libLib_MCU.a(lpc17xx_i2c.o)
 .text.I2C_MonitorHandler
                0x00000000       0x50 C:\Users\247644\Desktop\EmbeddedSystems\SysWbud\Lib_MCU\Debug\libLib_MCU.a(lpc17xx_i2c.o)
 .text.I2C_MasterTransferComplete
                0x00000000       0x34 C:\Users\247644\Desktop\EmbeddedSystems\SysWbud\Lib_MCU\Debug\libLib_MCU.a(lpc17xx_i2c.o)
 .text.I2C_SlaveTransferComplete
                0x00000000       0x34 C:\Users\247644\Desktop\EmbeddedSystems\SysWbud\Lib_MCU\Debug\libLib_MCU.a(lpc17xx_i2c.o)
 .debug_macro   0x00000000      0xaa2 C:\Users\247644\Desktop\EmbeddedSystems\SysWbud\Lib_MCU\Debug\libLib_MCU.a(lpc17xx_i2c.o)
 .debug_macro   0x00000000       0x1c C:\Users\247644\Desktop\EmbeddedSystems\SysWbud\Lib_MCU\Debug\libLib_MCU.a(lpc17xx_i2c.o)
 .debug_macro   0x00000000       0x22 C:\Users\247644\Desktop\EmbeddedSystems\SysWbud\Lib_MCU\Debug\libLib_MCU.a(lpc17xx_i2c.o)
 .debug_macro   0x00000000       0x10 C:\Users\247644\Desktop\EmbeddedSystems\SysWbud\Lib_MCU\Debug\libLib_MCU.a(lpc17xx_i2c.o)
 .debug_macro   0x00000000      0x12e C:\Users\247644\Desktop\EmbeddedSystems\SysWbud\Lib_MCU\Debug\libLib_MCU.a(lpc17xx_i2c.o)
 .debug_macro   0x00000000      0x5b3 C:\Users\247644\Desktop\EmbeddedSystems\SysWbud\Lib_MCU\Debug\libLib_MCU.a(lpc17xx_i2c.o)
 .debug_macro   0x00000000      0x7b7 C:\Users\247644\Desktop\EmbeddedSystems\SysWbud\Lib_MCU\Debug\libLib_MCU.a(lpc17xx_i2c.o)
 .debug_macro   0x00000000      0x2c7 C:\Users\247644\Desktop\EmbeddedSystems\SysWbud\Lib_MCU\Debug\libLib_MCU.a(lpc17xx_i2c.o)
 .debug_macro   0x00000000       0x64 C:\Users\247644\Desktop\EmbeddedSystems\SysWbud\Lib_MCU\Debug\libLib_MCU.a(lpc17xx_i2c.o)
 .debug_macro   0x00000000      0x18c C:\Users\247644\Desktop\EmbeddedSystems\SysWbud\Lib_MCU\Debug\libLib_MCU.a(lpc17xx_i2c.o)
 .debug_macro   0x00000000       0xda C:\Users\247644\Desktop\EmbeddedSystems\SysWbud\Lib_MCU\Debug\libLib_MCU.a(lpc17xx_i2c.o)
 .group         0x00000000        0xc C:\Users\247644\Desktop\EmbeddedSystems\SysWbud\Lib_MCU\Debug\libLib_MCU.a(lpc17xx_pinsel.o)
 .group         0x00000000        0xc C:\Users\247644\Desktop\EmbeddedSystems\SysWbud\Lib_MCU\Debug\libLib_MCU.a(lpc17xx_pinsel.o)
 .group         0x00000000        0xc C:\Users\247644\Desktop\EmbeddedSystems\SysWbud\Lib_MCU\Debug\libLib_MCU.a(lpc17xx_pinsel.o)
 .group         0x00000000        0xc C:\Users\247644\Desktop\EmbeddedSystems\SysWbud\Lib_MCU\Debug\libLib_MCU.a(lpc17xx_pinsel.o)
 .group         0x00000000        0xc C:\Users\247644\Desktop\EmbeddedSystems\SysWbud\Lib_MCU\Debug\libLib_MCU.a(lpc17xx_pinsel.o)
 .group         0x00000000        0xc C:\Users\247644\Desktop\EmbeddedSystems\SysWbud\Lib_MCU\Debug\libLib_MCU.a(lpc17xx_pinsel.o)
 .group         0x00000000        0xc C:\Users\247644\Desktop\EmbeddedSystems\SysWbud\Lib_MCU\Debug\libLib_MCU.a(lpc17xx_pinsel.o)
 .group         0x00000000        0xc C:\Users\247644\Desktop\EmbeddedSystems\SysWbud\Lib_MCU\Debug\libLib_MCU.a(lpc17xx_pinsel.o)
 .group         0x00000000        0xc C:\Users\247644\Desktop\EmbeddedSystems\SysWbud\Lib_MCU\Debug\libLib_MCU.a(lpc17xx_pinsel.o)
 .group         0x00000000        0xc C:\Users\247644\Desktop\EmbeddedSystems\SysWbud\Lib_MCU\Debug\libLib_MCU.a(lpc17xx_pinsel.o)
 .text          0x00000000        0x0 C:\Users\247644\Desktop\EmbeddedSystems\SysWbud\Lib_MCU\Debug\libLib_MCU.a(lpc17xx_pinsel.o)
 .data          0x00000000        0x0 C:\Users\247644\Desktop\EmbeddedSystems\SysWbud\Lib_MCU\Debug\libLib_MCU.a(lpc17xx_pinsel.o)
 .bss           0x00000000        0x0 C:\Users\247644\Desktop\EmbeddedSystems\SysWbud\Lib_MCU\Debug\libLib_MCU.a(lpc17xx_pinsel.o)
 .text.PINSEL_ConfigTraceFunc
                0x00000000       0x40 C:\Users\247644\Desktop\EmbeddedSystems\SysWbud\Lib_MCU\Debug\libLib_MCU.a(lpc17xx_pinsel.o)
 .text.PINSEL_SetI2C0Pins
                0x00000000       0x38 C:\Users\247644\Desktop\EmbeddedSystems\SysWbud\Lib_MCU\Debug\libLib_MCU.a(lpc17xx_pinsel.o)
 .debug_macro   0x00000000      0xaa2 C:\Users\247644\Desktop\EmbeddedSystems\SysWbud\Lib_MCU\Debug\libLib_MCU.a(lpc17xx_pinsel.o)
 .debug_macro   0x00000000       0x1c C:\Users\247644\Desktop\EmbeddedSystems\SysWbud\Lib_MCU\Debug\libLib_MCU.a(lpc17xx_pinsel.o)
 .debug_macro   0x00000000       0x22 C:\Users\247644\Desktop\EmbeddedSystems\SysWbud\Lib_MCU\Debug\libLib_MCU.a(lpc17xx_pinsel.o)
 .debug_macro   0x00000000       0x10 C:\Users\247644\Desktop\EmbeddedSystems\SysWbud\Lib_MCU\Debug\libLib_MCU.a(lpc17xx_pinsel.o)
 .debug_macro   0x00000000      0x12e C:\Users\247644\Desktop\EmbeddedSystems\SysWbud\Lib_MCU\Debug\libLib_MCU.a(lpc17xx_pinsel.o)
 .debug_macro   0x00000000      0x5b3 C:\Users\247644\Desktop\EmbeddedSystems\SysWbud\Lib_MCU\Debug\libLib_MCU.a(lpc17xx_pinsel.o)
 .debug_macro   0x00000000      0x7b7 C:\Users\247644\Desktop\EmbeddedSystems\SysWbud\Lib_MCU\Debug\libLib_MCU.a(lpc17xx_pinsel.o)
 .debug_macro   0x00000000      0x2c7 C:\Users\247644\Desktop\EmbeddedSystems\SysWbud\Lib_MCU\Debug\libLib_MCU.a(lpc17xx_pinsel.o)
 .debug_macro   0x00000000       0x64 C:\Users\247644\Desktop\EmbeddedSystems\SysWbud\Lib_MCU\Debug\libLib_MCU.a(lpc17xx_pinsel.o)
 .debug_macro   0x00000000      0x140 C:\Users\247644\Desktop\EmbeddedSystems\SysWbud\Lib_MCU\Debug\libLib_MCU.a(lpc17xx_pinsel.o)
 .group         0x00000000        0xc C:\Users\247644\Desktop\EmbeddedSystems\SysWbud\Lib_MCU\Debug\libLib_MCU.a(lpc17xx_timer.o)
 .group         0x00000000        0xc C:\Users\247644\Desktop\EmbeddedSystems\SysWbud\Lib_MCU\Debug\libLib_MCU.a(lpc17xx_timer.o)
 .group         0x00000000        0xc C:\Users\247644\Desktop\EmbeddedSystems\SysWbud\Lib_MCU\Debug\libLib_MCU.a(lpc17xx_timer.o)
 .group         0x00000000        0xc C:\Users\247644\Desktop\EmbeddedSystems\SysWbud\Lib_MCU\Debug\libLib_MCU.a(lpc17xx_timer.o)
 .group         0x00000000        0xc C:\Users\247644\Desktop\EmbeddedSystems\SysWbud\Lib_MCU\Debug\libLib_MCU.a(lpc17xx_timer.o)
 .group         0x00000000        0xc C:\Users\247644\Desktop\EmbeddedSystems\SysWbud\Lib_MCU\Debug\libLib_MCU.a(lpc17xx_timer.o)
 .group         0x00000000        0xc C:\Users\247644\Desktop\EmbeddedSystems\SysWbud\Lib_MCU\Debug\libLib_MCU.a(lpc17xx_timer.o)
 .group         0x00000000        0xc C:\Users\247644\Desktop\EmbeddedSystems\SysWbud\Lib_MCU\Debug\libLib_MCU.a(lpc17xx_timer.o)
 .group         0x00000000        0xc C:\Users\247644\Desktop\EmbeddedSystems\SysWbud\Lib_MCU\Debug\libLib_MCU.a(lpc17xx_timer.o)
 .group         0x00000000        0xc C:\Users\247644\Desktop\EmbeddedSystems\SysWbud\Lib_MCU\Debug\libLib_MCU.a(lpc17xx_timer.o)
 .group         0x00000000        0xc C:\Users\247644\Desktop\EmbeddedSystems\SysWbud\Lib_MCU\Debug\libLib_MCU.a(lpc17xx_timer.o)
 .group         0x00000000        0xc C:\Users\247644\Desktop\EmbeddedSystems\SysWbud\Lib_MCU\Debug\libLib_MCU.a(lpc17xx_timer.o)
 .group         0x00000000        0xc C:\Users\247644\Desktop\EmbeddedSystems\SysWbud\Lib_MCU\Debug\libLib_MCU.a(lpc17xx_timer.o)
 .text          0x00000000        0x0 C:\Users\247644\Desktop\EmbeddedSystems\SysWbud\Lib_MCU\Debug\libLib_MCU.a(lpc17xx_timer.o)
 .data          0x00000000        0x0 C:\Users\247644\Desktop\EmbeddedSystems\SysWbud\Lib_MCU\Debug\libLib_MCU.a(lpc17xx_timer.o)
 .bss           0x00000000        0x0 C:\Users\247644\Desktop\EmbeddedSystems\SysWbud\Lib_MCU\Debug\libLib_MCU.a(lpc17xx_timer.o)
 .text.TIM_GetIntCaptureStatus
                0x00000000       0x9c C:\Users\247644\Desktop\EmbeddedSystems\SysWbud\Lib_MCU\Debug\libLib_MCU.a(lpc17xx_timer.o)
 .text.TIM_ClearIntCapturePending
                0x00000000       0x88 C:\Users\247644\Desktop\EmbeddedSystems\SysWbud\Lib_MCU\Debug\libLib_MCU.a(lpc17xx_timer.o)
 .text.TIM_ConfigStructInit
                0x00000000       0x38 C:\Users\247644\Desktop\EmbeddedSystems\SysWbud\Lib_MCU\Debug\libLib_MCU.a(lpc17xx_timer.o)
 .text.TIM_DeInit
                0x00000000       0x9c C:\Users\247644\Desktop\EmbeddedSystems\SysWbud\Lib_MCU\Debug\libLib_MCU.a(lpc17xx_timer.o)
 .text.TIM_ResetCounter
                0x00000000       0x64 C:\Users\247644\Desktop\EmbeddedSystems\SysWbud\Lib_MCU\Debug\libLib_MCU.a(lpc17xx_timer.o)
 .text.TIM_UpdateMatchValue
                0x00000000       0x90 C:\Users\247644\Desktop\EmbeddedSystems\SysWbud\Lib_MCU\Debug\libLib_MCU.a(lpc17xx_timer.o)
 .text.TIM_ConfigCapture
                0x00000000       0xdc C:\Users\247644\Desktop\EmbeddedSystems\SysWbud\Lib_MCU\Debug\libLib_MCU.a(lpc17xx_timer.o)
 .text.TIM_GetCaptureValue
                0x00000000       0x74 C:\Users\247644\Desktop\EmbeddedSystems\SysWbud\Lib_MCU\Debug\libLib_MCU.a(lpc17xx_timer.o)
 .text.Timer0_us_Wait
                0x00000000       0x74 C:\Users\247644\Desktop\EmbeddedSystems\SysWbud\Lib_MCU\Debug\libLib_MCU.a(lpc17xx_timer.o)
 .debug_macro   0x00000000      0xaa2 C:\Users\247644\Desktop\EmbeddedSystems\SysWbud\Lib_MCU\Debug\libLib_MCU.a(lpc17xx_timer.o)
 .debug_macro   0x00000000       0x1c C:\Users\247644\Desktop\EmbeddedSystems\SysWbud\Lib_MCU\Debug\libLib_MCU.a(lpc17xx_timer.o)
 .debug_macro   0x00000000       0x22 C:\Users\247644\Desktop\EmbeddedSystems\SysWbud\Lib_MCU\Debug\libLib_MCU.a(lpc17xx_timer.o)
 .debug_macro   0x00000000       0x10 C:\Users\247644\Desktop\EmbeddedSystems\SysWbud\Lib_MCU\Debug\libLib_MCU.a(lpc17xx_timer.o)
 .debug_macro   0x00000000      0x12e C:\Users\247644\Desktop\EmbeddedSystems\SysWbud\Lib_MCU\Debug\libLib_MCU.a(lpc17xx_timer.o)
 .debug_macro   0x00000000      0x5b3 C:\Users\247644\Desktop\EmbeddedSystems\SysWbud\Lib_MCU\Debug\libLib_MCU.a(lpc17xx_timer.o)
 .debug_macro   0x00000000      0x7b7 C:\Users\247644\Desktop\EmbeddedSystems\SysWbud\Lib_MCU\Debug\libLib_MCU.a(lpc17xx_timer.o)
 .debug_macro   0x00000000      0x2c7 C:\Users\247644\Desktop\EmbeddedSystems\SysWbud\Lib_MCU\Debug\libLib_MCU.a(lpc17xx_timer.o)
 .debug_macro   0x00000000       0x64 C:\Users\247644\Desktop\EmbeddedSystems\SysWbud\Lib_MCU\Debug\libLib_MCU.a(lpc17xx_timer.o)
 .debug_macro   0x00000000      0x2fa C:\Users\247644\Desktop\EmbeddedSystems\SysWbud\Lib_MCU\Debug\libLib_MCU.a(lpc17xx_timer.o)
 .debug_macro   0x00000000      0x146 C:\Users\247644\Desktop\EmbeddedSystems\SysWbud\Lib_MCU\Debug\libLib_MCU.a(lpc17xx_timer.o)
 .debug_macro   0x00000000       0xda C:\Users\247644\Desktop\EmbeddedSystems\SysWbud\Lib_MCU\Debug\libLib_MCU.a(lpc17xx_timer.o)
 .group         0x00000000        0xc C:\Users\247644\Desktop\EmbeddedSystems\SysWbud\Lib_MCU\Debug\libLib_MCU.a(lpc17xx_clkpwr.o)
 .group         0x00000000        0xc C:\Users\247644\Desktop\EmbeddedSystems\SysWbud\Lib_MCU\Debug\libLib_MCU.a(lpc17xx_clkpwr.o)
 .group         0x00000000        0xc C:\Users\247644\Desktop\EmbeddedSystems\SysWbud\Lib_MCU\Debug\libLib_MCU.a(lpc17xx_clkpwr.o)
 .group         0x00000000        0xc C:\Users\247644\Desktop\EmbeddedSystems\SysWbud\Lib_MCU\Debug\libLib_MCU.a(lpc17xx_clkpwr.o)
 .group         0x00000000        0xc C:\Users\247644\Desktop\EmbeddedSystems\SysWbud\Lib_MCU\Debug\libLib_MCU.a(lpc17xx_clkpwr.o)
 .group         0x00000000        0xc C:\Users\247644\Desktop\EmbeddedSystems\SysWbud\Lib_MCU\Debug\libLib_MCU.a(lpc17xx_clkpwr.o)
 .group         0x00000000        0xc C:\Users\247644\Desktop\EmbeddedSystems\SysWbud\Lib_MCU\Debug\libLib_MCU.a(lpc17xx_clkpwr.o)
 .group         0x00000000        0xc C:\Users\247644\Desktop\EmbeddedSystems\SysWbud\Lib_MCU\Debug\libLib_MCU.a(lpc17xx_clkpwr.o)
 .group         0x00000000        0xc C:\Users\247644\Desktop\EmbeddedSystems\SysWbud\Lib_MCU\Debug\libLib_MCU.a(lpc17xx_clkpwr.o)
 .group         0x00000000        0xc C:\Users\247644\Desktop\EmbeddedSystems\SysWbud\Lib_MCU\Debug\libLib_MCU.a(lpc17xx_clkpwr.o)
 .text          0x00000000        0x0 C:\Users\247644\Desktop\EmbeddedSystems\SysWbud\Lib_MCU\Debug\libLib_MCU.a(lpc17xx_clkpwr.o)
 .data          0x00000000        0x0 C:\Users\247644\Desktop\EmbeddedSystems\SysWbud\Lib_MCU\Debug\libLib_MCU.a(lpc17xx_clkpwr.o)
 .bss           0x00000000        0x0 C:\Users\247644\Desktop\EmbeddedSystems\SysWbud\Lib_MCU\Debug\libLib_MCU.a(lpc17xx_clkpwr.o)
 .text.__WFI    0x00000000        0xe C:\Users\247644\Desktop\EmbeddedSystems\SysWbud\Lib_MCU\Debug\libLib_MCU.a(lpc17xx_clkpwr.o)
 .text.CLKPWR_Sleep
                0x00000000       0x18 C:\Users\247644\Desktop\EmbeddedSystems\SysWbud\Lib_MCU\Debug\libLib_MCU.a(lpc17xx_clkpwr.o)
 .text.CLKPWR_DeepSleep
                0x00000000       0x24 C:\Users\247644\Desktop\EmbeddedSystems\SysWbud\Lib_MCU\Debug\libLib_MCU.a(lpc17xx_clkpwr.o)
 .text.CLKPWR_PowerDown
                0x00000000       0x24 C:\Users\247644\Desktop\EmbeddedSystems\SysWbud\Lib_MCU\Debug\libLib_MCU.a(lpc17xx_clkpwr.o)
 .text.CLKPWR_DeepPowerDown
                0x00000000       0x24 C:\Users\247644\Desktop\EmbeddedSystems\SysWbud\Lib_MCU\Debug\libLib_MCU.a(lpc17xx_clkpwr.o)
 .debug_macro   0x00000000      0xaa2 C:\Users\247644\Desktop\EmbeddedSystems\SysWbud\Lib_MCU\Debug\libLib_MCU.a(lpc17xx_clkpwr.o)
 .debug_macro   0x00000000       0x1c C:\Users\247644\Desktop\EmbeddedSystems\SysWbud\Lib_MCU\Debug\libLib_MCU.a(lpc17xx_clkpwr.o)
 .debug_macro   0x00000000       0x22 C:\Users\247644\Desktop\EmbeddedSystems\SysWbud\Lib_MCU\Debug\libLib_MCU.a(lpc17xx_clkpwr.o)
 .debug_macro   0x00000000       0x10 C:\Users\247644\Desktop\EmbeddedSystems\SysWbud\Lib_MCU\Debug\libLib_MCU.a(lpc17xx_clkpwr.o)
 .debug_macro   0x00000000      0x12e C:\Users\247644\Desktop\EmbeddedSystems\SysWbud\Lib_MCU\Debug\libLib_MCU.a(lpc17xx_clkpwr.o)
 .debug_macro   0x00000000      0x5b3 C:\Users\247644\Desktop\EmbeddedSystems\SysWbud\Lib_MCU\Debug\libLib_MCU.a(lpc17xx_clkpwr.o)
 .debug_macro   0x00000000      0x7b7 C:\Users\247644\Desktop\EmbeddedSystems\SysWbud\Lib_MCU\Debug\libLib_MCU.a(lpc17xx_clkpwr.o)
 .debug_macro   0x00000000      0x2c7 C:\Users\247644\Desktop\EmbeddedSystems\SysWbud\Lib_MCU\Debug\libLib_MCU.a(lpc17xx_clkpwr.o)
 .debug_macro   0x00000000       0x64 C:\Users\247644\Desktop\EmbeddedSystems\SysWbud\Lib_MCU\Debug\libLib_MCU.a(lpc17xx_clkpwr.o)
 .data          0x00000000        0x0 c:/nxp/mcuxpressoide_11.3.1_5262/ide/plugins/com.nxp.mcuxpresso.tools.win32_11.3.0.202008311133/tools/bin/../lib/gcc/arm-none-eabi/9.3.1/thumb/v7-m/nofp\libgcc.a(_aeabi_uldivmod.o)
 .bss           0x00000000        0x0 c:/nxp/mcuxpressoide_11.3.1_5262/ide/plugins/com.nxp.mcuxpresso.tools.win32_11.3.0.202008311133/tools/bin/../lib/gcc/arm-none-eabi/9.3.1/thumb/v7-m/nofp\libgcc.a(_aeabi_uldivmod.o)
 .data          0x00000000        0x0 c:/nxp/mcuxpressoide_11.3.1_5262/ide/plugins/com.nxp.mcuxpresso.tools.win32_11.3.0.202008311133/tools/bin/../lib/gcc/arm-none-eabi/9.3.1/thumb/v7-m/nofp\libgcc.a(_udivmoddi4.o)
 .bss           0x00000000        0x0 c:/nxp/mcuxpressoide_11.3.1_5262/ide/plugins/com.nxp.mcuxpresso.tools.win32_11.3.0.202008311133/tools/bin/../lib/gcc/arm-none-eabi/9.3.1/thumb/v7-m/nofp\libgcc.a(_udivmoddi4.o)
 .ARM.extab     0x00000000        0x0 c:/nxp/mcuxpressoide_11.3.1_5262/ide/plugins/com.nxp.mcuxpresso.tools.win32_11.3.0.202008311133/tools/bin/../lib/gcc/arm-none-eabi/9.3.1/thumb/v7-m/nofp\libgcc.a(_udivmoddi4.o)
 .data          0x00000000        0x0 c:/nxp/mcuxpressoide_11.3.1_5262/ide/plugins/com.nxp.mcuxpresso.tools.win32_11.3.0.202008311133/tools/bin/../lib/gcc/arm-none-eabi/9.3.1/thumb/v7-m/nofp\libgcc.a(_dvmd_tls.o)
 .bss           0x00000000        0x0 c:/nxp/mcuxpressoide_11.3.1_5262/ide/plugins/com.nxp.mcuxpresso.tools.win32_11.3.0.202008311133/tools/bin/../lib/gcc/arm-none-eabi/9.3.1/thumb/v7-m/nofp\libgcc.a(_dvmd_tls.o)

Memory Configuration

Name             Origin             Length             Attributes
MFlash512        0x00000000         0x00080000         xr
RamLoc32         0x10000000         0x00008000         xrw
RamAHB32         0x2007c000         0x00008000         xrw
*default*        0x00000000         0xffffffff

Linker script and memory map

LOAD ./src/cr_startup_lpc17.o
LOAD ./src/main.o
LOAD C:\Users\247644\Desktop\EmbeddedSystems\SysWbud\Lib_CMSISv1p30_LPC17xx\Debug\libCMSISv1p30_LPC17xx.a
LOAD C:\Users\247644\Desktop\EmbeddedSystems\SysWbud\Lib_EaBaseBoard\Debug\libLib_EaBaseBoard.a
LOAD C:\Users\247644\Desktop\EmbeddedSystems\SysWbud\Lib_MCU\Debug\libLib_MCU.a
START GROUP
LOAD c:/nxp/mcuxpressoide_11.3.1_5262/ide/plugins/com.nxp.mcuxpresso.tools.win32_11.3.0.202008311133/tools/bin/../lib/gcc/arm-none-eabi/9.3.1/thumb/v7-m/nofp\libgcc.a
LOAD c:/nxp/mcuxpressoide_11.3.1_5262/ide/plugins/com.nxp.mcuxpresso.tools.win32_11.3.0.202008311133/tools/bin/../lib/gcc/arm-none-eabi/9.3.1/../../../../arm-none-eabi/lib/thumb/v7-m/nofp\libc.a
LOAD c:/nxp/mcuxpressoide_11.3.1_5262/ide/plugins/com.nxp.mcuxpresso.tools.win32_11.3.0.202008311133/tools/bin/../lib/gcc/arm-none-eabi/9.3.1/../../../../arm-none-eabi/lib/thumb/v7-m/nofp\libm.a
LOAD c:/nxp/mcuxpressoide_11.3.1_5262/ide/plugins/com.nxp.mcuxpresso.tools.win32_11.3.0.202008311133/tools/bin/../lib/gcc/arm-none-eabi/9.3.1/../../../../arm-none-eabi/lib/thumb/v7-m/nofp\libcr_newlib_semihost.a
END GROUP
                0x00000000                __base_MFlash512 = 0x0
                0x00000000                __base_Flash = 0x0
                0x00080000                __top_MFlash512 = 0x80000
                0x00080000                __top_Flash = 0x80000
                0x10000000                __base_RamLoc32 = 0x10000000
                0x10000000                __base_RAM = 0x10000000
                0x10008000                __top_RamLoc32 = 0x10008000
                0x10008000                __top_RAM = 0x10008000
                0x2007c000                __base_RamAHB32 = 0x2007c000
                0x2007c000                __base_RAM2 = 0x2007c000
                0x20084000                __top_RamAHB32 = 0x20084000
                0x20084000                __top_RAM2 = 0x20084000

.text           0x00000000     0x1b00
 FILL mask 0xff
                0x00000000                __vectors_start__ = ABSOLUTE (.)
 *(.isr_vector)
 .isr_vector    0x00000000       0xcc ./src/cr_startup_lpc17.o
                0x00000000                g_pfnVectors
                0x000000cc                . = ALIGN (0x4)
                0x000000cc                __section_table_start = .
                0x000000cc                __data_section_table = .
                0x000000cc        0x4 LONG 0x1b08 LOADADDR (.data)
                0x000000d0        0x4 LONG 0x10000000 ADDR (.data)
                0x000000d4        0x4 LONG 0x4 SIZEOF (.data)
                0x000000d8        0x4 LONG 0x1b08 LOADADDR (.data_RAM2)
                0x000000dc        0x4 LONG 0x2007c000 ADDR (.data_RAM2)
                0x000000e0        0x4 LONG 0x0 SIZEOF (.data_RAM2)
                0x000000e4                __data_section_table_end = .
                0x000000e4                __bss_section_table = .
                0x000000e4        0x4 LONG 0x10000004 ADDR (.bss)
                0x000000e8        0x4 LONG 0x3c SIZEOF (.bss)
                0x000000ec        0x4 LONG 0x2007c000 ADDR (.bss_RAM2)
                0x000000f0        0x4 LONG 0x0 SIZEOF (.bss_RAM2)
                0x000000f4                __bss_section_table_end = .
                0x000000f4                __section_table_end = .
 *(.after_vectors*)
 *(.text*)
 .text.ResetISR
                0x000000f4       0x58 ./src/cr_startup_lpc17.o
                0x000000f4                ResetISR
 .text.NMI_Handler
                0x0000014c        0x6 ./src/cr_startup_lpc17.o
                0x0000014c                NMI_Handler
 .text.HardFault_Handler
                0x00000152        0x6 ./src/cr_startup_lpc17.o
                0x00000152                HardFault_Handler
 .text.MemManage_Handler
                0x00000158        0x6 ./src/cr_startup_lpc17.o
                0x00000158                MemManage_Handler
 .text.BusFault_Handler
                0x0000015e        0x6 ./src/cr_startup_lpc17.o
                0x0000015e                BusFault_Handler
 .text.UsageFault_Handler
                0x00000164        0x6 ./src/cr_startup_lpc17.o
                0x00000164                UsageFault_Handler
 .text.SVCall_Handler
                0x0000016a        0x6 ./src/cr_startup_lpc17.o
                0x0000016a                SVCall_Handler
 .text.DebugMon_Handler
                0x00000170        0x6 ./src/cr_startup_lpc17.o
                0x00000170                DebugMon_Handler
 .text.PendSV_Handler
                0x00000176        0x6 ./src/cr_startup_lpc17.o
                0x00000176                PendSV_Handler
 .text.SysTick_Handler
                0x0000017c        0x6 ./src/cr_startup_lpc17.o
                0x0000017c                SysTick_Handler
 .text.IntDefaultHandler
                0x00000182        0x6 ./src/cr_startup_lpc17.o
                0x00000182                TIMER2_IRQHandler
                0x00000182                RIT_IRQHandler
                0x00000182                I2C0_IRQHandler
                0x00000182                USBActivity_IRQHandler
                0x00000182                PWM1_IRQHandler
                0x00000182                I2C1_IRQHandler
                0x00000182                EINT2_IRQHandler
                0x00000182                UART1_IRQHandler
                0x00000182                EINT3_IRQHandler
                0x00000182                CANActivity_IRQHandler
                0x00000182                TIMER3_IRQHandler
                0x00000182                UART0_IRQHandler
                0x00000182                IntDefaultHandler
                0x00000182                PLL0_IRQHandler
                0x00000182                CAN_IRQHandler
                0x00000182                PLL1_IRQHandler
                0x00000182                SSP0_IRQHandler
                0x00000182                I2S_IRQHandler
                0x00000182                I2C2_IRQHandler
                0x00000182                RTC_IRQHandler
                0x00000182                TIMER0_IRQHandler
                0x00000182                SPI_IRQHandler
                0x00000182                EINT1_IRQHandler
                0x00000182                TIMER1_IRQHandler
                0x00000182                UART2_IRQHandler
                0x00000182                ADC_IRQHandler
                0x00000182                SSP1_IRQHandler
                0x00000182                USB_IRQHandler
                0x00000182                BOD_IRQHandler
                0x00000182                WDT_IRQHandler
                0x00000182                QEI_IRQHandler
                0x00000182                EINT0_IRQHandler
                0x00000182                DMA_IRQHandler
                0x00000182                UART3_IRQHandler
                0x00000182                MCPWM_IRQHandler
                0x00000182                ENET_IRQHandler
 .text.main     0x00000188      0x170 ./src/main.o
                0x00000188                main
 .text.check_failed
                0x000002f8        0xc ./src/main.o
                0x000002f8                check_failed
 .text.SystemInit
                0x00000304      0x140 C:\Users\247644\Desktop\EmbeddedSystems\SysWbud\Lib_CMSISv1p30_LPC17xx\Debug\libCMSISv1p30_LPC17xx.a(system_LPC17xx.o)
                0x00000304                SystemInit
 .text.joystick_init
                0x00000444       0x1e C:\Users\247644\Desktop\EmbeddedSystems\SysWbud\Lib_EaBaseBoard\Debug\libLib_EaBaseBoard.a(joystick.o)
                0x00000444                joystick_init
 .text.joystick_read
                0x00000462       0x86 C:\Users\247644\Desktop\EmbeddedSystems\SysWbud\Lib_EaBaseBoard\Debug\libLib_EaBaseBoard.a(joystick.o)
                0x00000462                joystick_read
 .text.I2CWrite
                0x000004e8       0x50 C:\Users\247644\Desktop\EmbeddedSystems\SysWbud\Lib_EaBaseBoard\Debug\libLib_EaBaseBoard.a(pca9532.o)
 .text.setLsStates
                0x00000538       0xa6 C:\Users\247644\Desktop\EmbeddedSystems\SysWbud\Lib_EaBaseBoard\Debug\libLib_EaBaseBoard.a(pca9532.o)
 *fill*         0x000005de        0x2 ff
 .text.setLeds  0x000005e0       0x70 C:\Users\247644\Desktop\EmbeddedSystems\SysWbud\Lib_EaBaseBoard\Debug\libLib_EaBaseBoard.a(pca9532.o)
 .text.pca9532_init
                0x00000650        0xc C:\Users\247644\Desktop\EmbeddedSystems\SysWbud\Lib_EaBaseBoard\Debug\libLib_EaBaseBoard.a(pca9532.o)
                0x00000650                pca9532_init
 .text.pca9532_setLeds
                0x0000065c       0x80 C:\Users\247644\Desktop\EmbeddedSystems\SysWbud\Lib_EaBaseBoard\Debug\libLib_EaBaseBoard.a(pca9532.o)
                0x0000065c                pca9532_setLeds
 .text.GPIO_GetPointer
                0x000006dc       0x70 C:\Users\247644\Desktop\EmbeddedSystems\SysWbud\Lib_MCU\Debug\libLib_MCU.a(lpc17xx_gpio.o)
 .text.GPIO_SetDir
                0x0000074c       0x4a C:\Users\247644\Desktop\EmbeddedSystems\SysWbud\Lib_MCU\Debug\libLib_MCU.a(lpc17xx_gpio.o)
                0x0000074c                GPIO_SetDir
 .text.GPIO_ReadValue
                0x00000796       0x2a C:\Users\247644\Desktop\EmbeddedSystems\SysWbud\Lib_MCU\Debug\libLib_MCU.a(lpc17xx_gpio.o)
                0x00000796                GPIO_ReadValue
 .text.NVIC_EnableIRQ
                0x000007c0       0x30 C:\Users\247644\Desktop\EmbeddedSystems\SysWbud\Lib_MCU\Debug\libLib_MCU.a(lpc17xx_i2c.o)
 .text.NVIC_DisableIRQ
                0x000007f0       0x34 C:\Users\247644\Desktop\EmbeddedSystems\SysWbud\Lib_MCU\Debug\libLib_MCU.a(lpc17xx_i2c.o)
 .text.I2C_getNum
                0x00000824       0x48 C:\Users\247644\Desktop\EmbeddedSystems\SysWbud\Lib_MCU\Debug\libLib_MCU.a(lpc17xx_i2c.o)
 .text.I2C_Start
                0x0000086c       0x3a C:\Users\247644\Desktop\EmbeddedSystems\SysWbud\Lib_MCU\Debug\libLib_MCU.a(lpc17xx_i2c.o)
 .text.I2C_Stop
                0x000008a6       0x30 C:\Users\247644\Desktop\EmbeddedSystems\SysWbud\Lib_MCU\Debug\libLib_MCU.a(lpc17xx_i2c.o)
 .text.I2C_SendByte
                0x000008d6       0x4a C:\Users\247644\Desktop\EmbeddedSystems\SysWbud\Lib_MCU\Debug\libLib_MCU.a(lpc17xx_i2c.o)
 .text.I2C_GetByte
                0x00000920       0x52 C:\Users\247644\Desktop\EmbeddedSystems\SysWbud\Lib_MCU\Debug\libLib_MCU.a(lpc17xx_i2c.o)
 *fill*         0x00000972        0x2 ff
 .text.I2C_SetClock
                0x00000974       0xa4 C:\Users\247644\Desktop\EmbeddedSystems\SysWbud\Lib_MCU\Debug\libLib_MCU.a(lpc17xx_i2c.o)
 .text.I2C_Init
                0x00000a18       0xa4 C:\Users\247644\Desktop\EmbeddedSystems\SysWbud\Lib_MCU\Debug\libLib_MCU.a(lpc17xx_i2c.o)
                0x00000a18                I2C_Init
 .text.I2C_Cmd  0x00000abc       0x70 C:\Users\247644\Desktop\EmbeddedSystems\SysWbud\Lib_MCU\Debug\libLib_MCU.a(lpc17xx_i2c.o)
                0x00000abc                I2C_Cmd
 .text.I2C_IntCmd
                0x00000b2c       0x88 C:\Users\247644\Desktop\EmbeddedSystems\SysWbud\Lib_MCU\Debug\libLib_MCU.a(lpc17xx_i2c.o)
                0x00000b2c                I2C_IntCmd
 .text.I2C_MasterTransferData
                0x00000bb4      0x2cc C:\Users\247644\Desktop\EmbeddedSystems\SysWbud\Lib_MCU\Debug\libLib_MCU.a(lpc17xx_i2c.o)
                0x00000bb4                I2C_MasterTransferData
 .text.set_PinFunc
                0x00000e80       0x80 C:\Users\247644\Desktop\EmbeddedSystems\SysWbud\Lib_MCU\Debug\libLib_MCU.a(lpc17xx_pinsel.o)
 .text.set_ResistorMode
                0x00000f00       0x80 C:\Users\247644\Desktop\EmbeddedSystems\SysWbud\Lib_MCU\Debug\libLib_MCU.a(lpc17xx_pinsel.o)
 .text.set_OpenDrainMode
                0x00000f80       0x68 C:\Users\247644\Desktop\EmbeddedSystems\SysWbud\Lib_MCU\Debug\libLib_MCU.a(lpc17xx_pinsel.o)
 .text.PINSEL_ConfigPin
                0x00000fe8       0x46 C:\Users\247644\Desktop\EmbeddedSystems\SysWbud\Lib_MCU\Debug\libLib_MCU.a(lpc17xx_pinsel.o)
                0x00000fe8                PINSEL_ConfigPin
 *fill*         0x0000102e        0x2 ff
 .text.getPClock
                0x00001030       0x58 C:\Users\247644\Desktop\EmbeddedSystems\SysWbud\Lib_MCU\Debug\libLib_MCU.a(lpc17xx_timer.o)
 .text.converUSecToVal
                0x00001088       0x5c C:\Users\247644\Desktop\EmbeddedSystems\SysWbud\Lib_MCU\Debug\libLib_MCU.a(lpc17xx_timer.o)
 .text.converPtrToTimeNum
                0x000010e4       0x5c C:\Users\247644\Desktop\EmbeddedSystems\SysWbud\Lib_MCU\Debug\libLib_MCU.a(lpc17xx_timer.o)
 .text.TIM_GetIntStatus
                0x00001140       0x98 C:\Users\247644\Desktop\EmbeddedSystems\SysWbud\Lib_MCU\Debug\libLib_MCU.a(lpc17xx_timer.o)
                0x00001140                TIM_GetIntStatus
 .text.TIM_ClearIntPending
                0x000011d8       0x88 C:\Users\247644\Desktop\EmbeddedSystems\SysWbud\Lib_MCU\Debug\libLib_MCU.a(lpc17xx_timer.o)
                0x000011d8                TIM_ClearIntPending
 .text.TIM_Init
                0x00001260      0x184 C:\Users\247644\Desktop\EmbeddedSystems\SysWbud\Lib_MCU\Debug\libLib_MCU.a(lpc17xx_timer.o)
                0x00001260                TIM_Init
 .text.TIM_Cmd  0x000013e4       0x70 C:\Users\247644\Desktop\EmbeddedSystems\SysWbud\Lib_MCU\Debug\libLib_MCU.a(lpc17xx_timer.o)
                0x000013e4                TIM_Cmd
 .text.TIM_ConfigMatch
                0x00001454      0x184 C:\Users\247644\Desktop\EmbeddedSystems\SysWbud\Lib_MCU\Debug\libLib_MCU.a(lpc17xx_timer.o)
                0x00001454                TIM_ConfigMatch
 .text.Timer0_Wait
                0x000015d8       0x76 C:\Users\247644\Desktop\EmbeddedSystems\SysWbud\Lib_MCU\Debug\libLib_MCU.a(lpc17xx_timer.o)
                0x000015d8                Timer0_Wait
 *fill*         0x0000164e        0x2 ff
 .text.CLKPWR_SetPCLKDiv
                0x00001650       0x90 C:\Users\247644\Desktop\EmbeddedSystems\SysWbud\Lib_MCU\Debug\libLib_MCU.a(lpc17xx_clkpwr.o)
                0x00001650                CLKPWR_SetPCLKDiv
 .text.CLKPWR_GetPCLKSEL
                0x000016e0       0x48 C:\Users\247644\Desktop\EmbeddedSystems\SysWbud\Lib_MCU\Debug\libLib_MCU.a(lpc17xx_clkpwr.o)
                0x000016e0                CLKPWR_GetPCLKSEL
 .text.CLKPWR_GetPCLK
                0x00001728       0x64 C:\Users\247644\Desktop\EmbeddedSystems\SysWbud\Lib_MCU\Debug\libLib_MCU.a(lpc17xx_clkpwr.o)
                0x00001728                CLKPWR_GetPCLK
 .text.CLKPWR_ConfigPPWR
                0x0000178c       0x58 C:\Users\247644\Desktop\EmbeddedSystems\SysWbud\Lib_MCU\Debug\libLib_MCU.a(lpc17xx_clkpwr.o)
                0x0000178c                CLKPWR_ConfigPPWR
 .text          0x000017e4       0x30 c:/nxp/mcuxpressoide_11.3.1_5262/ide/plugins/com.nxp.mcuxpresso.tools.win32_11.3.0.202008311133/tools/bin/../lib/gcc/arm-none-eabi/9.3.1/thumb/v7-m/nofp\libgcc.a(_aeabi_uldivmod.o)
                0x000017e4                __aeabi_uldivmod
 .text          0x00001814      0x2c4 c:/nxp/mcuxpressoide_11.3.1_5262/ide/plugins/com.nxp.mcuxpresso.tools.win32_11.3.0.202008311133/tools/bin/../lib/gcc/arm-none-eabi/9.3.1/thumb/v7-m/nofp\libgcc.a(_udivmoddi4.o)
                0x00001814                __udivmoddi4
 .text          0x00001ad8        0x4 c:/nxp/mcuxpressoide_11.3.1_5262/ide/plugins/com.nxp.mcuxpresso.tools.win32_11.3.0.202008311133/tools/bin/../lib/gcc/arm-none-eabi/9.3.1/thumb/v7-m/nofp\libgcc.a(_dvmd_tls.o)
                0x00001ad8                __aeabi_idiv0
                0x00001ad8                __aeabi_ldiv0
 *(.rodata .rodata.* .constdata .constdata.*)
 .rodata.str1.4
                0x00001adc        0xf C:\Users\247644\Desktop\EmbeddedSystems\SysWbud\Lib_MCU\Debug\libLib_MCU.a(lpc17xx_i2c.o)
 *fill*         0x00001aeb        0x1 ff
 .rodata.str1.4
                0x00001aec       0x11 C:\Users\247644\Desktop\EmbeddedSystems\SysWbud\Lib_MCU\Debug\libLib_MCU.a(lpc17xx_timer.o)
                0x00001b00                . = ALIGN (0x4)
 *fill*         0x00001afd        0x3 ff

.glue_7         0x00001b00        0x0
 .glue_7        0x00001b00        0x0 linker stubs

.glue_7t        0x00001b00        0x0
 .glue_7t       0x00001b00        0x0 linker stubs

.vfp11_veneer   0x00001b00        0x0
 .vfp11_veneer  0x00001b00        0x0 linker stubs

.v4_bx          0x00001b00        0x0
 .v4_bx         0x00001b00        0x0 linker stubs

.iplt           0x00001b00        0x0
 .iplt          0x00001b00        0x0 ./src/cr_startup_lpc17.o

.ARM.extab
 *(.ARM.extab* .gnu.linkonce.armextab.*)

.ARM.exidx      0x00001b00        0x8
                0x00001b00                __exidx_start = .
 *(.ARM.exidx* .gnu.linkonce.armexidx.*)
 .ARM.exidx     0x00001b00        0x8 c:/nxp/mcuxpressoide_11.3.1_5262/ide/plugins/com.nxp.mcuxpresso.tools.win32_11.3.0.202008311133/tools/bin/../lib/gcc/arm-none-eabi/9.3.1/thumb/v7-m/nofp\libgcc.a(_udivmoddi4.o)
                0x00001b08                __exidx_end = .
                0x00001b08                _etext = .

.rel.dyn        0x00001b08        0x0
 .rel.iplt      0x00001b08        0x0 ./src/cr_startup_lpc17.o

.data_RAM2      0x2007c000        0x0 load address 0x00001b08
 FILL mask 0xff
                [!provide]                PROVIDE (__start_data_RAM2 = .)
                [!provide]                PROVIDE (__start_data_RamAHB32 = .)
 *(.ramfunc.$RAM2)
 *(.ramfunc.$RamAHB32)
 *(.data.$RAM2)
 *(.data.$RamAHB32)
 *(.data.$RAM2.*)
 *(.data.$RamAHB32.*)
                0x2007c000                . = ALIGN (0x4)
                [!provide]                PROVIDE (__end_data_RAM2 = .)
                [!provide]                PROVIDE (__end_data_RamAHB32 = .)

.uninit_RESERVED
                0x10000000        0x0
                0x10000000                _start_uninit_RESERVED = .
 *(.bss.$RESERVED*)
                0x10000000                . = ALIGN (0x4)
                0x10000000                _end_uninit_RESERVED = .

.data           0x10000000        0x4 load address 0x00001b08
 FILL mask 0xff
                0x10000000                _data = .
                [!provide]                PROVIDE (__start_data_RAM = .)
                [!provide]                PROVIDE (__start_data_RamLoc32 = .)
 *(vtable)
 *(.ramfunc*)
 *(CodeQuickAccess)
 *(DataQuickAccess)
 *(RamFunction)
 *(.data*)
 .data          0x10000000        0x4 C:\Users\247644\Desktop\EmbeddedSystems\SysWbud\Lib_CMSISv1p30_LPC17xx\Debug\libCMSISv1p30_LPC17xx.a(system_LPC17xx.o)
                0x10000000                SystemCoreClock
                0x10000004                . = ALIGN (0x4)
                0x10000004                _edata = .
                [!provide]                PROVIDE (__end_data_RAM = .)
                [!provide]                PROVIDE (__end_data_RamLoc32 = .)

.igot.plt       0x10000004        0x0 load address 0x00001b0c
 .igot.plt      0x10000004        0x0 ./src/cr_startup_lpc17.o

.bss_RAM2       0x2007c000        0x0
                [!provide]                PROVIDE (__start_bss_RAM2 = .)
                [!provide]                PROVIDE (__start_bss_RamAHB32 = .)
 *(.bss.$RAM2)
 *(.bss.$RamAHB32)
 *(.bss.$RAM2.*)
 *(.bss.$RamAHB32.*)
                0x2007c000                . = ALIGN ((. != 0x0)?0x4:0x1)
                [!provide]                PROVIDE (__end_bss_RAM2 = .)
                [!provide]                PROVIDE (__end_bss_RamAHB32 = .)

.bss            0x10000004       0x3c
                0x10000004                _bss = .
                [!provide]                PROVIDE (__start_bss_RAM = .)
                [!provide]                PROVIDE (__start_bss_RamLoc32 = .)
 *(.bss*)
 .bss           0x10000004        0x6 C:\Users\247644\Desktop\EmbeddedSystems\SysWbud\Lib_EaBaseBoard\Debug\libLib_EaBaseBoard.a(pca9532.o)
 *fill*         0x1000000a        0x2 
 .bss           0x1000000c       0x34 C:\Users\247644\Desktop\EmbeddedSystems\SysWbud\Lib_MCU\Debug\libLib_MCU.a(lpc17xx_i2c.o)
 *(COMMON)
                0x10000040                . = ALIGN (0x4)
                0x10000040                _ebss = .
                [!provide]                PROVIDE (__end_bss_RAM = .)
                [!provide]                PROVIDE (__end_bss_RamLoc32 = .)
                [!provide]                PROVIDE (end = .)

.noinit_RAM2    0x2007c000        0x0
                [!provide]                PROVIDE (__start_noinit_RAM2 = .)
                [!provide]                PROVIDE (__start_noinit_RamAHB32 = .)
 *(.noinit.$RAM2)
 *(.noinit.$RamAHB32)
 *(.noinit.$RAM2.*)
 *(.noinit.$RamAHB32.*)
                0x2007c000                . = ALIGN (0x4)
                [!provide]                PROVIDE (__end_noinit_RAM2 = .)
                [!provide]                PROVIDE (__end_noinit_RamAHB32 = .)

.noinit         0x10000040        0x0
                0x10000040                _noinit = .
                [!provide]                PROVIDE (__start_noinit_RAM = .)
                [!provide]                PROVIDE (__start_noinit_RamLoc32 = .)
 *(.noinit*)
                0x10000040                . = ALIGN (0x4)
                0x10000040                _end_noinit = .
                [!provide]                PROVIDE (__end_noinit_RAM = .)
                [!provide]                PROVIDE (__end_noinit_RamLoc32 = .)
                [!provide]                PROVIDE (_pvHeapStart = DEFINED (__user_heap_base)?__user_heap_base:.)
                0x10008000                PROVIDE (_vStackTop = DEFINED (__user_stack_top)?__user_stack_top:(__top_RamLoc32 - 0x0))
                [!provide]                PROVIDE (__valid_user_code_checksum = (0x0 - ((((((_vStackTop + (ResetISR + 0x1)) + (NMI_Handler + 0x1)) + (HardFault_Handler + 0x1)) + (DEFINED (MemManage_Handler)?MemManage_Handler:0x0 + 0x1)) + (DEFINED (BusFault_Handler)?BusFault_Handler:0x0 + 0x1)) + (DEFINED (UsageFault_Handler)?UsageFault_Handler:0x0 + 0x1))))
                0x00000000                _image_start = LOADADDR (.text)
                0x00001b0c                _image_end = (LOADADDR (.data) + SIZEOF (.data))
                0x00001b0c                _image_size = (_image_end - _image_start)
OUTPUT(leds_joystick.axf elf32-littlearm)
LOAD linker stubs

.debug_info     0x00000000     0x403f
 .debug_info    0x00000000      0x1fe ./src/cr_startup_lpc17.o
 .debug_info    0x000001fe      0x30c ./src/main.o
 .debug_info    0x0000050a      0x345 C:\Users\247644\Desktop\EmbeddedSystems\SysWbud\Lib_CMSISv1p30_LPC17xx\Debug\libCMSISv1p30_LPC17xx.a(system_LPC17xx.o)
 .debug_info    0x0000084f      0x13f C:\Users\247644\Desktop\EmbeddedSystems\SysWbud\Lib_EaBaseBoard\Debug\libLib_EaBaseBoard.a(joystick.o)
 .debug_info    0x0000098e      0x65f C:\Users\247644\Desktop\EmbeddedSystems\SysWbud\Lib_EaBaseBoard\Debug\libLib_EaBaseBoard.a(pca9532.o)
 .debug_info    0x00000fed      0xe1a C:\Users\247644\Desktop\EmbeddedSystems\SysWbud\Lib_MCU\Debug\libLib_MCU.a(lpc17xx_gpio.o)
 .debug_info    0x00001e07      0xdca C:\Users\247644\Desktop\EmbeddedSystems\SysWbud\Lib_MCU\Debug\libLib_MCU.a(lpc17xx_i2c.o)
 .debug_info    0x00002bd1      0x4cd C:\Users\247644\Desktop\EmbeddedSystems\SysWbud\Lib_MCU\Debug\libLib_MCU.a(lpc17xx_pinsel.o)
 .debug_info    0x0000309e      0x977 C:\Users\247644\Desktop\EmbeddedSystems\SysWbud\Lib_MCU\Debug\libLib_MCU.a(lpc17xx_timer.o)
 .debug_info    0x00003a15      0x62a C:\Users\247644\Desktop\EmbeddedSystems\SysWbud\Lib_MCU\Debug\libLib_MCU.a(lpc17xx_clkpwr.o)

.debug_abbrev   0x00000000     0x1171
 .debug_abbrev  0x00000000       0xc8 ./src/cr_startup_lpc17.o
 .debug_abbrev  0x000000c8      0x14f ./src/main.o
 .debug_abbrev  0x00000217      0x11c C:\Users\247644\Desktop\EmbeddedSystems\SysWbud\Lib_CMSISv1p30_LPC17xx\Debug\libCMSISv1p30_LPC17xx.a(system_LPC17xx.o)
 .debug_abbrev  0x00000333       0xd0 C:\Users\247644\Desktop\EmbeddedSystems\SysWbud\Lib_EaBaseBoard\Debug\libLib_EaBaseBoard.a(joystick.o)
 .debug_abbrev  0x00000403      0x235 C:\Users\247644\Desktop\EmbeddedSystems\SysWbud\Lib_EaBaseBoard\Debug\libLib_EaBaseBoard.a(pca9532.o)
 .debug_abbrev  0x00000638      0x26b C:\Users\247644\Desktop\EmbeddedSystems\SysWbud\Lib_MCU\Debug\libLib_MCU.a(lpc17xx_gpio.o)
 .debug_abbrev  0x000008a3      0x2de C:\Users\247644\Desktop\EmbeddedSystems\SysWbud\Lib_MCU\Debug\libLib_MCU.a(lpc17xx_i2c.o)
 .debug_abbrev  0x00000b81      0x196 C:\Users\247644\Desktop\EmbeddedSystems\SysWbud\Lib_MCU\Debug\libLib_MCU.a(lpc17xx_pinsel.o)
 .debug_abbrev  0x00000d17      0x25d C:\Users\247644\Desktop\EmbeddedSystems\SysWbud\Lib_MCU\Debug\libLib_MCU.a(lpc17xx_timer.o)
 .debug_abbrev  0x00000f74      0x1fd C:\Users\247644\Desktop\EmbeddedSystems\SysWbud\Lib_MCU\Debug\libLib_MCU.a(lpc17xx_clkpwr.o)

.debug_aranges  0x00000000      0x480
 .debug_aranges
                0x00000000       0x70 ./src/cr_startup_lpc17.o
 .debug_aranges
                0x00000070       0x28 ./src/main.o
 .debug_aranges
                0x00000098       0x28 C:\Users\247644\Desktop\EmbeddedSystems\SysWbud\Lib_CMSISv1p30_LPC17xx\Debug\libCMSISv1p30_LPC17xx.a(system_LPC17xx.o)
 .debug_aranges
                0x000000c0       0x28 C:\Users\247644\Desktop\EmbeddedSystems\SysWbud\Lib_EaBaseBoard\Debug\libLib_EaBaseBoard.a(joystick.o)
 .debug_aranges
                0x000000e8       0x80 C:\Users\247644\Desktop\EmbeddedSystems\SysWbud\Lib_EaBaseBoard\Debug\libLib_EaBaseBoard.a(pca9532.o)
 .debug_aranges
                0x00000168       0xf8 C:\Users\247644\Desktop\EmbeddedSystems\SysWbud\Lib_MCU\Debug\libLib_MCU.a(lpc17xx_gpio.o)
 .debug_aranges
                0x00000260       0xd0 C:\Users\247644\Desktop\EmbeddedSystems\SysWbud\Lib_MCU\Debug\libLib_MCU.a(lpc17xx_i2c.o)
 .debug_aranges
                0x00000330       0x48 C:\Users\247644\Desktop\EmbeddedSystems\SysWbud\Lib_MCU\Debug\libLib_MCU.a(lpc17xx_pinsel.o)
 .debug_aranges
                0x00000378       0xa8 C:\Users\247644\Desktop\EmbeddedSystems\SysWbud\Lib_MCU\Debug\libLib_MCU.a(lpc17xx_timer.o)
 .debug_aranges
                0x00000420       0x60 C:\Users\247644\Desktop\EmbeddedSystems\SysWbud\Lib_MCU\Debug\libLib_MCU.a(lpc17xx_clkpwr.o)

.debug_ranges   0x00000000      0x3e0
 .debug_ranges  0x00000000       0x60 ./src/cr_startup_lpc17.o
 .debug_ranges  0x00000060       0x18 ./src/main.o
 .debug_ranges  0x00000078       0x18 C:\Users\247644\Desktop\EmbeddedSystems\SysWbud\Lib_CMSISv1p30_LPC17xx\Debug\libCMSISv1p30_LPC17xx.a(system_LPC17xx.o)
 .debug_ranges  0x00000090       0x18 C:\Users\247644\Desktop\EmbeddedSystems\SysWbud\Lib_EaBaseBoard\Debug\libLib_EaBaseBoard.a(joystick.o)
 .debug_ranges  0x000000a8       0x70 C:\Users\247644\Desktop\EmbeddedSystems\SysWbud\Lib_EaBaseBoard\Debug\libLib_EaBaseBoard.a(pca9532.o)
 .debug_ranges  0x00000118       0xe8 C:\Users\247644\Desktop\EmbeddedSystems\SysWbud\Lib_MCU\Debug\libLib_MCU.a(lpc17xx_gpio.o)
 .debug_ranges  0x00000200       0xc0 C:\Users\247644\Desktop\EmbeddedSystems\SysWbud\Lib_MCU\Debug\libLib_MCU.a(lpc17xx_i2c.o)
 .debug_ranges  0x000002c0       0x38 C:\Users\247644\Desktop\EmbeddedSystems\SysWbud\Lib_MCU\Debug\libLib_MCU.a(lpc17xx_pinsel.o)
 .debug_ranges  0x000002f8       0x98 C:\Users\247644\Desktop\EmbeddedSystems\SysWbud\Lib_MCU\Debug\libLib_MCU.a(lpc17xx_timer.o)
 .debug_ranges  0x00000390       0x50 C:\Users\247644\Desktop\EmbeddedSystems\SysWbud\Lib_MCU\Debug\libLib_MCU.a(lpc17xx_clkpwr.o)

.debug_macro    0x00000000     0x48ed
 .debug_macro   0x00000000       0x79 ./src/cr_startup_lpc17.o
 .debug_macro   0x00000079      0xaa8 ./src/cr_startup_lpc17.o
 .debug_macro   0x00000b21       0x22 ./src/cr_startup_lpc17.o
 .debug_macro   0x00000b43       0x8e ./src/cr_startup_lpc17.o
 .debug_macro   0x00000bd1       0x51 ./src/cr_startup_lpc17.o
 .debug_macro   0x00000c22      0x103 ./src/cr_startup_lpc17.o
 .debug_macro   0x00000d25       0x6a ./src/cr_startup_lpc17.o
 .debug_macro   0x00000d8f      0x1df ./src/cr_startup_lpc17.o
 .debug_macro   0x00000f6e       0xc5 ./src/main.o
 .debug_macro   0x00001033       0x1c ./src/main.o
 .debug_macro   0x0000104f       0x22 ./src/main.o
 .debug_macro   0x00001071      0x7b7 ./src/main.o
 .debug_macro   0x00001828      0x2c7 ./src/main.o
 .debug_macro   0x00001aef       0x64 ./src/main.o
 .debug_macro   0x00001b53      0x140 ./src/main.o
 .debug_macro   0x00001c93      0x192 ./src/main.o
 .debug_macro   0x00001e25       0xed ./src/main.o
 .debug_macro   0x00001f12       0x28 ./src/main.o
 .debug_macro   0x00001f3a       0xb2 ./src/main.o
 .debug_macro   0x00001fec      0x113 C:\Users\247644\Desktop\EmbeddedSystems\SysWbud\Lib_CMSISv1p30_LPC17xx\Debug\libCMSISv1p30_LPC17xx.a(system_LPC17xx.o)
 .debug_macro   0x000020ff      0xaa2 C:\Users\247644\Desktop\EmbeddedSystems\SysWbud\Lib_CMSISv1p30_LPC17xx\Debug\libCMSISv1p30_LPC17xx.a(system_LPC17xx.o)
 .debug_macro   0x00002ba1       0x10 C:\Users\247644\Desktop\EmbeddedSystems\SysWbud\Lib_CMSISv1p30_LPC17xx\Debug\libCMSISv1p30_LPC17xx.a(system_LPC17xx.o)
 .debug_macro   0x00002bb1      0x12e C:\Users\247644\Desktop\EmbeddedSystems\SysWbud\Lib_CMSISv1p30_LPC17xx\Debug\libCMSISv1p30_LPC17xx.a(system_LPC17xx.o)
 .debug_macro   0x00002cdf      0x5b3 C:\Users\247644\Desktop\EmbeddedSystems\SysWbud\Lib_CMSISv1p30_LPC17xx\Debug\libCMSISv1p30_LPC17xx.a(system_LPC17xx.o)
 .debug_macro   0x00003292      0x7d5 C:\Users\247644\Desktop\EmbeddedSystems\SysWbud\Lib_CMSISv1p30_LPC17xx\Debug\libCMSISv1p30_LPC17xx.a(system_LPC17xx.o)
 .debug_macro   0x00003a67       0x83 C:\Users\247644\Desktop\EmbeddedSystems\SysWbud\Lib_EaBaseBoard\Debug\libLib_EaBaseBoard.a(joystick.o)
 .debug_macro   0x00003aea       0x40 C:\Users\247644\Desktop\EmbeddedSystems\SysWbud\Lib_EaBaseBoard\Debug\libLib_EaBaseBoard.a(joystick.o)
 .debug_macro   0x00003b2a       0xa1 C:\Users\247644\Desktop\EmbeddedSystems\SysWbud\Lib_EaBaseBoard\Debug\libLib_EaBaseBoard.a(pca9532.o)
 .debug_macro   0x00003bcb      0x18c C:\Users\247644\Desktop\EmbeddedSystems\SysWbud\Lib_EaBaseBoard\Debug\libLib_EaBaseBoard.a(pca9532.o)
 .debug_macro   0x00003d57       0x83 C:\Users\247644\Desktop\EmbeddedSystems\SysWbud\Lib_MCU\Debug\libLib_MCU.a(lpc17xx_gpio.o)
 .debug_macro   0x00003dda       0xda C:\Users\247644\Desktop\EmbeddedSystems\SysWbud\Lib_MCU\Debug\libLib_MCU.a(lpc17xx_gpio.o)
 .debug_macro   0x00003eb4       0x95 C:\Users\247644\Desktop\EmbeddedSystems\SysWbud\Lib_MCU\Debug\libLib_MCU.a(lpc17xx_i2c.o)
 .debug_macro   0x00003f49      0x2fa C:\Users\247644\Desktop\EmbeddedSystems\SysWbud\Lib_MCU\Debug\libLib_MCU.a(lpc17xx_i2c.o)
 .debug_macro   0x00004243      0x146 C:\Users\247644\Desktop\EmbeddedSystems\SysWbud\Lib_MCU\Debug\libLib_MCU.a(lpc17xx_i2c.o)
 .debug_macro   0x00004389       0x7a C:\Users\247644\Desktop\EmbeddedSystems\SysWbud\Lib_MCU\Debug\libLib_MCU.a(lpc17xx_pinsel.o)
 .debug_macro   0x00004403       0x95 C:\Users\247644\Desktop\EmbeddedSystems\SysWbud\Lib_MCU\Debug\libLib_MCU.a(lpc17xx_timer.o)
 .debug_macro   0x00004498       0xe7 C:\Users\247644\Desktop\EmbeddedSystems\SysWbud\Lib_MCU\Debug\libLib_MCU.a(lpc17xx_timer.o)
 .debug_macro   0x0000457f       0x7a C:\Users\247644\Desktop\EmbeddedSystems\SysWbud\Lib_MCU\Debug\libLib_MCU.a(lpc17xx_clkpwr.o)
 .debug_macro   0x000045f9      0x2f4 C:\Users\247644\Desktop\EmbeddedSystems\SysWbud\Lib_MCU\Debug\libLib_MCU.a(lpc17xx_clkpwr.o)

.debug_line     0x00000000     0x38cf
 .debug_line    0x00000000      0x446 ./src/cr_startup_lpc17.o
 .debug_line    0x00000446      0x4c7 ./src/main.o
 .debug_line    0x0000090d      0x3f4 C:\Users\247644\Desktop\EmbeddedSystems\SysWbud\Lib_CMSISv1p30_LPC17xx\Debug\libCMSISv1p30_LPC17xx.a(system_LPC17xx.o)
 .debug_line    0x00000d01      0x2f5 C:\Users\247644\Desktop\EmbeddedSystems\SysWbud\Lib_EaBaseBoard\Debug\libLib_EaBaseBoard.a(joystick.o)
 .debug_line    0x00000ff6      0x507 C:\Users\247644\Desktop\EmbeddedSystems\SysWbud\Lib_EaBaseBoard\Debug\libLib_EaBaseBoard.a(pca9532.o)
 .debug_line    0x000014fd      0x725 C:\Users\247644\Desktop\EmbeddedSystems\SysWbud\Lib_MCU\Debug\libLib_MCU.a(lpc17xx_gpio.o)
 .debug_line    0x00001c22      0xd19 C:\Users\247644\Desktop\EmbeddedSystems\SysWbud\Lib_MCU\Debug\libLib_MCU.a(lpc17xx_i2c.o)
 .debug_line    0x0000293b      0x365 C:\Users\247644\Desktop\EmbeddedSystems\SysWbud\Lib_MCU\Debug\libLib_MCU.a(lpc17xx_pinsel.o)
 .debug_line    0x00002ca0      0x848 C:\Users\247644\Desktop\EmbeddedSystems\SysWbud\Lib_MCU\Debug\libLib_MCU.a(lpc17xx_timer.o)
 .debug_line    0x000034e8      0x3e7 C:\Users\247644\Desktop\EmbeddedSystems\SysWbud\Lib_MCU\Debug\libLib_MCU.a(lpc17xx_clkpwr.o)

.debug_str      0x00000000     0xdb50
 .debug_str     0x00000000     0x3cc9 ./src/cr_startup_lpc17.o
                               0x3e33 (size before relaxing)
 .debug_str     0x00003cc9     0x5984 ./src/main.o
                               0x9682 (size before relaxing)
 .debug_str     0x0000964d     0x1aea C:\Users\247644\Desktop\EmbeddedSystems\SysWbud\Lib_CMSISv1p30_LPC17xx\Debug\libCMSISv1p30_LPC17xx.a(system_LPC17xx.o)
                               0x8871 (size before relaxing)
 .debug_str     0x0000b137      0x2be C:\Users\247644\Desktop\EmbeddedSystems\SysWbud\Lib_EaBaseBoard\Debug\libLib_EaBaseBoard.a(joystick.o)
                               0x88de (size before relaxing)
 .debug_str     0x0000b3f5      0x299 C:\Users\247644\Desktop\EmbeddedSystems\SysWbud\Lib_EaBaseBoard\Debug\libLib_EaBaseBoard.a(pca9532.o)
                               0x9376 (size before relaxing)
 .debug_str     0x0000b68e      0x5ca C:\Users\247644\Desktop\EmbeddedSystems\SysWbud\Lib_MCU\Debug\libLib_MCU.a(lpc17xx_gpio.o)
                               0x8ddf (size before relaxing)
 .debug_str     0x0000bc58     0x1773 C:\Users\247644\Desktop\EmbeddedSystems\SysWbud\Lib_MCU\Debug\libLib_MCU.a(lpc17xx_i2c.o)
                               0xadad (size before relaxing)
 .debug_str     0x0000d3cb      0x202 C:\Users\247644\Desktop\EmbeddedSystems\SysWbud\Lib_MCU\Debug\libLib_MCU.a(lpc17xx_pinsel.o)
                               0x8d06 (size before relaxing)
 .debug_str     0x0000d5cd      0x471 C:\Users\247644\Desktop\EmbeddedSystems\SysWbud\Lib_MCU\Debug\libLib_MCU.a(lpc17xx_timer.o)
                               0xaa7f (size before relaxing)
 .debug_str     0x0000da3e      0x112 C:\Users\247644\Desktop\EmbeddedSystems\SysWbud\Lib_MCU\Debug\libLib_MCU.a(lpc17xx_clkpwr.o)
                               0x9a65 (size before relaxing)

.comment        0x00000000       0x4c
 .comment       0x00000000       0x4c ./src/cr_startup_lpc17.o
                                 0x4d (size before relaxing)
 .comment       0x0000004c       0x4d ./src/main.o
 .comment       0x0000004c       0x4d C:\Users\247644\Desktop\EmbeddedSystems\SysWbud\Lib_CMSISv1p30_LPC17xx\Debug\libCMSISv1p30_LPC17xx.a(system_LPC17xx.o)
 .comment       0x0000004c       0x4d C:\Users\247644\Desktop\EmbeddedSystems\SysWbud\Lib_EaBaseBoard\Debug\libLib_EaBaseBoard.a(joystick.o)
 .comment       0x0000004c       0x4d C:\Users\247644\Desktop\EmbeddedSystems\SysWbud\Lib_EaBaseBoard\Debug\libLib_EaBaseBoard.a(pca9532.o)
 .comment       0x0000004c       0x4d C:\Users\247644\Desktop\EmbeddedSystems\SysWbud\Lib_MCU\Debug\libLib_MCU.a(lpc17xx_gpio.o)
 .comment       0x0000004c       0x4d C:\Users\247644\Desktop\EmbeddedSystems\SysWbud\Lib_MCU\Debug\libLib_MCU.a(lpc17xx_i2c.o)
 .comment       0x0000004c       0x4d C:\Users\247644\Desktop\EmbeddedSystems\SysWbud\Lib_MCU\Debug\libLib_MCU.a(lpc17xx_pinsel.o)
 .comment       0x0000004c       0x4d C:\Users\247644\Desktop\EmbeddedSystems\SysWbud\Lib_MCU\Debug\libLib_MCU.a(lpc17xx_timer.o)
 .comment       0x0000004c       0x4d C:\Users\247644\Desktop\EmbeddedSystems\SysWbud\Lib_MCU\Debug\libLib_MCU.a(lpc17xx_clkpwr.o)

.ARM.attributes
                0x00000000       0x2d
 .ARM.attributes
                0x00000000       0x2d ./src/cr_startup_lpc17.o
 .ARM.attributes
                0x0000002d       0x2d ./src/main.o
 .ARM.attributes
                0x0000005a       0x2d C:\Users\247644\Desktop\EmbeddedSystems\SysWbud\Lib_CMSISv1p30_LPC17xx\Debug\libCMSISv1p30_LPC17xx.a(system_LPC17xx.o)
 .ARM.attributes
                0x00000087       0x2d C:\Users\247644\Desktop\EmbeddedSystems\SysWbud\Lib_EaBaseBoard\Debug\libLib_EaBaseBoard.a(joystick.o)
 .ARM.attributes
                0x000000b4       0x2d C:\Users\247644\Desktop\EmbeddedSystems\SysWbud\Lib_EaBaseBoard\Debug\libLib_EaBaseBoard.a(pca9532.o)
 .ARM.attributes
                0x000000e1       0x2d C:\Users\247644\Desktop\EmbeddedSystems\SysWbud\Lib_MCU\Debug\libLib_MCU.a(lpc17xx_gpio.o)
 .ARM.attributes
                0x0000010e       0x2d C:\Users\247644\Desktop\EmbeddedSystems\SysWbud\Lib_MCU\Debug\libLib_MCU.a(lpc17xx_i2c.o)
 .ARM.attributes
                0x0000013b       0x2d C:\Users\247644\Desktop\EmbeddedSystems\SysWbud\Lib_MCU\Debug\libLib_MCU.a(lpc17xx_pinsel.o)
 .ARM.attributes
                0x00000168       0x2d C:\Users\247644\Desktop\EmbeddedSystems\SysWbud\Lib_MCU\Debug\libLib_MCU.a(lpc17xx_timer.o)
 .ARM.attributes
                0x00000195       0x2d C:\Users\247644\Desktop\EmbeddedSystems\SysWbud\Lib_MCU\Debug\libLib_MCU.a(lpc17xx_clkpwr.o)
 .ARM.attributes
                0x000001c2       0x1d c:/nxp/mcuxpressoide_11.3.1_5262/ide/plugins/com.nxp.mcuxpresso.tools.win32_11.3.0.202008311133/tools/bin/../lib/gcc/arm-none-eabi/9.3.1/thumb/v7-m/nofp\libgcc.a(_aeabi_uldivmod.o)
 .ARM.attributes
                0x000001df       0x2d c:/nxp/mcuxpressoide_11.3.1_5262/ide/plugins/com.nxp.mcuxpresso.tools.win32_11.3.0.202008311133/tools/bin/../lib/gcc/arm-none-eabi/9.3.1/thumb/v7-m/nofp\libgcc.a(_udivmoddi4.o)
 .ARM.attributes
                0x0000020c       0x1d c:/nxp/mcuxpressoide_11.3.1_5262/ide/plugins/com.nxp.mcuxpresso.tools.win32_11.3.0.202008311133/tools/bin/../lib/gcc/arm-none-eabi/9.3.1/thumb/v7-m/nofp\libgcc.a(_dvmd_tls.o)

.debug_frame    0x00000000     0x10d0
 .debug_frame   0x00000000      0x120 ./src/cr_startup_lpc17.o
 .debug_frame   0x00000120       0x4c ./src/main.o
 .debug_frame   0x0000016c       0x50 C:\Users\247644\Desktop\EmbeddedSystems\SysWbud\Lib_CMSISv1p30_LPC17xx\Debug\libCMSISv1p30_LPC17xx.a(system_LPC17xx.o)
 .debug_frame   0x000001bc       0x50 C:\Users\247644\Desktop\EmbeddedSystems\SysWbud\Lib_EaBaseBoard\Debug\libLib_EaBaseBoard.a(joystick.o)
 .debug_frame   0x0000020c      0x1e4 C:\Users\247644\Desktop\EmbeddedSystems\SysWbud\Lib_EaBaseBoard\Debug\libLib_EaBaseBoard.a(pca9532.o)
 .debug_frame   0x000003f0      0x428 C:\Users\247644\Desktop\EmbeddedSystems\SysWbud\Lib_MCU\Debug\libLib_MCU.a(lpc17xx_gpio.o)
 .debug_frame   0x00000818      0x37c C:\Users\247644\Desktop\EmbeddedSystems\SysWbud\Lib_MCU\Debug\libLib_MCU.a(lpc17xx_i2c.o)
 .debug_frame   0x00000b94       0xfc C:\Users\247644\Desktop\EmbeddedSystems\SysWbud\Lib_MCU\Debug\libLib_MCU.a(lpc17xx_pinsel.o)
 .debug_frame   0x00000c90      0x2a4 C:\Users\247644\Desktop\EmbeddedSystems\SysWbud\Lib_MCU\Debug\libLib_MCU.a(lpc17xx_timer.o)
 .debug_frame   0x00000f34      0x13c C:\Users\247644\Desktop\EmbeddedSystems\SysWbud\Lib_MCU\Debug\libLib_MCU.a(lpc17xx_clkpwr.o)
 .debug_frame   0x00001070       0x2c c:/nxp/mcuxpressoide_11.3.1_5262/ide/plugins/com.nxp.mcuxpresso.tools.win32_11.3.0.202008311133/tools/bin/../lib/gcc/arm-none-eabi/9.3.1/thumb/v7-m/nofp\libgcc.a(_aeabi_uldivmod.o)
 .debug_frame   0x0000109c       0x34 c:/nxp/mcuxpressoide_11.3.1_5262/ide/plugins/com.nxp.mcuxpresso.tools.win32_11.3.0.202008311133/tools/bin/../lib/gcc/arm-none-eabi/9.3.1/thumb/v7-m/nofp\libgcc.a(_udivmoddi4.o)
