mmc.c:60:13:SSPSend	40	static
mmc.c:71:6:SSPReceive	40	static
mmc.c:88:13:xmit_spi	16	static
mmc.c:99:6:rcvr_spi	16	static
mmc.c:123:6:wait_ready	16	static
mmc.c:144:6:deselect	8	static
mmc.c:157:6:select	8	static
mmc.c:176:6:power_on	4	static
mmc.c:181:6:power_off	4	static
mmc.c:186:5:chk_power	4	static
mmc.c:198:6:rcvr_datablock	24	static
mmc.c:232:6:xmit_datablock	24	static
mmc.c:267:6:send_cmd	24	static
mmc.c:319:9:disk_initialize	32	static
mmc.c:377:9:disk_status	16	static
mmc.c:391:9:disk_read	24	static
mmc.c:429:9:disk_write	24	static
mmc.c:471:9:disk_ioctl	56	static
mmc.c:606:6:disk_timerproc	16	static
