core_cm3.h:1502:22:NVIC_EnableIRQ	16	static
usbhw.c:82:10:EPAdr	24	static
usbhw.c:99:6:WrCmd	16	static
usbhw.c:114:6:WrCmdDat	16	static
usbhw.c:131:10:RdCmdDat	16	static
usbhw.c:146:6:USB_Init	8	static
usbhw.c:176:6:USB_Connect	16	static
usbhw.c:187:6:USB_Reset	16	static
usbhw.c:230:6:USB_Suspend	4	static
usbhw.c:241:6:USB_Resume	4	static
usbhw.c:252:6:USB_WakeUp	8	static
usbhw.c:266:6:USB_WakeUpCfg	16	static
usbhw.c:277:6:USB_SetAddress	16	static
usbhw.c:289:6:USB_Configure	16	static
usbhw.c:305:6:USB_ConfigEP	24	static
usbhw.c:323:6:USB_DirCtrlEP	16	static
usbhw.c:336:6:USB_EnableEP	16	static
usbhw.c:349:6:USB_DisableEP	16	static
usbhw.c:362:6:USB_ResetEP	16	static
usbhw.c:375:6:USB_SetStallEP	16	static
usbhw.c:388:6:USB_ClrStallEP	16	static
usbhw.c:402:10:USB_ReadEP	24	static
usbhw.c:436:10:USB_WriteEP	32	static
usbhw.c:470:10:USB_DMA_Setup	40	static
usbhw.c:539:6:USB_DMA_Enable	16	static
usbhw.c:552:6:USB_DMA_Disable	16	static
usbhw.c:565:10:USB_DMA_Status	24	static
usbhw.c:599:10:USB_DMA_BufAdr	24	static
usbhw.c:622:10:USB_DMA_BufCnt	24	static
usbhw.c:644:10:USB_GetFrame	16	static
usbhw.c:659:6:USB_IRQHandler	24	static
