usbuser.c:50:6:USB_Reset_Event	8	static
usbuser.c:118:6:USB_Configure_Event	4	static
usbuser.c:178:6:USB_EndPoint1	16	static
usbuser.c:188:6:USB_EndPoint2	16	static
usbuser.c:207:6:USB_EndPoint3	16	static
usbuser.c:217:6:USB_EndPoint4	16	static
usbuser.c:227:6:USB_EndPoint5	16	static
usbuser.c:237:6:USB_EndPoint6	16	static
usbuser.c:247:6:USB_EndPoint7	16	static
usbuser.c:257:6:USB_EndPoint8	16	static
usbuser.c:267:6:USB_EndPoint9	16	static
usbuser.c:277:6:USB_EndPoint10	16	static
usbuser.c:287:6:USB_EndPoint11	16	static
usbuser.c:297:6:USB_EndPoint12	16	static
usbuser.c:307:6:USB_EndPoint13	16	static
usbuser.c:317:6:USB_EndPoint14	16	static
usbuser.c:327:6:USB_EndPoint15	16	static
