Archive member included to satisfy reference by file (symbol)

C:\Users\247810\Downloads\sysWbud24_05\Lib_CMSISv1p30_LPC17xx\Debug\libCMSISv1p30_LPC17xx.a(system_LPC17xx.o)
                              ./src/cr_startup_lpc17.o (SystemInit)
C:\Users\247810\Downloads\sysWbud24_05\Lib_EaBaseBoard\Debug\libLib_EaBaseBoard.a(eeprom.o)
                              ./src/main.o (eeprom_init)
C:\Users\247810\Downloads\sysWbud24_05\Lib_MCU\Debug\libLib_MCU.a(lpc17xx_i2c.o)
                              ./src/main.o (I2C_Init)
C:\Users\247810\Downloads\sysWbud24_05\Lib_MCU\Debug\libLib_MCU.a(lpc17xx_pinsel.o)
                              ./src/main.o (PINSEL_ConfigPin)
C:\Users\247810\Downloads\sysWbud24_05\Lib_MCU\Debug\libLib_MCU.a(lpc17xx_timer.o)
                              ./src/main.o (Timer0_Wait)
C:\Users\247810\Downloads\sysWbud24_05\Lib_MCU\Debug\libLib_MCU.a(lpc17xx_uart.o)
                              ./src/main.o (UART_Init)
C:\Users\247810\Downloads\sysWbud24_05\Lib_MCU\Debug\libLib_MCU.a(lpc17xx_clkpwr.o)
                              C:\Users\247810\Downloads\sysWbud24_05\Lib_MCU\Debug\libLib_MCU.a(lpc17xx_i2c.o) (CLKPWR_SetPCLKDiv)
c:/nxp/mcuxpressoide_11.3.1_5262/ide/plugins/com.nxp.mcuxpresso.tools.win32_11.3.0.202008311133/tools/bin/../lib/gcc/arm-none-eabi/9.3.1/thumb/v7-m/nofp\libgcc.a(_aeabi_uldivmod.o)
                              C:\Users\247810\Downloads\sysWbud24_05\Lib_CMSISv1p30_LPC17xx\Debug\libCMSISv1p30_LPC17xx.a(system_LPC17xx.o) (__aeabi_uldivmod)
c:/nxp/mcuxpressoide_11.3.1_5262/ide/plugins/com.nxp.mcuxpresso.tools.win32_11.3.0.202008311133/tools/bin/../lib/gcc/arm-none-eabi/9.3.1/thumb/v7-m/nofp\libgcc.a(_udivmoddi4.o)
                              c:/nxp/mcuxpressoide_11.3.1_5262/ide/plugins/com.nxp.mcuxpresso.tools.win32_11.3.0.202008311133/tools/bin/../lib/gcc/arm-none-eabi/9.3.1/thumb/v7-m/nofp\libgcc.a(_aeabi_uldivmod.o) (__udivmoddi4)
c:/nxp/mcuxpressoide_11.3.1_5262/ide/plugins/com.nxp.mcuxpresso.tools.win32_11.3.0.202008311133/tools/bin/../lib/gcc/arm-none-eabi/9.3.1/thumb/v7-m/nofp\libgcc.a(_dvmd_tls.o)
                              c:/nxp/mcuxpressoide_11.3.1_5262/ide/plugins/com.nxp.mcuxpresso.tools.win32_11.3.0.202008311133/tools/bin/../lib/gcc/arm-none-eabi/9.3.1/thumb/v7-m/nofp\libgcc.a(_aeabi_uldivmod.o) (__aeabi_ldiv0)
c:/nxp/mcuxpressoide_11.3.1_5262/ide/plugins/com.nxp.mcuxpresso.tools.win32_11.3.0.202008311133/tools/bin/../lib/gcc/arm-none-eabi/9.3.1/../../../../arm-none-eabi/lib/thumb/v7-m/nofp\libc.a(lib_a-memcpy.o)
                              C:\Users\247810\Downloads\sysWbud24_05\Lib_EaBaseBoard\Debug\libLib_EaBaseBoard.a(eeprom.o) (memcpy)
c:/nxp/mcuxpressoide_11.3.1_5262/ide/plugins/com.nxp.mcuxpresso.tools.win32_11.3.0.202008311133/tools/bin/../lib/gcc/arm-none-eabi/9.3.1/../../../../arm-none-eabi/lib/thumb/v7-m/nofp\libc.a(lib_a-memset.o)
                              ./src/main.o (memset)
c:/nxp/mcuxpressoide_11.3.1_5262/ide/plugins/com.nxp.mcuxpresso.tools.win32_11.3.0.202008311133/tools/bin/../lib/gcc/arm-none-eabi/9.3.1/../../../../arm-none-eabi/lib/thumb/v7-m/nofp\libc.a(lib_a-strlen-stub.o)
                              C:\Users\247810\Downloads\sysWbud24_05\Lib_MCU\Debug\libLib_MCU.a(lpc17xx_uart.o) (strlen)

Discarded input sections

 .group         0x00000000        0xc ./src/cr_startup_lpc17.o
 .group         0x00000000        0xc ./src/cr_startup_lpc17.o
 .group         0x00000000        0xc ./src/cr_startup_lpc17.o
 .group         0x00000000        0xc ./src/cr_startup_lpc17.o
 .group         0x00000000        0xc ./src/cr_startup_lpc17.o
 .group         0x00000000        0xc ./src/cr_startup_lpc17.o
 .group         0x00000000        0xc ./src/cr_startup_lpc17.o
 .text          0x00000000        0x0 ./src/cr_startup_lpc17.o
 .data          0x00000000        0x0 ./src/cr_startup_lpc17.o
 .bss           0x00000000        0x0 ./src/cr_startup_lpc17.o
 .group         0x00000000        0xc ./src/main.o
 .group         0x00000000        0xc ./src/main.o
 .group         0x00000000        0xc ./src/main.o
 .group         0x00000000        0xc ./src/main.o
 .group         0x00000000        0xc ./src/main.o
 .group         0x00000000        0xc ./src/main.o
 .group         0x00000000        0xc ./src/main.o
 .group         0x00000000        0xc ./src/main.o
 .group         0x00000000        0xc ./src/main.o
 .group         0x00000000        0xc ./src/main.o
 .group         0x00000000        0xc ./src/main.o
 .group         0x00000000        0xc ./src/main.o
 .group         0x00000000        0xc ./src/main.o
 .group         0x00000000        0xc ./src/main.o
 .group         0x00000000        0xc ./src/main.o
 .group         0x00000000        0xc ./src/main.o
 .group         0x00000000        0xc ./src/main.o
 .group         0x00000000        0xc ./src/main.o
 .group         0x00000000        0xc ./src/main.o
 .group         0x00000000        0xc ./src/main.o
 .group         0x00000000        0xc ./src/main.o
 .group         0x00000000        0xc ./src/main.o
 .group         0x00000000        0xc ./src/main.o
 .group         0x00000000        0xc ./src/main.o
 .group         0x00000000        0xc ./src/main.o
 .group         0x00000000        0xc ./src/main.o
 .group         0x00000000        0xc ./src/main.o
 .group         0x00000000        0xc ./src/main.o
 .group         0x00000000        0xc ./src/main.o
 .group         0x00000000        0xc ./src/main.o
 .group         0x00000000        0xc ./src/main.o
 .text          0x00000000        0x0 ./src/main.o
 .data          0x00000000        0x0 ./src/main.o
 .bss           0x00000000        0x0 ./src/main.o
 .debug_macro   0x00000000      0xaa8 ./src/main.o
 .debug_macro   0x00000000       0x22 ./src/main.o
 .debug_macro   0x00000000       0x8e ./src/main.o
 .debug_macro   0x00000000       0x51 ./src/main.o
 .debug_macro   0x00000000      0x103 ./src/main.o
 .debug_macro   0x00000000       0x6a ./src/main.o
 .debug_macro   0x00000000      0x1df ./src/main.o
 .group         0x00000000        0xc C:\Users\247810\Downloads\sysWbud24_05\Lib_CMSISv1p30_LPC17xx\Debug\libCMSISv1p30_LPC17xx.a(system_LPC17xx.o)
 .group         0x00000000        0xc C:\Users\247810\Downloads\sysWbud24_05\Lib_CMSISv1p30_LPC17xx\Debug\libCMSISv1p30_LPC17xx.a(system_LPC17xx.o)
 .group         0x00000000        0xc C:\Users\247810\Downloads\sysWbud24_05\Lib_CMSISv1p30_LPC17xx\Debug\libCMSISv1p30_LPC17xx.a(system_LPC17xx.o)
 .group         0x00000000        0xc C:\Users\247810\Downloads\sysWbud24_05\Lib_CMSISv1p30_LPC17xx\Debug\libCMSISv1p30_LPC17xx.a(system_LPC17xx.o)
 .group         0x00000000        0xc C:\Users\247810\Downloads\sysWbud24_05\Lib_CMSISv1p30_LPC17xx\Debug\libCMSISv1p30_LPC17xx.a(system_LPC17xx.o)
 .group         0x00000000        0xc C:\Users\247810\Downloads\sysWbud24_05\Lib_CMSISv1p30_LPC17xx\Debug\libCMSISv1p30_LPC17xx.a(system_LPC17xx.o)
 .group         0x00000000        0xc C:\Users\247810\Downloads\sysWbud24_05\Lib_CMSISv1p30_LPC17xx\Debug\libCMSISv1p30_LPC17xx.a(system_LPC17xx.o)
 .text          0x00000000        0x0 C:\Users\247810\Downloads\sysWbud24_05\Lib_CMSISv1p30_LPC17xx\Debug\libCMSISv1p30_LPC17xx.a(system_LPC17xx.o)
 .bss           0x00000000        0x0 C:\Users\247810\Downloads\sysWbud24_05\Lib_CMSISv1p30_LPC17xx\Debug\libCMSISv1p30_LPC17xx.a(system_LPC17xx.o)
 .text.SystemCoreClockUpdate
                0x00000000      0x274 C:\Users\247810\Downloads\sysWbud24_05\Lib_CMSISv1p30_LPC17xx\Debug\libCMSISv1p30_LPC17xx.a(system_LPC17xx.o)
 .debug_macro   0x00000000       0x1c C:\Users\247810\Downloads\sysWbud24_05\Lib_CMSISv1p30_LPC17xx\Debug\libCMSISv1p30_LPC17xx.a(system_LPC17xx.o)
 .debug_macro   0x00000000      0x2c7 C:\Users\247810\Downloads\sysWbud24_05\Lib_CMSISv1p30_LPC17xx\Debug\libCMSISv1p30_LPC17xx.a(system_LPC17xx.o)
 .group         0x00000000        0xc C:\Users\247810\Downloads\sysWbud24_05\Lib_EaBaseBoard\Debug\libLib_EaBaseBoard.a(eeprom.o)
 .group         0x00000000        0xc C:\Users\247810\Downloads\sysWbud24_05\Lib_EaBaseBoard\Debug\libLib_EaBaseBoard.a(eeprom.o)
 .group         0x00000000        0xc C:\Users\247810\Downloads\sysWbud24_05\Lib_EaBaseBoard\Debug\libLib_EaBaseBoard.a(eeprom.o)
 .group         0x00000000        0xc C:\Users\247810\Downloads\sysWbud24_05\Lib_EaBaseBoard\Debug\libLib_EaBaseBoard.a(eeprom.o)
 .group         0x00000000        0xc C:\Users\247810\Downloads\sysWbud24_05\Lib_EaBaseBoard\Debug\libLib_EaBaseBoard.a(eeprom.o)
 .group         0x00000000        0xc C:\Users\247810\Downloads\sysWbud24_05\Lib_EaBaseBoard\Debug\libLib_EaBaseBoard.a(eeprom.o)
 .group         0x00000000        0xc C:\Users\247810\Downloads\sysWbud24_05\Lib_EaBaseBoard\Debug\libLib_EaBaseBoard.a(eeprom.o)
 .group         0x00000000        0xc C:\Users\247810\Downloads\sysWbud24_05\Lib_EaBaseBoard\Debug\libLib_EaBaseBoard.a(eeprom.o)
 .group         0x00000000        0xc C:\Users\247810\Downloads\sysWbud24_05\Lib_EaBaseBoard\Debug\libLib_EaBaseBoard.a(eeprom.o)
 .group         0x00000000        0xc C:\Users\247810\Downloads\sysWbud24_05\Lib_EaBaseBoard\Debug\libLib_EaBaseBoard.a(eeprom.o)
 .group         0x00000000        0xc C:\Users\247810\Downloads\sysWbud24_05\Lib_EaBaseBoard\Debug\libLib_EaBaseBoard.a(eeprom.o)
 .text          0x00000000        0x0 C:\Users\247810\Downloads\sysWbud24_05\Lib_EaBaseBoard\Debug\libLib_EaBaseBoard.a(eeprom.o)
 .data          0x00000000        0x0 C:\Users\247810\Downloads\sysWbud24_05\Lib_EaBaseBoard\Debug\libLib_EaBaseBoard.a(eeprom.o)
 .bss           0x00000000        0x0 C:\Users\247810\Downloads\sysWbud24_05\Lib_EaBaseBoard\Debug\libLib_EaBaseBoard.a(eeprom.o)
 .debug_macro   0x00000000      0xaa2 C:\Users\247810\Downloads\sysWbud24_05\Lib_EaBaseBoard\Debug\libLib_EaBaseBoard.a(eeprom.o)
 .debug_macro   0x00000000       0x1c C:\Users\247810\Downloads\sysWbud24_05\Lib_EaBaseBoard\Debug\libLib_EaBaseBoard.a(eeprom.o)
 .debug_macro   0x00000000       0x22 C:\Users\247810\Downloads\sysWbud24_05\Lib_EaBaseBoard\Debug\libLib_EaBaseBoard.a(eeprom.o)
 .debug_macro   0x00000000       0x10 C:\Users\247810\Downloads\sysWbud24_05\Lib_EaBaseBoard\Debug\libLib_EaBaseBoard.a(eeprom.o)
 .debug_macro   0x00000000      0x12e C:\Users\247810\Downloads\sysWbud24_05\Lib_EaBaseBoard\Debug\libLib_EaBaseBoard.a(eeprom.o)
 .debug_macro   0x00000000      0x5b3 C:\Users\247810\Downloads\sysWbud24_05\Lib_EaBaseBoard\Debug\libLib_EaBaseBoard.a(eeprom.o)
 .debug_macro   0x00000000      0x7b7 C:\Users\247810\Downloads\sysWbud24_05\Lib_EaBaseBoard\Debug\libLib_EaBaseBoard.a(eeprom.o)
 .debug_macro   0x00000000      0x2c7 C:\Users\247810\Downloads\sysWbud24_05\Lib_EaBaseBoard\Debug\libLib_EaBaseBoard.a(eeprom.o)
 .debug_macro   0x00000000       0x64 C:\Users\247810\Downloads\sysWbud24_05\Lib_EaBaseBoard\Debug\libLib_EaBaseBoard.a(eeprom.o)
 .group         0x00000000        0xc C:\Users\247810\Downloads\sysWbud24_05\Lib_MCU\Debug\libLib_MCU.a(lpc17xx_i2c.o)
 .group         0x00000000        0xc C:\Users\247810\Downloads\sysWbud24_05\Lib_MCU\Debug\libLib_MCU.a(lpc17xx_i2c.o)
 .group         0x00000000        0xc C:\Users\247810\Downloads\sysWbud24_05\Lib_MCU\Debug\libLib_MCU.a(lpc17xx_i2c.o)
 .group         0x00000000        0xc C:\Users\247810\Downloads\sysWbud24_05\Lib_MCU\Debug\libLib_MCU.a(lpc17xx_i2c.o)
 .group         0x00000000        0xc C:\Users\247810\Downloads\sysWbud24_05\Lib_MCU\Debug\libLib_MCU.a(lpc17xx_i2c.o)
 .group         0x00000000        0xc C:\Users\247810\Downloads\sysWbud24_05\Lib_MCU\Debug\libLib_MCU.a(lpc17xx_i2c.o)
 .group         0x00000000        0xc C:\Users\247810\Downloads\sysWbud24_05\Lib_MCU\Debug\libLib_MCU.a(lpc17xx_i2c.o)
 .group         0x00000000        0xc C:\Users\247810\Downloads\sysWbud24_05\Lib_MCU\Debug\libLib_MCU.a(lpc17xx_i2c.o)
 .group         0x00000000        0xc C:\Users\247810\Downloads\sysWbud24_05\Lib_MCU\Debug\libLib_MCU.a(lpc17xx_i2c.o)
 .group         0x00000000        0xc C:\Users\247810\Downloads\sysWbud24_05\Lib_MCU\Debug\libLib_MCU.a(lpc17xx_i2c.o)
 .group         0x00000000        0xc C:\Users\247810\Downloads\sysWbud24_05\Lib_MCU\Debug\libLib_MCU.a(lpc17xx_i2c.o)
 .group         0x00000000        0xc C:\Users\247810\Downloads\sysWbud24_05\Lib_MCU\Debug\libLib_MCU.a(lpc17xx_i2c.o)
 .group         0x00000000        0xc C:\Users\247810\Downloads\sysWbud24_05\Lib_MCU\Debug\libLib_MCU.a(lpc17xx_i2c.o)
 .text          0x00000000        0x0 C:\Users\247810\Downloads\sysWbud24_05\Lib_MCU\Debug\libLib_MCU.a(lpc17xx_i2c.o)
 .data          0x00000000        0x0 C:\Users\247810\Downloads\sysWbud24_05\Lib_MCU\Debug\libLib_MCU.a(lpc17xx_i2c.o)
 .text.I2C_DeInit
                0x00000000       0x80 C:\Users\247810\Downloads\sysWbud24_05\Lib_MCU\Debug\libLib_MCU.a(lpc17xx_i2c.o)
 .text.I2C_MasterHandler
                0x00000000      0x410 C:\Users\247810\Downloads\sysWbud24_05\Lib_MCU\Debug\libLib_MCU.a(lpc17xx_i2c.o)
 .text.I2C_SlaveHandler
                0x00000000      0x24c C:\Users\247810\Downloads\sysWbud24_05\Lib_MCU\Debug\libLib_MCU.a(lpc17xx_i2c.o)
 .text.I2C_SlaveTransferData
                0x00000000      0x2b0 C:\Users\247810\Downloads\sysWbud24_05\Lib_MCU\Debug\libLib_MCU.a(lpc17xx_i2c.o)
 .text.I2C_SetOwnSlaveAddr
                0x00000000       0xfc C:\Users\247810\Downloads\sysWbud24_05\Lib_MCU\Debug\libLib_MCU.a(lpc17xx_i2c.o)
 .text.I2C_MonitorModeConfig
                0x00000000       0x84 C:\Users\247810\Downloads\sysWbud24_05\Lib_MCU\Debug\libLib_MCU.a(lpc17xx_i2c.o)
 .text.I2C_MonitorModeCmd
                0x00000000       0x98 C:\Users\247810\Downloads\sysWbud24_05\Lib_MCU\Debug\libLib_MCU.a(lpc17xx_i2c.o)
 .text.I2C_MonitorGetDatabuffer
                0x00000000       0x48 C:\Users\247810\Downloads\sysWbud24_05\Lib_MCU\Debug\libLib_MCU.a(lpc17xx_i2c.o)
 .text.I2C_MonitorHandler
                0x00000000       0x50 C:\Users\247810\Downloads\sysWbud24_05\Lib_MCU\Debug\libLib_MCU.a(lpc17xx_i2c.o)
 .text.I2C_MasterTransferComplete
                0x00000000       0x34 C:\Users\247810\Downloads\sysWbud24_05\Lib_MCU\Debug\libLib_MCU.a(lpc17xx_i2c.o)
 .text.I2C_SlaveTransferComplete
                0x00000000       0x34 C:\Users\247810\Downloads\sysWbud24_05\Lib_MCU\Debug\libLib_MCU.a(lpc17xx_i2c.o)
 .debug_macro   0x00000000      0xaa2 C:\Users\247810\Downloads\sysWbud24_05\Lib_MCU\Debug\libLib_MCU.a(lpc17xx_i2c.o)
 .debug_macro   0x00000000       0x1c C:\Users\247810\Downloads\sysWbud24_05\Lib_MCU\Debug\libLib_MCU.a(lpc17xx_i2c.o)
 .debug_macro   0x00000000       0x22 C:\Users\247810\Downloads\sysWbud24_05\Lib_MCU\Debug\libLib_MCU.a(lpc17xx_i2c.o)
 .debug_macro   0x00000000       0x10 C:\Users\247810\Downloads\sysWbud24_05\Lib_MCU\Debug\libLib_MCU.a(lpc17xx_i2c.o)
 .debug_macro   0x00000000      0x12e C:\Users\247810\Downloads\sysWbud24_05\Lib_MCU\Debug\libLib_MCU.a(lpc17xx_i2c.o)
 .debug_macro   0x00000000      0x5b3 C:\Users\247810\Downloads\sysWbud24_05\Lib_MCU\Debug\libLib_MCU.a(lpc17xx_i2c.o)
 .debug_macro   0x00000000      0x7b7 C:\Users\247810\Downloads\sysWbud24_05\Lib_MCU\Debug\libLib_MCU.a(lpc17xx_i2c.o)
 .debug_macro   0x00000000      0x2c7 C:\Users\247810\Downloads\sysWbud24_05\Lib_MCU\Debug\libLib_MCU.a(lpc17xx_i2c.o)
 .debug_macro   0x00000000       0x64 C:\Users\247810\Downloads\sysWbud24_05\Lib_MCU\Debug\libLib_MCU.a(lpc17xx_i2c.o)
 .debug_macro   0x00000000      0x18c C:\Users\247810\Downloads\sysWbud24_05\Lib_MCU\Debug\libLib_MCU.a(lpc17xx_i2c.o)
 .group         0x00000000        0xc C:\Users\247810\Downloads\sysWbud24_05\Lib_MCU\Debug\libLib_MCU.a(lpc17xx_pinsel.o)
 .group         0x00000000        0xc C:\Users\247810\Downloads\sysWbud24_05\Lib_MCU\Debug\libLib_MCU.a(lpc17xx_pinsel.o)
 .group         0x00000000        0xc C:\Users\247810\Downloads\sysWbud24_05\Lib_MCU\Debug\libLib_MCU.a(lpc17xx_pinsel.o)
 .group         0x00000000        0xc C:\Users\247810\Downloads\sysWbud24_05\Lib_MCU\Debug\libLib_MCU.a(lpc17xx_pinsel.o)
 .group         0x00000000        0xc C:\Users\247810\Downloads\sysWbud24_05\Lib_MCU\Debug\libLib_MCU.a(lpc17xx_pinsel.o)
 .group         0x00000000        0xc C:\Users\247810\Downloads\sysWbud24_05\Lib_MCU\Debug\libLib_MCU.a(lpc17xx_pinsel.o)
 .group         0x00000000        0xc C:\Users\247810\Downloads\sysWbud24_05\Lib_MCU\Debug\libLib_MCU.a(lpc17xx_pinsel.o)
 .group         0x00000000        0xc C:\Users\247810\Downloads\sysWbud24_05\Lib_MCU\Debug\libLib_MCU.a(lpc17xx_pinsel.o)
 .group         0x00000000        0xc C:\Users\247810\Downloads\sysWbud24_05\Lib_MCU\Debug\libLib_MCU.a(lpc17xx_pinsel.o)
 .group         0x00000000        0xc C:\Users\247810\Downloads\sysWbud24_05\Lib_MCU\Debug\libLib_MCU.a(lpc17xx_pinsel.o)
 .text          0x00000000        0x0 C:\Users\247810\Downloads\sysWbud24_05\Lib_MCU\Debug\libLib_MCU.a(lpc17xx_pinsel.o)
 .data          0x00000000        0x0 C:\Users\247810\Downloads\sysWbud24_05\Lib_MCU\Debug\libLib_MCU.a(lpc17xx_pinsel.o)
 .bss           0x00000000        0x0 C:\Users\247810\Downloads\sysWbud24_05\Lib_MCU\Debug\libLib_MCU.a(lpc17xx_pinsel.o)
 .text.PINSEL_ConfigTraceFunc
                0x00000000       0x40 C:\Users\247810\Downloads\sysWbud24_05\Lib_MCU\Debug\libLib_MCU.a(lpc17xx_pinsel.o)
 .text.PINSEL_SetI2C0Pins
                0x00000000       0x38 C:\Users\247810\Downloads\sysWbud24_05\Lib_MCU\Debug\libLib_MCU.a(lpc17xx_pinsel.o)
 .debug_macro   0x00000000      0xaa2 C:\Users\247810\Downloads\sysWbud24_05\Lib_MCU\Debug\libLib_MCU.a(lpc17xx_pinsel.o)
 .debug_macro   0x00000000       0x1c C:\Users\247810\Downloads\sysWbud24_05\Lib_MCU\Debug\libLib_MCU.a(lpc17xx_pinsel.o)
 .debug_macro   0x00000000       0x22 C:\Users\247810\Downloads\sysWbud24_05\Lib_MCU\Debug\libLib_MCU.a(lpc17xx_pinsel.o)
 .debug_macro   0x00000000       0x10 C:\Users\247810\Downloads\sysWbud24_05\Lib_MCU\Debug\libLib_MCU.a(lpc17xx_pinsel.o)
 .debug_macro   0x00000000      0x12e C:\Users\247810\Downloads\sysWbud24_05\Lib_MCU\Debug\libLib_MCU.a(lpc17xx_pinsel.o)
 .debug_macro   0x00000000      0x5b3 C:\Users\247810\Downloads\sysWbud24_05\Lib_MCU\Debug\libLib_MCU.a(lpc17xx_pinsel.o)
 .debug_macro   0x00000000      0x7b7 C:\Users\247810\Downloads\sysWbud24_05\Lib_MCU\Debug\libLib_MCU.a(lpc17xx_pinsel.o)
 .debug_macro   0x00000000      0x2c7 C:\Users\247810\Downloads\sysWbud24_05\Lib_MCU\Debug\libLib_MCU.a(lpc17xx_pinsel.o)
 .debug_macro   0x00000000       0x64 C:\Users\247810\Downloads\sysWbud24_05\Lib_MCU\Debug\libLib_MCU.a(lpc17xx_pinsel.o)
 .debug_macro   0x00000000      0x140 C:\Users\247810\Downloads\sysWbud24_05\Lib_MCU\Debug\libLib_MCU.a(lpc17xx_pinsel.o)
 .group         0x00000000        0xc C:\Users\247810\Downloads\sysWbud24_05\Lib_MCU\Debug\libLib_MCU.a(lpc17xx_timer.o)
 .group         0x00000000        0xc C:\Users\247810\Downloads\sysWbud24_05\Lib_MCU\Debug\libLib_MCU.a(lpc17xx_timer.o)
 .group         0x00000000        0xc C:\Users\247810\Downloads\sysWbud24_05\Lib_MCU\Debug\libLib_MCU.a(lpc17xx_timer.o)
 .group         0x00000000        0xc C:\Users\247810\Downloads\sysWbud24_05\Lib_MCU\Debug\libLib_MCU.a(lpc17xx_timer.o)
 .group         0x00000000        0xc C:\Users\247810\Downloads\sysWbud24_05\Lib_MCU\Debug\libLib_MCU.a(lpc17xx_timer.o)
 .group         0x00000000        0xc C:\Users\247810\Downloads\sysWbud24_05\Lib_MCU\Debug\libLib_MCU.a(lpc17xx_timer.o)
 .group         0x00000000        0xc C:\Users\247810\Downloads\sysWbud24_05\Lib_MCU\Debug\libLib_MCU.a(lpc17xx_timer.o)
 .group         0x00000000        0xc C:\Users\247810\Downloads\sysWbud24_05\Lib_MCU\Debug\libLib_MCU.a(lpc17xx_timer.o)
 .group         0x00000000        0xc C:\Users\247810\Downloads\sysWbud24_05\Lib_MCU\Debug\libLib_MCU.a(lpc17xx_timer.o)
 .group         0x00000000        0xc C:\Users\247810\Downloads\sysWbud24_05\Lib_MCU\Debug\libLib_MCU.a(lpc17xx_timer.o)
 .group         0x00000000        0xc C:\Users\247810\Downloads\sysWbud24_05\Lib_MCU\Debug\libLib_MCU.a(lpc17xx_timer.o)
 .group         0x00000000        0xc C:\Users\247810\Downloads\sysWbud24_05\Lib_MCU\Debug\libLib_MCU.a(lpc17xx_timer.o)
 .group         0x00000000        0xc C:\Users\247810\Downloads\sysWbud24_05\Lib_MCU\Debug\libLib_MCU.a(lpc17xx_timer.o)
 .text          0x00000000        0x0 C:\Users\247810\Downloads\sysWbud24_05\Lib_MCU\Debug\libLib_MCU.a(lpc17xx_timer.o)
 .data          0x00000000        0x0 C:\Users\247810\Downloads\sysWbud24_05\Lib_MCU\Debug\libLib_MCU.a(lpc17xx_timer.o)
 .bss           0x00000000        0x0 C:\Users\247810\Downloads\sysWbud24_05\Lib_MCU\Debug\libLib_MCU.a(lpc17xx_timer.o)
 .text.TIM_GetIntCaptureStatus
                0x00000000       0x9c C:\Users\247810\Downloads\sysWbud24_05\Lib_MCU\Debug\libLib_MCU.a(lpc17xx_timer.o)
 .text.TIM_ClearIntCapturePending
                0x00000000       0x88 C:\Users\247810\Downloads\sysWbud24_05\Lib_MCU\Debug\libLib_MCU.a(lpc17xx_timer.o)
 .text.TIM_ConfigStructInit
                0x00000000       0x38 C:\Users\247810\Downloads\sysWbud24_05\Lib_MCU\Debug\libLib_MCU.a(lpc17xx_timer.o)
 .text.TIM_DeInit
                0x00000000       0x9c C:\Users\247810\Downloads\sysWbud24_05\Lib_MCU\Debug\libLib_MCU.a(lpc17xx_timer.o)
 .text.TIM_ResetCounter
                0x00000000       0x64 C:\Users\247810\Downloads\sysWbud24_05\Lib_MCU\Debug\libLib_MCU.a(lpc17xx_timer.o)
 .text.TIM_UpdateMatchValue
                0x00000000       0x90 C:\Users\247810\Downloads\sysWbud24_05\Lib_MCU\Debug\libLib_MCU.a(lpc17xx_timer.o)
 .text.TIM_ConfigCapture
                0x00000000       0xdc C:\Users\247810\Downloads\sysWbud24_05\Lib_MCU\Debug\libLib_MCU.a(lpc17xx_timer.o)
 .text.TIM_GetCaptureValue
                0x00000000       0x74 C:\Users\247810\Downloads\sysWbud24_05\Lib_MCU\Debug\libLib_MCU.a(lpc17xx_timer.o)
 .text.Timer0_us_Wait
                0x00000000       0x74 C:\Users\247810\Downloads\sysWbud24_05\Lib_MCU\Debug\libLib_MCU.a(lpc17xx_timer.o)
 .debug_macro   0x00000000      0xaa2 C:\Users\247810\Downloads\sysWbud24_05\Lib_MCU\Debug\libLib_MCU.a(lpc17xx_timer.o)
 .debug_macro   0x00000000       0x1c C:\Users\247810\Downloads\sysWbud24_05\Lib_MCU\Debug\libLib_MCU.a(lpc17xx_timer.o)
 .debug_macro   0x00000000       0x22 C:\Users\247810\Downloads\sysWbud24_05\Lib_MCU\Debug\libLib_MCU.a(lpc17xx_timer.o)
 .debug_macro   0x00000000       0x10 C:\Users\247810\Downloads\sysWbud24_05\Lib_MCU\Debug\libLib_MCU.a(lpc17xx_timer.o)
 .debug_macro   0x00000000      0x12e C:\Users\247810\Downloads\sysWbud24_05\Lib_MCU\Debug\libLib_MCU.a(lpc17xx_timer.o)
 .debug_macro   0x00000000      0x5b3 C:\Users\247810\Downloads\sysWbud24_05\Lib_MCU\Debug\libLib_MCU.a(lpc17xx_timer.o)
 .debug_macro   0x00000000      0x7b7 C:\Users\247810\Downloads\sysWbud24_05\Lib_MCU\Debug\libLib_MCU.a(lpc17xx_timer.o)
 .debug_macro   0x00000000      0x2c7 C:\Users\247810\Downloads\sysWbud24_05\Lib_MCU\Debug\libLib_MCU.a(lpc17xx_timer.o)
 .debug_macro   0x00000000       0x64 C:\Users\247810\Downloads\sysWbud24_05\Lib_MCU\Debug\libLib_MCU.a(lpc17xx_timer.o)
 .debug_macro   0x00000000      0x2fa C:\Users\247810\Downloads\sysWbud24_05\Lib_MCU\Debug\libLib_MCU.a(lpc17xx_timer.o)
 .debug_macro   0x00000000      0x146 C:\Users\247810\Downloads\sysWbud24_05\Lib_MCU\Debug\libLib_MCU.a(lpc17xx_timer.o)
 .debug_macro   0x00000000       0xda C:\Users\247810\Downloads\sysWbud24_05\Lib_MCU\Debug\libLib_MCU.a(lpc17xx_timer.o)
 .group         0x00000000        0xc C:\Users\247810\Downloads\sysWbud24_05\Lib_MCU\Debug\libLib_MCU.a(lpc17xx_uart.o)
 .group         0x00000000        0xc C:\Users\247810\Downloads\sysWbud24_05\Lib_MCU\Debug\libLib_MCU.a(lpc17xx_uart.o)
 .group         0x00000000        0xc C:\Users\247810\Downloads\sysWbud24_05\Lib_MCU\Debug\libLib_MCU.a(lpc17xx_uart.o)
 .group         0x00000000        0xc C:\Users\247810\Downloads\sysWbud24_05\Lib_MCU\Debug\libLib_MCU.a(lpc17xx_uart.o)
 .group         0x00000000        0xc C:\Users\247810\Downloads\sysWbud24_05\Lib_MCU\Debug\libLib_MCU.a(lpc17xx_uart.o)
 .group         0x00000000        0xc C:\Users\247810\Downloads\sysWbud24_05\Lib_MCU\Debug\libLib_MCU.a(lpc17xx_uart.o)
 .group         0x00000000        0xc C:\Users\247810\Downloads\sysWbud24_05\Lib_MCU\Debug\libLib_MCU.a(lpc17xx_uart.o)
 .group         0x00000000        0xc C:\Users\247810\Downloads\sysWbud24_05\Lib_MCU\Debug\libLib_MCU.a(lpc17xx_uart.o)
 .group         0x00000000        0xc C:\Users\247810\Downloads\sysWbud24_05\Lib_MCU\Debug\libLib_MCU.a(lpc17xx_uart.o)
 .group         0x00000000        0xc C:\Users\247810\Downloads\sysWbud24_05\Lib_MCU\Debug\libLib_MCU.a(lpc17xx_uart.o)
 .group         0x00000000        0xc C:\Users\247810\Downloads\sysWbud24_05\Lib_MCU\Debug\libLib_MCU.a(lpc17xx_uart.o)
 .group         0x00000000        0xc C:\Users\247810\Downloads\sysWbud24_05\Lib_MCU\Debug\libLib_MCU.a(lpc17xx_uart.o)
 .text          0x00000000        0x0 C:\Users\247810\Downloads\sysWbud24_05\Lib_MCU\Debug\libLib_MCU.a(lpc17xx_uart.o)
 .data          0x00000000        0x0 C:\Users\247810\Downloads\sysWbud24_05\Lib_MCU\Debug\libLib_MCU.a(lpc17xx_uart.o)
 .bss           0x00000000        0x0 C:\Users\247810\Downloads\sysWbud24_05\Lib_MCU\Debug\libLib_MCU.a(lpc17xx_uart.o)
 .text.UART_DeInit
                0x00000000       0x9c C:\Users\247810\Downloads\sysWbud24_05\Lib_MCU\Debug\libLib_MCU.a(lpc17xx_uart.o)
 .text.UART_ConfigStructInit
                0x00000000       0x2c C:\Users\247810\Downloads\sysWbud24_05\Lib_MCU\Debug\libLib_MCU.a(lpc17xx_uart.o)
 .text.UART_ReceiveByte
                0x00000000       0x64 C:\Users\247810\Downloads\sysWbud24_05\Lib_MCU\Debug\libLib_MCU.a(lpc17xx_uart.o)
 .text.UART_Receive
                0x00000000       0xba C:\Users\247810\Downloads\sysWbud24_05\Lib_MCU\Debug\libLib_MCU.a(lpc17xx_uart.o)
 .text.UART_ForceBreak
                0x00000000       0x78 C:\Users\247810\Downloads\sysWbud24_05\Lib_MCU\Debug\libLib_MCU.a(lpc17xx_uart.o)
 .text.UART_IntConfig
                0x00000000      0x184 C:\Users\247810\Downloads\sysWbud24_05\Lib_MCU\Debug\libLib_MCU.a(lpc17xx_uart.o)
 .text.UART_GetLineStatus
                0x00000000       0x64 C:\Users\247810\Downloads\sysWbud24_05\Lib_MCU\Debug\libLib_MCU.a(lpc17xx_uart.o)
 .text.UART_GetIntId
                0x00000000       0x58 C:\Users\247810\Downloads\sysWbud24_05\Lib_MCU\Debug\libLib_MCU.a(lpc17xx_uart.o)
 .text.UART_CheckBusy
                0x00000000       0x26 C:\Users\247810\Downloads\sysWbud24_05\Lib_MCU\Debug\libLib_MCU.a(lpc17xx_uart.o)
 .text.UART_FIFOConfig
                0x00000000      0x15c C:\Users\247810\Downloads\sysWbud24_05\Lib_MCU\Debug\libLib_MCU.a(lpc17xx_uart.o)
 .text.UART_FIFOConfigStructInit
                0x00000000       0x2a C:\Users\247810\Downloads\sysWbud24_05\Lib_MCU\Debug\libLib_MCU.a(lpc17xx_uart.o)
 .text.UART_ABCmd
                0x00000000      0x134 C:\Users\247810\Downloads\sysWbud24_05\Lib_MCU\Debug\libLib_MCU.a(lpc17xx_uart.o)
 .text.UART_ABClearIntPending
                0x00000000       0x74 C:\Users\247810\Downloads\sysWbud24_05\Lib_MCU\Debug\libLib_MCU.a(lpc17xx_uart.o)
 .text.UART_IrDAInvtInputCmd
                0x00000000       0x7c C:\Users\247810\Downloads\sysWbud24_05\Lib_MCU\Debug\libLib_MCU.a(lpc17xx_uart.o)
 .text.UART_IrDACmd
                0x00000000       0x74 C:\Users\247810\Downloads\sysWbud24_05\Lib_MCU\Debug\libLib_MCU.a(lpc17xx_uart.o)
 .text.UART_IrDAPulseDivConfig
                0x00000000       0x9c C:\Users\247810\Downloads\sysWbud24_05\Lib_MCU\Debug\libLib_MCU.a(lpc17xx_uart.o)
 .text.UART_FullModemForcePinState
                0x00000000       0xac C:\Users\247810\Downloads\sysWbud24_05\Lib_MCU\Debug\libLib_MCU.a(lpc17xx_uart.o)
 .text.UART_FullModemConfigMode
                0x00000000       0xc0 C:\Users\247810\Downloads\sysWbud24_05\Lib_MCU\Debug\libLib_MCU.a(lpc17xx_uart.o)
 .text.UART_FullModemGetStatus
                0x00000000       0x30 C:\Users\247810\Downloads\sysWbud24_05\Lib_MCU\Debug\libLib_MCU.a(lpc17xx_uart.o)
 .text.UART_RS485Config
                0x00000000      0x184 C:\Users\247810\Downloads\sysWbud24_05\Lib_MCU\Debug\libLib_MCU.a(lpc17xx_uart.o)
 .text.UART_RS485ReceiverCmd
                0x00000000       0x46 C:\Users\247810\Downloads\sysWbud24_05\Lib_MCU\Debug\libLib_MCU.a(lpc17xx_uart.o)
 .text.UART_RS485Send
                0x00000000       0x7a C:\Users\247810\Downloads\sysWbud24_05\Lib_MCU\Debug\libLib_MCU.a(lpc17xx_uart.o)
 .text.UART_RS485SendSlvAddr
                0x00000000       0x20 C:\Users\247810\Downloads\sysWbud24_05\Lib_MCU\Debug\libLib_MCU.a(lpc17xx_uart.o)
 .text.UART_RS485SendData
                0x00000000       0x22 C:\Users\247810\Downloads\sysWbud24_05\Lib_MCU\Debug\libLib_MCU.a(lpc17xx_uart.o)
 .debug_macro   0x00000000      0xaa2 C:\Users\247810\Downloads\sysWbud24_05\Lib_MCU\Debug\libLib_MCU.a(lpc17xx_uart.o)
 .debug_macro   0x00000000       0x1c C:\Users\247810\Downloads\sysWbud24_05\Lib_MCU\Debug\libLib_MCU.a(lpc17xx_uart.o)
 .debug_macro   0x00000000       0x22 C:\Users\247810\Downloads\sysWbud24_05\Lib_MCU\Debug\libLib_MCU.a(lpc17xx_uart.o)
 .debug_macro   0x00000000       0x10 C:\Users\247810\Downloads\sysWbud24_05\Lib_MCU\Debug\libLib_MCU.a(lpc17xx_uart.o)
 .debug_macro   0x00000000      0x12e C:\Users\247810\Downloads\sysWbud24_05\Lib_MCU\Debug\libLib_MCU.a(lpc17xx_uart.o)
 .debug_macro   0x00000000      0x5b3 C:\Users\247810\Downloads\sysWbud24_05\Lib_MCU\Debug\libLib_MCU.a(lpc17xx_uart.o)
 .debug_macro   0x00000000      0x7b7 C:\Users\247810\Downloads\sysWbud24_05\Lib_MCU\Debug\libLib_MCU.a(lpc17xx_uart.o)
 .debug_macro   0x00000000      0x2c7 C:\Users\247810\Downloads\sysWbud24_05\Lib_MCU\Debug\libLib_MCU.a(lpc17xx_uart.o)
 .debug_macro   0x00000000       0x64 C:\Users\247810\Downloads\sysWbud24_05\Lib_MCU\Debug\libLib_MCU.a(lpc17xx_uart.o)
 .debug_macro   0x00000000      0x2fa C:\Users\247810\Downloads\sysWbud24_05\Lib_MCU\Debug\libLib_MCU.a(lpc17xx_uart.o)
 .debug_macro   0x00000000       0xda C:\Users\247810\Downloads\sysWbud24_05\Lib_MCU\Debug\libLib_MCU.a(lpc17xx_uart.o)
 .group         0x00000000        0xc C:\Users\247810\Downloads\sysWbud24_05\Lib_MCU\Debug\libLib_MCU.a(lpc17xx_clkpwr.o)
 .group         0x00000000        0xc C:\Users\247810\Downloads\sysWbud24_05\Lib_MCU\Debug\libLib_MCU.a(lpc17xx_clkpwr.o)
 .group         0x00000000        0xc C:\Users\247810\Downloads\sysWbud24_05\Lib_MCU\Debug\libLib_MCU.a(lpc17xx_clkpwr.o)
 .group         0x00000000        0xc C:\Users\247810\Downloads\sysWbud24_05\Lib_MCU\Debug\libLib_MCU.a(lpc17xx_clkpwr.o)
 .group         0x00000000        0xc C:\Users\247810\Downloads\sysWbud24_05\Lib_MCU\Debug\libLib_MCU.a(lpc17xx_clkpwr.o)
 .group         0x00000000        0xc C:\Users\247810\Downloads\sysWbud24_05\Lib_MCU\Debug\libLib_MCU.a(lpc17xx_clkpwr.o)
 .group         0x00000000        0xc C:\Users\247810\Downloads\sysWbud24_05\Lib_MCU\Debug\libLib_MCU.a(lpc17xx_clkpwr.o)
 .group         0x00000000        0xc C:\Users\247810\Downloads\sysWbud24_05\Lib_MCU\Debug\libLib_MCU.a(lpc17xx_clkpwr.o)
 .group         0x00000000        0xc C:\Users\247810\Downloads\sysWbud24_05\Lib_MCU\Debug\libLib_MCU.a(lpc17xx_clkpwr.o)
 .group         0x00000000        0xc C:\Users\247810\Downloads\sysWbud24_05\Lib_MCU\Debug\libLib_MCU.a(lpc17xx_clkpwr.o)
 .text          0x00000000        0x0 C:\Users\247810\Downloads\sysWbud24_05\Lib_MCU\Debug\libLib_MCU.a(lpc17xx_clkpwr.o)
 .data          0x00000000        0x0 C:\Users\247810\Downloads\sysWbud24_05\Lib_MCU\Debug\libLib_MCU.a(lpc17xx_clkpwr.o)
 .bss           0x00000000        0x0 C:\Users\247810\Downloads\sysWbud24_05\Lib_MCU\Debug\libLib_MCU.a(lpc17xx_clkpwr.o)
 .text.__WFI    0x00000000        0xe C:\Users\247810\Downloads\sysWbud24_05\Lib_MCU\Debug\libLib_MCU.a(lpc17xx_clkpwr.o)
 .text.CLKPWR_Sleep
                0x00000000       0x18 C:\Users\247810\Downloads\sysWbud24_05\Lib_MCU\Debug\libLib_MCU.a(lpc17xx_clkpwr.o)
 .text.CLKPWR_DeepSleep
                0x00000000       0x24 C:\Users\247810\Downloads\sysWbud24_05\Lib_MCU\Debug\libLib_MCU.a(lpc17xx_clkpwr.o)
 .text.CLKPWR_PowerDown
                0x00000000       0x24 C:\Users\247810\Downloads\sysWbud24_05\Lib_MCU\Debug\libLib_MCU.a(lpc17xx_clkpwr.o)
 .text.CLKPWR_DeepPowerDown
                0x00000000       0x24 C:\Users\247810\Downloads\sysWbud24_05\Lib_MCU\Debug\libLib_MCU.a(lpc17xx_clkpwr.o)
 .debug_macro   0x00000000      0xaa2 C:\Users\247810\Downloads\sysWbud24_05\Lib_MCU\Debug\libLib_MCU.a(lpc17xx_clkpwr.o)
 .debug_macro   0x00000000       0x1c C:\Users\247810\Downloads\sysWbud24_05\Lib_MCU\Debug\libLib_MCU.a(lpc17xx_clkpwr.o)
 .debug_macro   0x00000000       0x22 C:\Users\247810\Downloads\sysWbud24_05\Lib_MCU\Debug\libLib_MCU.a(lpc17xx_clkpwr.o)
 .debug_macro   0x00000000       0x10 C:\Users\247810\Downloads\sysWbud24_05\Lib_MCU\Debug\libLib_MCU.a(lpc17xx_clkpwr.o)
 .debug_macro   0x00000000      0x12e C:\Users\247810\Downloads\sysWbud24_05\Lib_MCU\Debug\libLib_MCU.a(lpc17xx_clkpwr.o)
 .debug_macro   0x00000000      0x5b3 C:\Users\247810\Downloads\sysWbud24_05\Lib_MCU\Debug\libLib_MCU.a(lpc17xx_clkpwr.o)
 .debug_macro   0x00000000      0x7b7 C:\Users\247810\Downloads\sysWbud24_05\Lib_MCU\Debug\libLib_MCU.a(lpc17xx_clkpwr.o)
 .debug_macro   0x00000000      0x2c7 C:\Users\247810\Downloads\sysWbud24_05\Lib_MCU\Debug\libLib_MCU.a(lpc17xx_clkpwr.o)
 .debug_macro   0x00000000       0x64 C:\Users\247810\Downloads\sysWbud24_05\Lib_MCU\Debug\libLib_MCU.a(lpc17xx_clkpwr.o)
 .data          0x00000000        0x0 c:/nxp/mcuxpressoide_11.3.1_5262/ide/plugins/com.nxp.mcuxpresso.tools.win32_11.3.0.202008311133/tools/bin/../lib/gcc/arm-none-eabi/9.3.1/thumb/v7-m/nofp\libgcc.a(_aeabi_uldivmod.o)
 .bss           0x00000000        0x0 c:/nxp/mcuxpressoide_11.3.1_5262/ide/plugins/com.nxp.mcuxpresso.tools.win32_11.3.0.202008311133/tools/bin/../lib/gcc/arm-none-eabi/9.3.1/thumb/v7-m/nofp\libgcc.a(_aeabi_uldivmod.o)
 .data          0x00000000        0x0 c:/nxp/mcuxpressoide_11.3.1_5262/ide/plugins/com.nxp.mcuxpresso.tools.win32_11.3.0.202008311133/tools/bin/../lib/gcc/arm-none-eabi/9.3.1/thumb/v7-m/nofp\libgcc.a(_udivmoddi4.o)
 .bss           0x00000000        0x0 c:/nxp/mcuxpressoide_11.3.1_5262/ide/plugins/com.nxp.mcuxpresso.tools.win32_11.3.0.202008311133/tools/bin/../lib/gcc/arm-none-eabi/9.3.1/thumb/v7-m/nofp\libgcc.a(_udivmoddi4.o)
 .ARM.extab     0x00000000        0x0 c:/nxp/mcuxpressoide_11.3.1_5262/ide/plugins/com.nxp.mcuxpresso.tools.win32_11.3.0.202008311133/tools/bin/../lib/gcc/arm-none-eabi/9.3.1/thumb/v7-m/nofp\libgcc.a(_udivmoddi4.o)
 .data          0x00000000        0x0 c:/nxp/mcuxpressoide_11.3.1_5262/ide/plugins/com.nxp.mcuxpresso.tools.win32_11.3.0.202008311133/tools/bin/../lib/gcc/arm-none-eabi/9.3.1/thumb/v7-m/nofp\libgcc.a(_dvmd_tls.o)
 .bss           0x00000000        0x0 c:/nxp/mcuxpressoide_11.3.1_5262/ide/plugins/com.nxp.mcuxpresso.tools.win32_11.3.0.202008311133/tools/bin/../lib/gcc/arm-none-eabi/9.3.1/thumb/v7-m/nofp\libgcc.a(_dvmd_tls.o)
 .data          0x00000000        0x0 c:/nxp/mcuxpressoide_11.3.1_5262/ide/plugins/com.nxp.mcuxpresso.tools.win32_11.3.0.202008311133/tools/bin/../lib/gcc/arm-none-eabi/9.3.1/../../../../arm-none-eabi/lib/thumb/v7-m/nofp\libc.a(lib_a-memcpy.o)
 .bss           0x00000000        0x0 c:/nxp/mcuxpressoide_11.3.1_5262/ide/plugins/com.nxp.mcuxpresso.tools.win32_11.3.0.202008311133/tools/bin/../lib/gcc/arm-none-eabi/9.3.1/../../../../arm-none-eabi/lib/thumb/v7-m/nofp\libc.a(lib_a-memcpy.o)
 .text          0x00000000        0x0 c:/nxp/mcuxpressoide_11.3.1_5262/ide/plugins/com.nxp.mcuxpresso.tools.win32_11.3.0.202008311133/tools/bin/../lib/gcc/arm-none-eabi/9.3.1/../../../../arm-none-eabi/lib/thumb/v7-m/nofp\libc.a(lib_a-memset.o)
 .data          0x00000000        0x0 c:/nxp/mcuxpressoide_11.3.1_5262/ide/plugins/com.nxp.mcuxpresso.tools.win32_11.3.0.202008311133/tools/bin/../lib/gcc/arm-none-eabi/9.3.1/../../../../arm-none-eabi/lib/thumb/v7-m/nofp\libc.a(lib_a-memset.o)
 .bss           0x00000000        0x0 c:/nxp/mcuxpressoide_11.3.1_5262/ide/plugins/com.nxp.mcuxpresso.tools.win32_11.3.0.202008311133/tools/bin/../lib/gcc/arm-none-eabi/9.3.1/../../../../arm-none-eabi/lib/thumb/v7-m/nofp\libc.a(lib_a-memset.o)
 .text          0x00000000        0x0 c:/nxp/mcuxpressoide_11.3.1_5262/ide/plugins/com.nxp.mcuxpresso.tools.win32_11.3.0.202008311133/tools/bin/../lib/gcc/arm-none-eabi/9.3.1/../../../../arm-none-eabi/lib/thumb/v7-m/nofp\libc.a(lib_a-strlen-stub.o)
 .data          0x00000000        0x0 c:/nxp/mcuxpressoide_11.3.1_5262/ide/plugins/com.nxp.mcuxpresso.tools.win32_11.3.0.202008311133/tools/bin/../lib/gcc/arm-none-eabi/9.3.1/../../../../arm-none-eabi/lib/thumb/v7-m/nofp\libc.a(lib_a-strlen-stub.o)
 .bss           0x00000000        0x0 c:/nxp/mcuxpressoide_11.3.1_5262/ide/plugins/com.nxp.mcuxpresso.tools.win32_11.3.0.202008311133/tools/bin/../lib/gcc/arm-none-eabi/9.3.1/../../../../arm-none-eabi/lib/thumb/v7-m/nofp\libc.a(lib_a-strlen-stub.o)

Memory Configuration

Name             Origin             Length             Attributes
MFlash512        0x00000000         0x00080000         xr
RamLoc32         0x10000000         0x00008000         xrw
RamAHB32         0x2007c000         0x00008000         xrw
*default*        0x00000000         0xffffffff

Linker script and memory map

LOAD ./src/cr_startup_lpc17.o
LOAD ./src/main.o
LOAD C:\Users\247810\Downloads\sysWbud24_05\Lib_CMSISv1p30_LPC17xx\Debug\libCMSISv1p30_LPC17xx.a
LOAD C:\Users\247810\Downloads\sysWbud24_05\Lib_EaBaseBoard\Debug\libLib_EaBaseBoard.a
LOAD C:\Users\247810\Downloads\sysWbud24_05\Lib_MCU\Debug\libLib_MCU.a
START GROUP
LOAD c:/nxp/mcuxpressoide_11.3.1_5262/ide/plugins/com.nxp.mcuxpresso.tools.win32_11.3.0.202008311133/tools/bin/../lib/gcc/arm-none-eabi/9.3.1/thumb/v7-m/nofp\libgcc.a
LOAD c:/nxp/mcuxpressoide_11.3.1_5262/ide/plugins/com.nxp.mcuxpresso.tools.win32_11.3.0.202008311133/tools/bin/../lib/gcc/arm-none-eabi/9.3.1/../../../../arm-none-eabi/lib/thumb/v7-m/nofp\libc.a
LOAD c:/nxp/mcuxpressoide_11.3.1_5262/ide/plugins/com.nxp.mcuxpresso.tools.win32_11.3.0.202008311133/tools/bin/../lib/gcc/arm-none-eabi/9.3.1/../../../../arm-none-eabi/lib/thumb/v7-m/nofp\libm.a
LOAD c:/nxp/mcuxpressoide_11.3.1_5262/ide/plugins/com.nxp.mcuxpresso.tools.win32_11.3.0.202008311133/tools/bin/../lib/gcc/arm-none-eabi/9.3.1/../../../../arm-none-eabi/lib/thumb/v7-m/nofp\libcr_newlib_semihost.a
END GROUP
                0x00000000                __base_MFlash512 = 0x0
                0x00000000                __base_Flash = 0x0
                0x00080000                __top_MFlash512 = 0x80000
                0x00080000                __top_Flash = 0x80000
                0x10000000                __base_RamLoc32 = 0x10000000
                0x10000000                __base_RAM = 0x10000000
                0x10008000                __top_RamLoc32 = 0x10008000
                0x10008000                __top_RAM = 0x10008000
                0x2007c000                __base_RamAHB32 = 0x2007c000
                0x2007c000                __base_RAM2 = 0x2007c000
                0x20084000                __top_RamAHB32 = 0x20084000
                0x20084000                __top_RAM2 = 0x20084000

.text           0x00000000     0x24dc
 FILL mask 0xff
                0x00000000                __vectors_start__ = ABSOLUTE (.)
 *(.isr_vector)
 .isr_vector    0x00000000       0xcc ./src/cr_startup_lpc17.o
                0x00000000                g_pfnVectors
                0x000000cc                . = ALIGN (0x4)
                0x000000cc                __section_table_start = .
                0x000000cc                __data_section_table = .
                0x000000cc        0x4 LONG 0x24e4 LOADADDR (.data)
                0x000000d0        0x4 LONG 0x10000000 ADDR (.data)
                0x000000d4        0x4 LONG 0x4 SIZEOF (.data)
                0x000000d8        0x4 LONG 0x24e4 LOADADDR (.data_RAM2)
                0x000000dc        0x4 LONG 0x2007c000 ADDR (.data_RAM2)
                0x000000e0        0x4 LONG 0x0 SIZEOF (.data_RAM2)
                0x000000e4                __data_section_table_end = .
                0x000000e4                __bss_section_table = .
                0x000000e4        0x4 LONG 0x10000004 ADDR (.bss)
                0x000000e8        0x4 LONG 0x34 SIZEOF (.bss)
                0x000000ec        0x4 LONG 0x2007c000 ADDR (.bss_RAM2)
                0x000000f0        0x4 LONG 0x0 SIZEOF (.bss_RAM2)
                0x000000f4                __bss_section_table_end = .
                0x000000f4                __section_table_end = .
 *(.after_vectors*)
 *(.text*)
 .text.ResetISR
                0x000000f4       0x58 ./src/cr_startup_lpc17.o
                0x000000f4                ResetISR
 .text.NMI_Handler
                0x0000014c        0x6 ./src/cr_startup_lpc17.o
                0x0000014c                NMI_Handler
 .text.HardFault_Handler
                0x00000152        0x6 ./src/cr_startup_lpc17.o
                0x00000152                HardFault_Handler
 .text.MemManage_Handler
                0x00000158        0x6 ./src/cr_startup_lpc17.o
                0x00000158                MemManage_Handler
 .text.BusFault_Handler
                0x0000015e        0x6 ./src/cr_startup_lpc17.o
                0x0000015e                BusFault_Handler
 .text.UsageFault_Handler
                0x00000164        0x6 ./src/cr_startup_lpc17.o
                0x00000164                UsageFault_Handler
 .text.SVCall_Handler
                0x0000016a        0x6 ./src/cr_startup_lpc17.o
                0x0000016a                SVCall_Handler
 .text.DebugMon_Handler
                0x00000170        0x6 ./src/cr_startup_lpc17.o
                0x00000170                DebugMon_Handler
 .text.PendSV_Handler
                0x00000176        0x6 ./src/cr_startup_lpc17.o
                0x00000176                PendSV_Handler
 .text.SysTick_Handler
                0x0000017c        0x6 ./src/cr_startup_lpc17.o
                0x0000017c                SysTick_Handler
 .text.IntDefaultHandler
                0x00000182        0x6 ./src/cr_startup_lpc17.o
                0x00000182                TIMER2_IRQHandler
                0x00000182                RIT_IRQHandler
                0x00000182                I2C0_IRQHandler
                0x00000182                USBActivity_IRQHandler
                0x00000182                PWM1_IRQHandler
                0x00000182                I2C1_IRQHandler
                0x00000182                EINT2_IRQHandler
                0x00000182                UART1_IRQHandler
                0x00000182                EINT3_IRQHandler
                0x00000182                CANActivity_IRQHandler
                0x00000182                TIMER3_IRQHandler
                0x00000182                UART0_IRQHandler
                0x00000182                IntDefaultHandler
                0x00000182                PLL0_IRQHandler
                0x00000182                CAN_IRQHandler
                0x00000182                PLL1_IRQHandler
                0x00000182                SSP0_IRQHandler
                0x00000182                I2S_IRQHandler
                0x00000182                I2C2_IRQHandler
                0x00000182                RTC_IRQHandler
                0x00000182                TIMER0_IRQHandler
                0x00000182                SPI_IRQHandler
                0x00000182                EINT1_IRQHandler
                0x00000182                TIMER1_IRQHandler
                0x00000182                UART2_IRQHandler
                0x00000182                ADC_IRQHandler
                0x00000182                SSP1_IRQHandler
                0x00000182                USB_IRQHandler
                0x00000182                BOD_IRQHandler
                0x00000182                WDT_IRQHandler
                0x00000182                QEI_IRQHandler
                0x00000182                EINT0_IRQHandler
                0x00000182                DMA_IRQHandler
                0x00000182                UART3_IRQHandler
                0x00000182                MCPWM_IRQHandler
                0x00000182                ENET_IRQHandler
 .text.init_i2c
                0x00000188       0x48 ./src/main.o
 .text.init_uart
                0x000001d0       0x5c ./src/main.o
 .text.main     0x0000022c      0x14c ./src/main.o
                0x0000022c                main
 .text.check_failed
                0x00000378        0xc ./src/main.o
                0x00000378                check_failed
 .text.SystemInit
                0x00000384      0x140 C:\Users\247810\Downloads\sysWbud24_05\Lib_CMSISv1p30_LPC17xx\Debug\libCMSISv1p30_LPC17xx.a(system_LPC17xx.o)
                0x00000384                SystemInit
 .text.I2CRead  0x000004c4       0x50 C:\Users\247810\Downloads\sysWbud24_05\Lib_EaBaseBoard\Debug\libLib_EaBaseBoard.a(eeprom.o)
 .text.I2CWrite
                0x00000514       0x50 C:\Users\247810\Downloads\sysWbud24_05\Lib_EaBaseBoard\Debug\libLib_EaBaseBoard.a(eeprom.o)
 .text.eepromDelay
                0x00000564       0x2a C:\Users\247810\Downloads\sysWbud24_05\Lib_EaBaseBoard\Debug\libLib_EaBaseBoard.a(eeprom.o)
 .text.eeprom_init
                0x0000058e        0xc C:\Users\247810\Downloads\sysWbud24_05\Lib_EaBaseBoard\Debug\libLib_EaBaseBoard.a(eeprom.o)
                0x0000058e                eeprom_init
 .text.eeprom_read
                0x0000059a       0x84 C:\Users\247810\Downloads\sysWbud24_05\Lib_EaBaseBoard\Debug\libLib_EaBaseBoard.a(eeprom.o)
                0x0000059a                eeprom_read
 .text.eeprom_write
                0x0000061e       0xf4 C:\Users\247810\Downloads\sysWbud24_05\Lib_EaBaseBoard\Debug\libLib_EaBaseBoard.a(eeprom.o)
                0x0000061e                eeprom_write
 *fill*         0x00000712        0x2 ff
 .text.NVIC_EnableIRQ
                0x00000714       0x30 C:\Users\247810\Downloads\sysWbud24_05\Lib_MCU\Debug\libLib_MCU.a(lpc17xx_i2c.o)
 .text.NVIC_DisableIRQ
                0x00000744       0x34 C:\Users\247810\Downloads\sysWbud24_05\Lib_MCU\Debug\libLib_MCU.a(lpc17xx_i2c.o)
 .text.I2C_getNum
                0x00000778       0x48 C:\Users\247810\Downloads\sysWbud24_05\Lib_MCU\Debug\libLib_MCU.a(lpc17xx_i2c.o)
 .text.I2C_Start
                0x000007c0       0x3a C:\Users\247810\Downloads\sysWbud24_05\Lib_MCU\Debug\libLib_MCU.a(lpc17xx_i2c.o)
 .text.I2C_Stop
                0x000007fa       0x30 C:\Users\247810\Downloads\sysWbud24_05\Lib_MCU\Debug\libLib_MCU.a(lpc17xx_i2c.o)
 .text.I2C_SendByte
                0x0000082a       0x4a C:\Users\247810\Downloads\sysWbud24_05\Lib_MCU\Debug\libLib_MCU.a(lpc17xx_i2c.o)
 .text.I2C_GetByte
                0x00000874       0x52 C:\Users\247810\Downloads\sysWbud24_05\Lib_MCU\Debug\libLib_MCU.a(lpc17xx_i2c.o)
 *fill*         0x000008c6        0x2 ff
 .text.I2C_SetClock
                0x000008c8       0xa4 C:\Users\247810\Downloads\sysWbud24_05\Lib_MCU\Debug\libLib_MCU.a(lpc17xx_i2c.o)
 .text.I2C_Init
                0x0000096c       0xa4 C:\Users\247810\Downloads\sysWbud24_05\Lib_MCU\Debug\libLib_MCU.a(lpc17xx_i2c.o)
                0x0000096c                I2C_Init
 .text.I2C_Cmd  0x00000a10       0x70 C:\Users\247810\Downloads\sysWbud24_05\Lib_MCU\Debug\libLib_MCU.a(lpc17xx_i2c.o)
                0x00000a10                I2C_Cmd
 .text.I2C_IntCmd
                0x00000a80       0x88 C:\Users\247810\Downloads\sysWbud24_05\Lib_MCU\Debug\libLib_MCU.a(lpc17xx_i2c.o)
                0x00000a80                I2C_IntCmd
 .text.I2C_MasterTransferData
                0x00000b08      0x2cc C:\Users\247810\Downloads\sysWbud24_05\Lib_MCU\Debug\libLib_MCU.a(lpc17xx_i2c.o)
                0x00000b08                I2C_MasterTransferData
 .text.set_PinFunc
                0x00000dd4       0x80 C:\Users\247810\Downloads\sysWbud24_05\Lib_MCU\Debug\libLib_MCU.a(lpc17xx_pinsel.o)
 .text.set_ResistorMode
                0x00000e54       0x80 C:\Users\247810\Downloads\sysWbud24_05\Lib_MCU\Debug\libLib_MCU.a(lpc17xx_pinsel.o)
 .text.set_OpenDrainMode
                0x00000ed4       0x68 C:\Users\247810\Downloads\sysWbud24_05\Lib_MCU\Debug\libLib_MCU.a(lpc17xx_pinsel.o)
 .text.PINSEL_ConfigPin
                0x00000f3c       0x46 C:\Users\247810\Downloads\sysWbud24_05\Lib_MCU\Debug\libLib_MCU.a(lpc17xx_pinsel.o)
                0x00000f3c                PINSEL_ConfigPin
 *fill*         0x00000f82        0x2 ff
 .text.getPClock
                0x00000f84       0x58 C:\Users\247810\Downloads\sysWbud24_05\Lib_MCU\Debug\libLib_MCU.a(lpc17xx_timer.o)
 .text.converUSecToVal
                0x00000fdc       0x5c C:\Users\247810\Downloads\sysWbud24_05\Lib_MCU\Debug\libLib_MCU.a(lpc17xx_timer.o)
 .text.converPtrToTimeNum
                0x00001038       0x5c C:\Users\247810\Downloads\sysWbud24_05\Lib_MCU\Debug\libLib_MCU.a(lpc17xx_timer.o)
 .text.TIM_GetIntStatus
                0x00001094       0x98 C:\Users\247810\Downloads\sysWbud24_05\Lib_MCU\Debug\libLib_MCU.a(lpc17xx_timer.o)
                0x00001094                TIM_GetIntStatus
 .text.TIM_ClearIntPending
                0x0000112c       0x88 C:\Users\247810\Downloads\sysWbud24_05\Lib_MCU\Debug\libLib_MCU.a(lpc17xx_timer.o)
                0x0000112c                TIM_ClearIntPending
 .text.TIM_Init
                0x000011b4      0x184 C:\Users\247810\Downloads\sysWbud24_05\Lib_MCU\Debug\libLib_MCU.a(lpc17xx_timer.o)
                0x000011b4                TIM_Init
 .text.TIM_Cmd  0x00001338       0x70 C:\Users\247810\Downloads\sysWbud24_05\Lib_MCU\Debug\libLib_MCU.a(lpc17xx_timer.o)
                0x00001338                TIM_Cmd
 .text.TIM_ConfigMatch
                0x000013a8      0x184 C:\Users\247810\Downloads\sysWbud24_05\Lib_MCU\Debug\libLib_MCU.a(lpc17xx_timer.o)
                0x000013a8                TIM_ConfigMatch
 .text.Timer0_Wait
                0x0000152c       0x76 C:\Users\247810\Downloads\sysWbud24_05\Lib_MCU\Debug\libLib_MCU.a(lpc17xx_timer.o)
                0x0000152c                Timer0_Wait
 *fill*         0x000015a2        0x2 ff
 .text.uart_set_divisors
                0x000015a4      0x2a8 C:\Users\247810\Downloads\sysWbud24_05\Lib_MCU\Debug\libLib_MCU.a(lpc17xx_uart.o)
 .text.UART_Init
                0x0000184c      0x2e4 C:\Users\247810\Downloads\sysWbud24_05\Lib_MCU\Debug\libLib_MCU.a(lpc17xx_uart.o)
                0x0000184c                UART_Init
 .text.UART_SendByte
                0x00001b30       0x68 C:\Users\247810\Downloads\sysWbud24_05\Lib_MCU\Debug\libLib_MCU.a(lpc17xx_uart.o)
                0x00001b30                UART_SendByte
 .text.UART_Send
                0x00001b98       0xea C:\Users\247810\Downloads\sysWbud24_05\Lib_MCU\Debug\libLib_MCU.a(lpc17xx_uart.o)
                0x00001b98                UART_Send
 *fill*         0x00001c82        0x2 ff
 .text.UART_TxCmd
                0x00001c84       0xc8 C:\Users\247810\Downloads\sysWbud24_05\Lib_MCU\Debug\libLib_MCU.a(lpc17xx_uart.o)
                0x00001c84                UART_TxCmd
 .text.UART_SendString
                0x00001d4c       0x28 C:\Users\247810\Downloads\sysWbud24_05\Lib_MCU\Debug\libLib_MCU.a(lpc17xx_uart.o)
                0x00001d4c                UART_SendString
 .text.CLKPWR_SetPCLKDiv
                0x00001d74       0x90 C:\Users\247810\Downloads\sysWbud24_05\Lib_MCU\Debug\libLib_MCU.a(lpc17xx_clkpwr.o)
                0x00001d74                CLKPWR_SetPCLKDiv
 .text.CLKPWR_GetPCLKSEL
                0x00001e04       0x48 C:\Users\247810\Downloads\sysWbud24_05\Lib_MCU\Debug\libLib_MCU.a(lpc17xx_clkpwr.o)
                0x00001e04                CLKPWR_GetPCLKSEL
 .text.CLKPWR_GetPCLK
                0x00001e4c       0x64 C:\Users\247810\Downloads\sysWbud24_05\Lib_MCU\Debug\libLib_MCU.a(lpc17xx_clkpwr.o)
                0x00001e4c                CLKPWR_GetPCLK
 .text.CLKPWR_ConfigPPWR
                0x00001eb0       0x58 C:\Users\247810\Downloads\sysWbud24_05\Lib_MCU\Debug\libLib_MCU.a(lpc17xx_clkpwr.o)
                0x00001eb0                CLKPWR_ConfigPPWR
 .text          0x00001f08       0x30 c:/nxp/mcuxpressoide_11.3.1_5262/ide/plugins/com.nxp.mcuxpresso.tools.win32_11.3.0.202008311133/tools/bin/../lib/gcc/arm-none-eabi/9.3.1/thumb/v7-m/nofp\libgcc.a(_aeabi_uldivmod.o)
                0x00001f08                __aeabi_uldivmod
 .text          0x00001f38      0x2c4 c:/nxp/mcuxpressoide_11.3.1_5262/ide/plugins/com.nxp.mcuxpresso.tools.win32_11.3.0.202008311133/tools/bin/../lib/gcc/arm-none-eabi/9.3.1/thumb/v7-m/nofp\libgcc.a(_udivmoddi4.o)
                0x00001f38                __udivmoddi4
 .text          0x000021fc        0x4 c:/nxp/mcuxpressoide_11.3.1_5262/ide/plugins/com.nxp.mcuxpresso.tools.win32_11.3.0.202008311133/tools/bin/../lib/gcc/arm-none-eabi/9.3.1/thumb/v7-m/nofp\libgcc.a(_dvmd_tls.o)
                0x000021fc                __aeabi_idiv0
                0x000021fc                __aeabi_ldiv0
 .text          0x00002200       0xec c:/nxp/mcuxpressoide_11.3.1_5262/ide/plugins/com.nxp.mcuxpresso.tools.win32_11.3.0.202008311133/tools/bin/../lib/gcc/arm-none-eabi/9.3.1/../../../../arm-none-eabi/lib/thumb/v7-m/nofp\libc.a(lib_a-memcpy.o)
                0x00002200                memcpy
 .text.memset   0x000022ec       0xa0 c:/nxp/mcuxpressoide_11.3.1_5262/ide/plugins/com.nxp.mcuxpresso.tools.win32_11.3.0.202008311133/tools/bin/../lib/gcc/arm-none-eabi/9.3.1/../../../../arm-none-eabi/lib/thumb/v7-m/nofp\libc.a(lib_a-memset.o)
                0x000022ec                memset
 .text.strlen   0x0000238c       0x5c c:/nxp/mcuxpressoide_11.3.1_5262/ide/plugins/com.nxp.mcuxpresso.tools.win32_11.3.0.202008311133/tools/bin/../lib/gcc/arm-none-eabi/9.3.1/../../../../arm-none-eabi/lib/thumb/v7-m/nofp\libc.a(lib_a-strlen-stub.o)
                0x0000238c                strlen
 *(.rodata .rodata.* .constdata .constdata.*)
 .rodata.str1.4
                0x000023e8       0xbd ./src/main.o
 *fill*         0x000024a5        0x3 ff
 .rodata.str1.4
                0x000024a8        0xf C:\Users\247810\Downloads\sysWbud24_05\Lib_MCU\Debug\libLib_MCU.a(lpc17xx_i2c.o)
 *fill*         0x000024b7        0x1 ff
 .rodata.str1.4
                0x000024b8       0x11 C:\Users\247810\Downloads\sysWbud24_05\Lib_MCU\Debug\libLib_MCU.a(lpc17xx_timer.o)
 *fill*         0x000024c9        0x3 ff
 .rodata.str1.4
                0x000024cc       0x10 C:\Users\247810\Downloads\sysWbud24_05\Lib_MCU\Debug\libLib_MCU.a(lpc17xx_uart.o)
                0x000024dc                . = ALIGN (0x4)

.glue_7         0x000024dc        0x0
 .glue_7        0x000024dc        0x0 linker stubs

.glue_7t        0x000024dc        0x0
 .glue_7t       0x000024dc        0x0 linker stubs

.vfp11_veneer   0x000024dc        0x0
 .vfp11_veneer  0x000024dc        0x0 linker stubs

.v4_bx          0x000024dc        0x0
 .v4_bx         0x000024dc        0x0 linker stubs

.iplt           0x000024dc        0x0
 .iplt          0x000024dc        0x0 ./src/cr_startup_lpc17.o

.ARM.extab
 *(.ARM.extab* .gnu.linkonce.armextab.*)

.ARM.exidx      0x000024dc        0x8
                0x000024dc                __exidx_start = .
 *(.ARM.exidx* .gnu.linkonce.armexidx.*)
 .ARM.exidx     0x000024dc        0x8 c:/nxp/mcuxpressoide_11.3.1_5262/ide/plugins/com.nxp.mcuxpresso.tools.win32_11.3.0.202008311133/tools/bin/../lib/gcc/arm-none-eabi/9.3.1/thumb/v7-m/nofp\libgcc.a(_udivmoddi4.o)
                0x000024e4                __exidx_end = .
                0x000024e4                _etext = .

.rel.dyn        0x000024e4        0x0
 .rel.iplt      0x000024e4        0x0 ./src/cr_startup_lpc17.o

.data_RAM2      0x2007c000        0x0 load address 0x000024e4
 FILL mask 0xff
                [!provide]                PROVIDE (__start_data_RAM2 = .)
                [!provide]                PROVIDE (__start_data_RamAHB32 = .)
 *(.ramfunc.$RAM2)
 *(.ramfunc.$RamAHB32)
 *(.data.$RAM2)
 *(.data.$RamAHB32)
 *(.data.$RAM2.*)
 *(.data.$RamAHB32.*)
                0x2007c000                . = ALIGN (0x4)
                [!provide]                PROVIDE (__end_data_RAM2 = .)
                [!provide]                PROVIDE (__end_data_RamAHB32 = .)

.uninit_RESERVED
                0x10000000        0x0
                0x10000000                _start_uninit_RESERVED = .
 *(.bss.$RESERVED*)
                0x10000000                . = ALIGN (0x4)
                0x10000000                _end_uninit_RESERVED = .

.data           0x10000000        0x4 load address 0x000024e4
 FILL mask 0xff
                0x10000000                _data = .
                [!provide]                PROVIDE (__start_data_RAM = .)
                [!provide]                PROVIDE (__start_data_RamLoc32 = .)
 *(vtable)
 *(.ramfunc*)
 *(CodeQuickAccess)
 *(DataQuickAccess)
 *(RamFunction)
 *(.data*)
 .data          0x10000000        0x4 C:\Users\247810\Downloads\sysWbud24_05\Lib_CMSISv1p30_LPC17xx\Debug\libCMSISv1p30_LPC17xx.a(system_LPC17xx.o)
                0x10000000                SystemCoreClock
                0x10000004                . = ALIGN (0x4)
                0x10000004                _edata = .
                [!provide]                PROVIDE (__end_data_RAM = .)
                [!provide]                PROVIDE (__end_data_RamLoc32 = .)

.igot.plt       0x10000004        0x0 load address 0x000024e8
 .igot.plt      0x10000004        0x0 ./src/cr_startup_lpc17.o

.bss_RAM2       0x2007c000        0x0
                [!provide]                PROVIDE (__start_bss_RAM2 = .)
                [!provide]                PROVIDE (__start_bss_RamAHB32 = .)
 *(.bss.$RAM2)
 *(.bss.$RamAHB32)
 *(.bss.$RAM2.*)
 *(.bss.$RamAHB32.*)
                0x2007c000                . = ALIGN ((. != 0x0)?0x4:0x1)
                [!provide]                PROVIDE (__end_bss_RAM2 = .)
                [!provide]                PROVIDE (__end_bss_RamAHB32 = .)

.bss            0x10000004       0x34
                0x10000004                _bss = .
                [!provide]                PROVIDE (__start_bss_RAM = .)
                [!provide]                PROVIDE (__start_bss_RamLoc32 = .)
 *(.bss*)
 .bss           0x10000004       0x34 C:\Users\247810\Downloads\sysWbud24_05\Lib_MCU\Debug\libLib_MCU.a(lpc17xx_i2c.o)
 *(COMMON)
                0x10000038                . = ALIGN (0x4)
                0x10000038                _ebss = .
                [!provide]                PROVIDE (__end_bss_RAM = .)
                [!provide]                PROVIDE (__end_bss_RamLoc32 = .)
                [!provide]                PROVIDE (end = .)

.noinit_RAM2    0x2007c000        0x0
                [!provide]                PROVIDE (__start_noinit_RAM2 = .)
                [!provide]                PROVIDE (__start_noinit_RamAHB32 = .)
 *(.noinit.$RAM2)
 *(.noinit.$RamAHB32)
 *(.noinit.$RAM2.*)
 *(.noinit.$RamAHB32.*)
                0x2007c000                . = ALIGN (0x4)
                [!provide]                PROVIDE (__end_noinit_RAM2 = .)
                [!provide]                PROVIDE (__end_noinit_RamAHB32 = .)

.noinit         0x10000038        0x0
                0x10000038                _noinit = .
                [!provide]                PROVIDE (__start_noinit_RAM = .)
                [!provide]                PROVIDE (__start_noinit_RamLoc32 = .)
 *(.noinit*)
                0x10000038                . = ALIGN (0x4)
                0x10000038                _end_noinit = .
                [!provide]                PROVIDE (__end_noinit_RAM = .)
                [!provide]                PROVIDE (__end_noinit_RamLoc32 = .)
                [!provide]                PROVIDE (_pvHeapStart = DEFINED (__user_heap_base)?__user_heap_base:.)
                0x10008000                PROVIDE (_vStackTop = DEFINED (__user_stack_top)?__user_stack_top:(__top_RamLoc32 - 0x0))
                [!provide]                PROVIDE (__valid_user_code_checksum = (0x0 - ((((((_vStackTop + (ResetISR + 0x1)) + (NMI_Handler + 0x1)) + (HardFault_Handler + 0x1)) + (DEFINED (MemManage_Handler)?MemManage_Handler:0x0 + 0x1)) + (DEFINED (BusFault_Handler)?BusFault_Handler:0x0 + 0x1)) + (DEFINED (UsageFault_Handler)?UsageFault_Handler:0x0 + 0x1))))
                0x00000000                _image_start = LOADADDR (.text)
                0x000024e8                _image_end = (LOADADDR (.data) + SIZEOF (.data))
                0x000024e8                _image_size = (_image_end - _image_start)
OUTPUT(i2c_eeprom.axf elf32-littlearm)
LOAD linker stubs

.debug_info     0x00000000     0x4fa9
 .debug_info    0x00000000      0x1fe ./src/cr_startup_lpc17.o
 .debug_info    0x000001fe      0xe9b ./src/main.o
 .debug_info    0x00001099      0x345 C:\Users\247810\Downloads\sysWbud24_05\Lib_CMSISv1p30_LPC17xx\Debug\libCMSISv1p30_LPC17xx.a(system_LPC17xx.o)
 .debug_info    0x000013de      0x5f7 C:\Users\247810\Downloads\sysWbud24_05\Lib_EaBaseBoard\Debug\libLib_EaBaseBoard.a(eeprom.o)
 .debug_info    0x000019d5      0xdca C:\Users\247810\Downloads\sysWbud24_05\Lib_MCU\Debug\libLib_MCU.a(lpc17xx_i2c.o)
 .debug_info    0x0000279f      0x4cd C:\Users\247810\Downloads\sysWbud24_05\Lib_MCU\Debug\libLib_MCU.a(lpc17xx_pinsel.o)
 .debug_info    0x00002c6c      0x977 C:\Users\247810\Downloads\sysWbud24_05\Lib_MCU\Debug\libLib_MCU.a(lpc17xx_timer.o)
 .debug_info    0x000035e3     0x139c C:\Users\247810\Downloads\sysWbud24_05\Lib_MCU\Debug\libLib_MCU.a(lpc17xx_uart.o)
 .debug_info    0x0000497f      0x62a C:\Users\247810\Downloads\sysWbud24_05\Lib_MCU\Debug\libLib_MCU.a(lpc17xx_clkpwr.o)

.debug_abbrev   0x00000000     0x11d2
 .debug_abbrev  0x00000000       0xc8 ./src/cr_startup_lpc17.o
 .debug_abbrev  0x000000c8      0x2b6 ./src/main.o
 .debug_abbrev  0x0000037e      0x11c C:\Users\247810\Downloads\sysWbud24_05\Lib_CMSISv1p30_LPC17xx\Debug\libCMSISv1p30_LPC17xx.a(system_LPC17xx.o)
 .debug_abbrev  0x0000049a      0x1e3 C:\Users\247810\Downloads\sysWbud24_05\Lib_EaBaseBoard\Debug\libLib_EaBaseBoard.a(eeprom.o)
 .debug_abbrev  0x0000067d      0x2de C:\Users\247810\Downloads\sysWbud24_05\Lib_MCU\Debug\libLib_MCU.a(lpc17xx_i2c.o)
 .debug_abbrev  0x0000095b      0x196 C:\Users\247810\Downloads\sysWbud24_05\Lib_MCU\Debug\libLib_MCU.a(lpc17xx_pinsel.o)
 .debug_abbrev  0x00000af1      0x25d C:\Users\247810\Downloads\sysWbud24_05\Lib_MCU\Debug\libLib_MCU.a(lpc17xx_timer.o)
 .debug_abbrev  0x00000d4e      0x287 C:\Users\247810\Downloads\sysWbud24_05\Lib_MCU\Debug\libLib_MCU.a(lpc17xx_uart.o)
 .debug_abbrev  0x00000fd5      0x1fd C:\Users\247810\Downloads\sysWbud24_05\Lib_MCU\Debug\libLib_MCU.a(lpc17xx_clkpwr.o)

.debug_aranges  0x00000000      0x440
 .debug_aranges
                0x00000000       0x70 ./src/cr_startup_lpc17.o
 .debug_aranges
                0x00000070       0x38 ./src/main.o
 .debug_aranges
                0x000000a8       0x28 C:\Users\247810\Downloads\sysWbud24_05\Lib_CMSISv1p30_LPC17xx\Debug\libCMSISv1p30_LPC17xx.a(system_LPC17xx.o)
 .debug_aranges
                0x000000d0       0x48 C:\Users\247810\Downloads\sysWbud24_05\Lib_EaBaseBoard\Debug\libLib_EaBaseBoard.a(eeprom.o)
 .debug_aranges
                0x00000118       0xd0 C:\Users\247810\Downloads\sysWbud24_05\Lib_MCU\Debug\libLib_MCU.a(lpc17xx_i2c.o)
 .debug_aranges
                0x000001e8       0x48 C:\Users\247810\Downloads\sysWbud24_05\Lib_MCU\Debug\libLib_MCU.a(lpc17xx_pinsel.o)
 .debug_aranges
                0x00000230       0xa8 C:\Users\247810\Downloads\sysWbud24_05\Lib_MCU\Debug\libLib_MCU.a(lpc17xx_timer.o)
 .debug_aranges
                0x000002d8      0x108 C:\Users\247810\Downloads\sysWbud24_05\Lib_MCU\Debug\libLib_MCU.a(lpc17xx_uart.o)
 .debug_aranges
                0x000003e0       0x60 C:\Users\247810\Downloads\sysWbud24_05\Lib_MCU\Debug\libLib_MCU.a(lpc17xx_clkpwr.o)

.debug_ranges   0x00000000      0x3b0
 .debug_ranges  0x00000000       0x60 ./src/cr_startup_lpc17.o
 .debug_ranges  0x00000060       0x28 ./src/main.o
 .debug_ranges  0x00000088       0x18 C:\Users\247810\Downloads\sysWbud24_05\Lib_CMSISv1p30_LPC17xx\Debug\libCMSISv1p30_LPC17xx.a(system_LPC17xx.o)
 .debug_ranges  0x000000a0       0x38 C:\Users\247810\Downloads\sysWbud24_05\Lib_EaBaseBoard\Debug\libLib_EaBaseBoard.a(eeprom.o)
 .debug_ranges  0x000000d8       0xc0 C:\Users\247810\Downloads\sysWbud24_05\Lib_MCU\Debug\libLib_MCU.a(lpc17xx_i2c.o)
 .debug_ranges  0x00000198       0x38 C:\Users\247810\Downloads\sysWbud24_05\Lib_MCU\Debug\libLib_MCU.a(lpc17xx_pinsel.o)
 .debug_ranges  0x000001d0       0x98 C:\Users\247810\Downloads\sysWbud24_05\Lib_MCU\Debug\libLib_MCU.a(lpc17xx_timer.o)
 .debug_ranges  0x00000268       0xf8 C:\Users\247810\Downloads\sysWbud24_05\Lib_MCU\Debug\libLib_MCU.a(lpc17xx_uart.o)
 .debug_ranges  0x00000360       0x50 C:\Users\247810\Downloads\sysWbud24_05\Lib_MCU\Debug\libLib_MCU.a(lpc17xx_clkpwr.o)

.debug_macro    0x00000000     0x5808
 .debug_macro   0x00000000       0x79 ./src/cr_startup_lpc17.o
 .debug_macro   0x00000079      0xaa8 ./src/cr_startup_lpc17.o
 .debug_macro   0x00000b21       0x22 ./src/cr_startup_lpc17.o
 .debug_macro   0x00000b43       0x8e ./src/cr_startup_lpc17.o
 .debug_macro   0x00000bd1       0x51 ./src/cr_startup_lpc17.o
 .debug_macro   0x00000c22      0x103 ./src/cr_startup_lpc17.o
 .debug_macro   0x00000d25       0x6a ./src/cr_startup_lpc17.o
 .debug_macro   0x00000d8f      0x1df ./src/cr_startup_lpc17.o
 .debug_macro   0x00000f6e      0x19a ./src/main.o
 .debug_macro   0x00001108       0x1c ./src/main.o
 .debug_macro   0x00001124       0x22 ./src/main.o
 .debug_macro   0x00001146      0x7b7 ./src/main.o
 .debug_macro   0x000018fd      0x2c7 ./src/main.o
 .debug_macro   0x00001bc4       0x64 ./src/main.o
 .debug_macro   0x00001c28      0x140 ./src/main.o
 .debug_macro   0x00001d68       0x46 ./src/main.o
 .debug_macro   0x00001dae      0x192 ./src/main.o
 .debug_macro   0x00001f40      0x33f ./src/main.o
 .debug_macro   0x0000227f       0xed ./src/main.o
 .debug_macro   0x0000236c       0x64 ./src/main.o
 .debug_macro   0x000023d0       0x18 ./src/main.o
 .debug_macro   0x000023e8       0x35 ./src/main.o
 .debug_macro   0x0000241d       0x34 ./src/main.o
 .debug_macro   0x00002451      0x174 ./src/main.o
 .debug_macro   0x000025c5       0x16 ./src/main.o
 .debug_macro   0x000025db       0x43 ./src/main.o
 .debug_macro   0x0000261e       0x34 ./src/main.o
 .debug_macro   0x00002652       0x10 ./src/main.o
 .debug_macro   0x00002662       0x58 ./src/main.o
 .debug_macro   0x000026ba      0x182 ./src/main.o
 .debug_macro   0x0000283c      0x339 ./src/main.o
 .debug_macro   0x00002b75       0x10 ./src/main.o
 .debug_macro   0x00002b85       0x35 ./src/main.o
 .debug_macro   0x00002bba      0x113 C:\Users\247810\Downloads\sysWbud24_05\Lib_CMSISv1p30_LPC17xx\Debug\libCMSISv1p30_LPC17xx.a(system_LPC17xx.o)
 .debug_macro   0x00002ccd      0xaa2 C:\Users\247810\Downloads\sysWbud24_05\Lib_CMSISv1p30_LPC17xx\Debug\libCMSISv1p30_LPC17xx.a(system_LPC17xx.o)
 .debug_macro   0x0000376f       0x10 C:\Users\247810\Downloads\sysWbud24_05\Lib_CMSISv1p30_LPC17xx\Debug\libCMSISv1p30_LPC17xx.a(system_LPC17xx.o)
 .debug_macro   0x0000377f      0x12e C:\Users\247810\Downloads\sysWbud24_05\Lib_CMSISv1p30_LPC17xx\Debug\libCMSISv1p30_LPC17xx.a(system_LPC17xx.o)
 .debug_macro   0x000038ad      0x5b3 C:\Users\247810\Downloads\sysWbud24_05\Lib_CMSISv1p30_LPC17xx\Debug\libCMSISv1p30_LPC17xx.a(system_LPC17xx.o)
 .debug_macro   0x00003e60      0x7d5 C:\Users\247810\Downloads\sysWbud24_05\Lib_CMSISv1p30_LPC17xx\Debug\libCMSISv1p30_LPC17xx.a(system_LPC17xx.o)
 .debug_macro   0x00004635       0xd5 C:\Users\247810\Downloads\sysWbud24_05\Lib_EaBaseBoard\Debug\libLib_EaBaseBoard.a(eeprom.o)
 .debug_macro   0x0000470a      0x18c C:\Users\247810\Downloads\sysWbud24_05\Lib_EaBaseBoard\Debug\libLib_EaBaseBoard.a(eeprom.o)
 .debug_macro   0x00004896       0x9a C:\Users\247810\Downloads\sysWbud24_05\Lib_EaBaseBoard\Debug\libLib_EaBaseBoard.a(eeprom.o)
 .debug_macro   0x00004930       0x95 C:\Users\247810\Downloads\sysWbud24_05\Lib_MCU\Debug\libLib_MCU.a(lpc17xx_i2c.o)
 .debug_macro   0x000049c5      0x2fa C:\Users\247810\Downloads\sysWbud24_05\Lib_MCU\Debug\libLib_MCU.a(lpc17xx_i2c.o)
 .debug_macro   0x00004cbf      0x146 C:\Users\247810\Downloads\sysWbud24_05\Lib_MCU\Debug\libLib_MCU.a(lpc17xx_i2c.o)
 .debug_macro   0x00004e05       0xda C:\Users\247810\Downloads\sysWbud24_05\Lib_MCU\Debug\libLib_MCU.a(lpc17xx_i2c.o)
 .debug_macro   0x00004edf       0x7a C:\Users\247810\Downloads\sysWbud24_05\Lib_MCU\Debug\libLib_MCU.a(lpc17xx_pinsel.o)
 .debug_macro   0x00004f59       0x95 C:\Users\247810\Downloads\sysWbud24_05\Lib_MCU\Debug\libLib_MCU.a(lpc17xx_timer.o)
 .debug_macro   0x00004fee       0xe7 C:\Users\247810\Downloads\sysWbud24_05\Lib_MCU\Debug\libLib_MCU.a(lpc17xx_timer.o)
 .debug_macro   0x000050d5       0x8c C:\Users\247810\Downloads\sysWbud24_05\Lib_MCU\Debug\libLib_MCU.a(lpc17xx_uart.o)
 .debug_macro   0x00005161      0x339 C:\Users\247810\Downloads\sysWbud24_05\Lib_MCU\Debug\libLib_MCU.a(lpc17xx_uart.o)
 .debug_macro   0x0000549a       0x7a C:\Users\247810\Downloads\sysWbud24_05\Lib_MCU\Debug\libLib_MCU.a(lpc17xx_clkpwr.o)
 .debug_macro   0x00005514      0x2f4 C:\Users\247810\Downloads\sysWbud24_05\Lib_MCU\Debug\libLib_MCU.a(lpc17xx_clkpwr.o)

.debug_line     0x00000000     0x3c19
 .debug_line    0x00000000      0x43d ./src/cr_startup_lpc17.o
 .debug_line    0x0000043d      0x5a9 ./src/main.o
 .debug_line    0x000009e6      0x3eb C:\Users\247810\Downloads\sysWbud24_05\Lib_CMSISv1p30_LPC17xx\Debug\libCMSISv1p30_LPC17xx.a(system_LPC17xx.o)
 .debug_line    0x00000dd1      0x400 C:\Users\247810\Downloads\sysWbud24_05\Lib_EaBaseBoard\Debug\libLib_EaBaseBoard.a(eeprom.o)
 .debug_line    0x000011d1      0xd07 C:\Users\247810\Downloads\sysWbud24_05\Lib_MCU\Debug\libLib_MCU.a(lpc17xx_i2c.o)
 .debug_line    0x00001ed8      0x353 C:\Users\247810\Downloads\sysWbud24_05\Lib_MCU\Debug\libLib_MCU.a(lpc17xx_pinsel.o)
 .debug_line    0x0000222b      0x836 C:\Users\247810\Downloads\sysWbud24_05\Lib_MCU\Debug\libLib_MCU.a(lpc17xx_timer.o)
 .debug_line    0x00002a61      0xde3 C:\Users\247810\Downloads\sysWbud24_05\Lib_MCU\Debug\libLib_MCU.a(lpc17xx_uart.o)
 .debug_line    0x00003844      0x3d5 C:\Users\247810\Downloads\sysWbud24_05\Lib_MCU\Debug\libLib_MCU.a(lpc17xx_clkpwr.o)

.debug_str      0x00000000    0x125ad
 .debug_str     0x00000000     0x3cb8 ./src/cr_startup_lpc17.o
                               0x3e27 (size before relaxing)
 .debug_str     0x00003cb8     0xa0af ./src/main.o
                               0xdea1 (size before relaxing)
 .debug_str     0x0000dd67     0x1a9b C:\Users\247810\Downloads\sysWbud24_05\Lib_CMSISv1p30_LPC17xx\Debug\libCMSISv1p30_LPC17xx.a(system_LPC17xx.o)
                               0x8868 (size before relaxing)
 .debug_str     0x0000f802      0x4f6 C:\Users\247810\Downloads\sysWbud24_05\Lib_EaBaseBoard\Debug\libLib_EaBaseBoard.a(eeprom.o)
                               0x93f0 (size before relaxing)
 .debug_str     0x0000fcf8     0x190b C:\Users\247810\Downloads\sysWbud24_05\Lib_MCU\Debug\libLib_MCU.a(lpc17xx_i2c.o)
                               0xada4 (size before relaxing)
 .debug_str     0x00011603      0x202 C:\Users\247810\Downloads\sysWbud24_05\Lib_MCU\Debug\libLib_MCU.a(lpc17xx_pinsel.o)
                               0x8cfd (size before relaxing)
 .debug_str     0x00011805      0x471 C:\Users\247810\Downloads\sysWbud24_05\Lib_MCU\Debug\libLib_MCU.a(lpc17xx_timer.o)
                               0xaa76 (size before relaxing)
 .debug_str     0x00011c76      0x825 C:\Users\247810\Downloads\sysWbud24_05\Lib_MCU\Debug\libLib_MCU.a(lpc17xx_uart.o)
                               0xbad6 (size before relaxing)
 .debug_str     0x0001249b      0x112 C:\Users\247810\Downloads\sysWbud24_05\Lib_MCU\Debug\libLib_MCU.a(lpc17xx_clkpwr.o)
                               0x9a5c (size before relaxing)

.comment        0x00000000       0x4c
 .comment       0x00000000       0x4c ./src/cr_startup_lpc17.o
                                 0x4d (size before relaxing)
 .comment       0x0000004c       0x4d ./src/main.o
 .comment       0x0000004c       0x4d C:\Users\247810\Downloads\sysWbud24_05\Lib_CMSISv1p30_LPC17xx\Debug\libCMSISv1p30_LPC17xx.a(system_LPC17xx.o)
 .comment       0x0000004c       0x4d C:\Users\247810\Downloads\sysWbud24_05\Lib_EaBaseBoard\Debug\libLib_EaBaseBoard.a(eeprom.o)
 .comment       0x0000004c       0x4d C:\Users\247810\Downloads\sysWbud24_05\Lib_MCU\Debug\libLib_MCU.a(lpc17xx_i2c.o)
 .comment       0x0000004c       0x4d C:\Users\247810\Downloads\sysWbud24_05\Lib_MCU\Debug\libLib_MCU.a(lpc17xx_pinsel.o)
 .comment       0x0000004c       0x4d C:\Users\247810\Downloads\sysWbud24_05\Lib_MCU\Debug\libLib_MCU.a(lpc17xx_timer.o)
 .comment       0x0000004c       0x4d C:\Users\247810\Downloads\sysWbud24_05\Lib_MCU\Debug\libLib_MCU.a(lpc17xx_uart.o)
 .comment       0x0000004c       0x4d C:\Users\247810\Downloads\sysWbud24_05\Lib_MCU\Debug\libLib_MCU.a(lpc17xx_clkpwr.o)

.ARM.attributes
                0x00000000       0x2b
 .ARM.attributes
                0x00000000       0x2d ./src/cr_startup_lpc17.o
 .ARM.attributes
                0x0000002d       0x2d ./src/main.o
 .ARM.attributes
                0x0000005a       0x2d C:\Users\247810\Downloads\sysWbud24_05\Lib_CMSISv1p30_LPC17xx\Debug\libCMSISv1p30_LPC17xx.a(system_LPC17xx.o)
 .ARM.attributes
                0x00000087       0x2d C:\Users\247810\Downloads\sysWbud24_05\Lib_EaBaseBoard\Debug\libLib_EaBaseBoard.a(eeprom.o)
 .ARM.attributes
                0x000000b4       0x2d C:\Users\247810\Downloads\sysWbud24_05\Lib_MCU\Debug\libLib_MCU.a(lpc17xx_i2c.o)
 .ARM.attributes
                0x000000e1       0x2d C:\Users\247810\Downloads\sysWbud24_05\Lib_MCU\Debug\libLib_MCU.a(lpc17xx_pinsel.o)
 .ARM.attributes
                0x0000010e       0x2d C:\Users\247810\Downloads\sysWbud24_05\Lib_MCU\Debug\libLib_MCU.a(lpc17xx_timer.o)
 .ARM.attributes
                0x0000013b       0x2d C:\Users\247810\Downloads\sysWbud24_05\Lib_MCU\Debug\libLib_MCU.a(lpc17xx_uart.o)
 .ARM.attributes
                0x00000168       0x2d C:\Users\247810\Downloads\sysWbud24_05\Lib_MCU\Debug\libLib_MCU.a(lpc17xx_clkpwr.o)
 .ARM.attributes
                0x00000195       0x1d c:/nxp/mcuxpressoide_11.3.1_5262/ide/plugins/com.nxp.mcuxpresso.tools.win32_11.3.0.202008311133/tools/bin/../lib/gcc/arm-none-eabi/9.3.1/thumb/v7-m/nofp\libgcc.a(_aeabi_uldivmod.o)
 .ARM.attributes
                0x000001b2       0x2d c:/nxp/mcuxpressoide_11.3.1_5262/ide/plugins/com.nxp.mcuxpresso.tools.win32_11.3.0.202008311133/tools/bin/../lib/gcc/arm-none-eabi/9.3.1/thumb/v7-m/nofp\libgcc.a(_udivmoddi4.o)
 .ARM.attributes
                0x000001df       0x1d c:/nxp/mcuxpressoide_11.3.1_5262/ide/plugins/com.nxp.mcuxpresso.tools.win32_11.3.0.202008311133/tools/bin/../lib/gcc/arm-none-eabi/9.3.1/thumb/v7-m/nofp\libgcc.a(_dvmd_tls.o)
 .ARM.attributes
                0x000001fc       0x1b c:/nxp/mcuxpressoide_11.3.1_5262/ide/plugins/com.nxp.mcuxpresso.tools.win32_11.3.0.202008311133/tools/bin/../lib/gcc/arm-none-eabi/9.3.1/../../../../arm-none-eabi/lib/thumb/v7-m/nofp\libc.a(lib_a-memcpy.o)
 .ARM.attributes
                0x00000217       0x2d c:/nxp/mcuxpressoide_11.3.1_5262/ide/plugins/com.nxp.mcuxpresso.tools.win32_11.3.0.202008311133/tools/bin/../lib/gcc/arm-none-eabi/9.3.1/../../../../arm-none-eabi/lib/thumb/v7-m/nofp\libc.a(lib_a-memset.o)
 .ARM.attributes
                0x00000244       0x2d c:/nxp/mcuxpressoide_11.3.1_5262/ide/plugins/com.nxp.mcuxpresso.tools.win32_11.3.0.202008311133/tools/bin/../lib/gcc/arm-none-eabi/9.3.1/../../../../arm-none-eabi/lib/thumb/v7-m/nofp\libc.a(lib_a-strlen-stub.o)

.debug_frame    0x00000000     0x106c
 .debug_frame   0x00000000      0x120 ./src/cr_startup_lpc17.o
 .debug_frame   0x00000120       0x9c ./src/main.o
 .debug_frame   0x000001bc       0x50 C:\Users\247810\Downloads\sysWbud24_05\Lib_CMSISv1p30_LPC17xx\Debug\libCMSISv1p30_LPC17xx.a(system_LPC17xx.o)
 .debug_frame   0x0000020c       0xe8 C:\Users\247810\Downloads\sysWbud24_05\Lib_EaBaseBoard\Debug\libLib_EaBaseBoard.a(eeprom.o)
 .debug_frame   0x000002f4      0x37c C:\Users\247810\Downloads\sysWbud24_05\Lib_MCU\Debug\libLib_MCU.a(lpc17xx_i2c.o)
 .debug_frame   0x00000670       0xfc C:\Users\247810\Downloads\sysWbud24_05\Lib_MCU\Debug\libLib_MCU.a(lpc17xx_pinsel.o)
 .debug_frame   0x0000076c      0x2a4 C:\Users\247810\Downloads\sysWbud24_05\Lib_MCU\Debug\libLib_MCU.a(lpc17xx_timer.o)
 .debug_frame   0x00000a10      0x468 C:\Users\247810\Downloads\sysWbud24_05\Lib_MCU\Debug\libLib_MCU.a(lpc17xx_uart.o)
 .debug_frame   0x00000e78      0x13c C:\Users\247810\Downloads\sysWbud24_05\Lib_MCU\Debug\libLib_MCU.a(lpc17xx_clkpwr.o)
 .debug_frame   0x00000fb4       0x2c c:/nxp/mcuxpressoide_11.3.1_5262/ide/plugins/com.nxp.mcuxpresso.tools.win32_11.3.0.202008311133/tools/bin/../lib/gcc/arm-none-eabi/9.3.1/thumb/v7-m/nofp\libgcc.a(_aeabi_uldivmod.o)
 .debug_frame   0x00000fe0       0x34 c:/nxp/mcuxpressoide_11.3.1_5262/ide/plugins/com.nxp.mcuxpresso.tools.win32_11.3.0.202008311133/tools/bin/../lib/gcc/arm-none-eabi/9.3.1/thumb/v7-m/nofp\libgcc.a(_udivmoddi4.o)
 .debug_frame   0x00001014       0x38 c:/nxp/mcuxpressoide_11.3.1_5262/ide/plugins/com.nxp.mcuxpresso.tools.win32_11.3.0.202008311133/tools/bin/../lib/gcc/arm-none-eabi/9.3.1/../../../../arm-none-eabi/lib/thumb/v7-m/nofp\libc.a(lib_a-memset.o)
 .debug_frame   0x0000104c       0x20 c:/nxp/mcuxpressoide_11.3.1_5262/ide/plugins/com.nxp.mcuxpresso.tools.win32_11.3.0.202008311133/tools/bin/../lib/gcc/arm-none-eabi/9.3.1/../../../../arm-none-eabi/lib/thumb/v7-m/nofp\libc.a(lib_a-strlen-stub.o)
