core_cm3.h:1586:22:NVIC_SetPriority	16	static
core_cm3.h:1694:26:SysTick_Config	16	static
main-2.c:36:13:moveBar	24	static
main-2.c:54:13:change7Seg	16	static
main-2.c:76:13:drawOled	16	static
main-2.c:117:13:changeRgbLeds	24	static
main-2.c:149:13:playNote	24	static
main-2.c:174:17:getNote	16	static
main-2.c:185:17:getDuration	16	static
main-2.c:195:17:getPause	16	static
main-2.c:211:13:playSong	32	static
main-2.c:245:13:init_ssp	40	static
main-2.c:282:13:init_i2c	16	static
main-2.c:301:13:init_adc	16	static
main-2.c:326:6:PWM_vInit	8	static
main-2.c:350:6:PWM_ChangeDirection	24	static
main-2.c:377:6:PWM_Right	8	static
main-2.c:385:6:PWM_Left	8	static
main-2.c:393:6:PWM_Stop_Mov	8	static
main-2.c:397:6:write_temp_on_screen	24	static
main-2.c:418:6:SysTick_Handler	4	static
main-2.c:422:10:getMsTicks	4	static
main-2.c:426:6:showOurTemp	24	static
main-2.c:432:6:showPresentTime	56	static
main-2.c:507:7:valToString	32	static
main-2.c:526:6:chooseAnHour	48	static
main-2.c:533:10:len	24	static
main-2.c:542:7:uint32_t_to_str	24	static
main-2.c:550:5:main	80	dynamic
main-2.c:702:6:check_failed	16	static
