core_cm3.h:1502:22:NVIC_EnableIRQ	16	static
core_cm3.h:1515:22:NVIC_DisableIRQ	16	static
lpc17xx_i2c.c:110:16:I2C_getNum	16	static
lpc17xx_i2c.c:129:17:I2C_Start	16	static
lpc17xx_i2c.c:148:13:I2C_Stop	16	static
lpc17xx_i2c.c:169:17:I2C_SendByte	16	static
lpc17xx_i2c.c:193:17:I2C_GetByte	24	static
lpc17xx_i2c.c:219:13:I2C_SetClock	24	static
lpc17xx_i2c.c:261:6:I2C_Init	16	static
lpc17xx_i2c.c:309:6:I2C_DeInit	16	static
lpc17xx_i2c.c:342:6:I2C_Cmd	16	static
lpc17xx_i2c.c:369:6:I2C_IntCmd	16	static
lpc17xx_i2c.c:413:6:I2C_MasterHandler	32	static
lpc17xx_i2c.c:617:6:I2C_SlaveHandler	32	static
lpc17xx_i2c.c:778:8:I2C_MasterTransferData	40	static
lpc17xx_i2c.c:990:8:I2C_SlaveTransferData	48	static
lpc17xx_i2c.c:1181:6:I2C_SetOwnSlaveAddr	24	static
lpc17xx_i2c.c:1234:6:I2C_MonitorModeConfig	24	static
lpc17xx_i2c.c:1262:6:I2C_MonitorModeCmd	16	static
lpc17xx_i2c.c:1297:9:I2C_MonitorGetDatabuffer	16	static
lpc17xx_i2c.c:1318:8:I2C_MonitorHandler	32	static
lpc17xx_i2c.c:1342:10:I2C_MasterTransferComplete	24	static
lpc17xx_i2c.c:1359:10:I2C_SlaveTransferComplete	24	static
