core_cm3.h:1502:22:NVIC_EnableIRQ	16	static
core_cm3.h:1586:22:NVIC_SetPriority	16	static
usbhost_lpc17xx.c:61:7:Host_DelayMS	24	static
usbhost_lpc17xx.c:84:7:Host_DelayUS	24	static
usbhost_lpc17xx.c:106:7:Host_Init	16	static
usbhost_lpc17xx.c:198:7:USB_IRQHandler	16	static
usbhost_lpc17xx.c:276:13:Host_ProcessTD	32	static
usbhost_lpc17xx.c:343:13:Host_EnumDev	24	static
usbhost_lpc17xx.c:415:13:Host_CtrlRecv	40	static
usbhost_lpc17xx.c:452:13:Host_CtrlSend	40	static
usbhost_lpc17xx.c:490:7:Host_FillSetup	32	static
usbhost_lpc17xx.c:522:7:Host_TDInit	16	static
usbhost_lpc17xx.c:544:7:Host_EDInit	16	static
usbhost_lpc17xx.c:566:7:Host_HCCAInit	24	static
usbhost_lpc17xx.c:593:7:Host_WDHWait	4	static
usbhost_lpc17xx.c:615:13:ReadLE32U	24	static
usbhost_lpc17xx.c:642:7:WriteLE32U	16	static
usbhost_lpc17xx.c:665:13:ReadLE16U	24	static
usbhost_lpc17xx.c:691:7:WriteLE16U	16	static
usbhost_lpc17xx.c:712:13:ReadBE32U	24	static
usbhost_lpc17xx.c:739:7:WriteBE32U	16	static
usbhost_lpc17xx.c:763:13:ReadBE16U	24	static
usbhost_lpc17xx.c:789:7:WriteBE16U	16	static
