Archive member included to satisfy reference by file (symbol)

C:\Users\247810\Desktop\EmbeddedSystems\demo\Lib_CMSISv1p30_LPC17xx\Debug\libCMSISv1p30_LPC17xx.a(system_LPC17xx.o)
                              ./src/main.o (SystemCoreClock)
C:\Users\247810\Desktop\EmbeddedSystems\demo\Lib_EaBaseBoard\Debug\libLib_EaBaseBoard.a(eeprom.o)
                              ./src/main.o (eeprom_init)
C:\Users\247810\Desktop\EmbeddedSystems\demo\Lib_EaBaseBoard\Debug\libLib_EaBaseBoard.a(joystick.o)
                              ./src/main.o (joystick_init)
C:\Users\247810\Desktop\EmbeddedSystems\demo\Lib_EaBaseBoard\Debug\libLib_EaBaseBoard.a(light.o)
                              ./src/main.o (light_enable)
C:\Users\247810\Desktop\EmbeddedSystems\demo\Lib_EaBaseBoard\Debug\libLib_EaBaseBoard.a(oled.o)
                              ./src/main.o (oled_init)
C:\Users\247810\Desktop\EmbeddedSystems\demo\Lib_EaBaseBoard\Debug\libLib_EaBaseBoard.a(temp.o)
                              ./src/main.o (temp_init)
C:\Users\247810\Desktop\EmbeddedSystems\demo\Lib_EaBaseBoard\Debug\libLib_EaBaseBoard.a(font5x7.o)
                              C:\Users\247810\Desktop\EmbeddedSystems\demo\Lib_EaBaseBoard\Debug\libLib_EaBaseBoard.a(oled.o) (font5x7)
C:\Users\247810\Desktop\EmbeddedSystems\demo\Lib_MCU\Debug\libLib_MCU.a(lpc17xx_adc.o)
                              ./src/main.o (ADC_Init)
C:\Users\247810\Desktop\EmbeddedSystems\demo\Lib_MCU\Debug\libLib_MCU.a(lpc17xx_clkpwr.o)
                              C:\Users\247810\Desktop\EmbeddedSystems\demo\Lib_MCU\Debug\libLib_MCU.a(lpc17xx_adc.o) (CLKPWR_GetPCLK)
C:\Users\247810\Desktop\EmbeddedSystems\demo\Lib_MCU\Debug\libLib_MCU.a(lpc17xx_dac.o)
                              ./src/main.o (DAC_Init)
C:\Users\247810\Desktop\EmbeddedSystems\demo\Lib_MCU\Debug\libLib_MCU.a(lpc17xx_gpio.o)
                              ./src/main.o (GPIO_SetDir)
C:\Users\247810\Desktop\EmbeddedSystems\demo\Lib_MCU\Debug\libLib_MCU.a(lpc17xx_i2c.o)
                              ./src/main.o (I2C_Init)
C:\Users\247810\Desktop\EmbeddedSystems\demo\Lib_MCU\Debug\libLib_MCU.a(lpc17xx_pinsel.o)
                              ./src/main.o (PINSEL_ConfigPin)
C:\Users\247810\Desktop\EmbeddedSystems\demo\Lib_MCU\Debug\libLib_MCU.a(lpc17xx_rtc.o)
                              ./src/main.o (RTC_Init)
C:\Users\247810\Desktop\EmbeddedSystems\demo\Lib_MCU\Debug\libLib_MCU.a(lpc17xx_ssp.o)
                              ./src/main.o (SSP_Init)
C:\Users\247810\Desktop\EmbeddedSystems\demo\Lib_MCU\Debug\libLib_MCU.a(lpc17xx_systick.o)
                              ./src/main.o (SYSTICK_InternalInit)
c:/nxp/mcuxpressoide_11.3.1_5262/ide/plugins/com.nxp.mcuxpresso.tools.win32_11.3.0.202008311133/tools/bin/../lib/gcc/arm-none-eabi/9.3.1/thumb/v7-m/nofp\libgcc.a(_arm_muldf3.o)
                              ./src/main.o (__aeabi_dmul)
c:/nxp/mcuxpressoide_11.3.1_5262/ide/plugins/com.nxp.mcuxpresso.tools.win32_11.3.0.202008311133/tools/bin/../lib/gcc/arm-none-eabi/9.3.1/thumb/v7-m/nofp\libgcc.a(_arm_addsubdf3.o)
                              ./src/main.o (__aeabi_ui2d)
c:/nxp/mcuxpressoide_11.3.1_5262/ide/plugins/com.nxp.mcuxpresso.tools.win32_11.3.0.202008311133/tools/bin/../lib/gcc/arm-none-eabi/9.3.1/thumb/v7-m/nofp\libgcc.a(_arm_muldivdf3.o)
                              ./src/main.o (__aeabi_ddiv)
c:/nxp/mcuxpressoide_11.3.1_5262/ide/plugins/com.nxp.mcuxpresso.tools.win32_11.3.0.202008311133/tools/bin/../lib/gcc/arm-none-eabi/9.3.1/thumb/v7-m/nofp\libgcc.a(_arm_addsubsf3.o)
                              C:\Users\247810\Desktop\EmbeddedSystems\demo\Lib_MCU\Debug\libLib_MCU.a(lpc17xx_systick.o) (__aeabi_ui2f)
c:/nxp/mcuxpressoide_11.3.1_5262/ide/plugins/com.nxp.mcuxpresso.tools.win32_11.3.0.202008311133/tools/bin/../lib/gcc/arm-none-eabi/9.3.1/thumb/v7-m/nofp\libgcc.a(_arm_cmpsf2.o)
                              C:\Users\247810\Desktop\EmbeddedSystems\demo\Lib_MCU\Debug\libLib_MCU.a(lpc17xx_systick.o) (__aeabi_fcmplt)
c:/nxp/mcuxpressoide_11.3.1_5262/ide/plugins/com.nxp.mcuxpresso.tools.win32_11.3.0.202008311133/tools/bin/../lib/gcc/arm-none-eabi/9.3.1/thumb/v7-m/nofp\libgcc.a(_aeabi_uldivmod.o)
                              C:\Users\247810\Desktop\EmbeddedSystems\demo\Lib_CMSISv1p30_LPC17xx\Debug\libCMSISv1p30_LPC17xx.a(system_LPC17xx.o) (__aeabi_uldivmod)
c:/nxp/mcuxpressoide_11.3.1_5262/ide/plugins/com.nxp.mcuxpresso.tools.win32_11.3.0.202008311133/tools/bin/../lib/gcc/arm-none-eabi/9.3.1/thumb/v7-m/nofp\libgcc.a(_udivmoddi4.o)
                              c:/nxp/mcuxpressoide_11.3.1_5262/ide/plugins/com.nxp.mcuxpresso.tools.win32_11.3.0.202008311133/tools/bin/../lib/gcc/arm-none-eabi/9.3.1/thumb/v7-m/nofp\libgcc.a(_aeabi_uldivmod.o) (__udivmoddi4)
c:/nxp/mcuxpressoide_11.3.1_5262/ide/plugins/com.nxp.mcuxpresso.tools.win32_11.3.0.202008311133/tools/bin/../lib/gcc/arm-none-eabi/9.3.1/thumb/v7-m/nofp\libgcc.a(_dvmd_tls.o)
[...]
Memory Configuration

Name             Origin             Length             Attributes
MFlash512        0x00000000         0x00080000         xr
RamLoc32         0x10000000         0x00008000         xrw
RamAHB32         0x2007c000         0x00008000         xrw
*default*        0x00000000         0xffffffff

Linker script and memory map

LOAD ./src/cr_startup_lpc17.o
LOAD ./src/main.o
LOAD ./src/sound_8k.o
LOAD C:\Users\247810\Desktop\EmbeddedSystems\demo\Lib_CMSISv1p30_LPC17xx\Debug\libCMSISv1p30_LPC17xx.a
LOAD C:\Users\247810\Desktop\EmbeddedSystems\demo\Lib_EaBaseBoard\Debug\libLib_EaBaseBoard.a
LOAD C:\Users\247810\Desktop\EmbeddedSystems\demo\Lib_MCU\Debug\libLib_MCU.a
START GROUP
LOAD c:/nxp/mcuxpressoide_11.3.1_5262/ide/plugins/com.nxp.mcuxpresso.tools.win32_11.3.0.202008311133/tools/bin/../lib/gcc/arm-none-eabi/9.3.1/thumb/v7-m/nofp\libgcc.a
LOAD c:/nxp/mcuxpressoide_11.3.1_5262/ide/plugins/com.nxp.mcuxpresso.tools.win32_11.3.0.202008311133/tools/bin/../lib/gcc/arm-none-eabi/9.3.1/../../../../arm-none-eabi/lib/thumb/v7-m/nofp\libc.a
LOAD c:/nxp/mcuxpressoide_11.3.1_5262/ide/plugins/com.nxp.mcuxpresso.tools.win32_11.3.0.202008311133/tools/bin/../lib/gcc/arm-none-eabi/9.3.1/../../../../arm-none-eabi/lib/thumb/v7-m/nofp\libm.a
LOAD c:/nxp/mcuxpressoide_11.3.1_5262/ide/plugins/com.nxp.mcuxpresso.tools.win32_11.3.0.202008311133/tools/bin/../lib/gcc/arm-none-eabi/9.3.1/../../../../arm-none-eabi/lib/thumb/v7-m/nofp\libcr_newlib_semihost.a
END GROUP
                0x00000000                __base_MFlash512 = 0x0
                0x00000000                __base_Flash = 0x0
                0x00080000                __top_MFlash512 = 0x80000
                0x00080000                __top_Flash = 0x80000
                0x10000000                __base_RamLoc32 = 0x10000000
                0x10000000                __base_RAM = 0x10000000
                0x10008000                __top_RamLoc32 = 0x10008000
                0x10008000                __top_RAM = 0x10008000
                0x2007c000                __base_RamAHB32 = 0x2007c000
                0x2007c000                __base_RAM2 = 0x2007c000
                0x20084000                __top_RamAHB32 = 0x20084000
                0x20084000                __top_RAM2 = 0x20084000

.text           0x00000000     0xe830
 FILL mask 0xff
                0x00000000                __vectors_start__ = ABSOLUTE (.)
 *(.isr_vector)
 .isr_vector    0x00000000       0xcc ./src/cr_startup_lpc17.o
                0x00000000                g_pfnVectors
                0x000000cc                . = ALIGN (0x4)
                0x000000cc                __section_table_start = .
                0x000000cc                __data_section_table = .
                0x000000cc        0x4 LONG 0xe830 LOADADDR (.data)
                0x000000d0        0x4 LONG 0x10000000 ADDR (.data)
                0x000000d4        0x4 LONG 0x18 SIZEOF (.data)
                0x000000d8        0x4 LONG 0xe830 LOADADDR (.data_RAM2)
                0x000000dc        0x4 LONG 0x2007c000 ADDR (.data_RAM2)
                0x000000e0        0x4 LONG 0x0 SIZEOF (.data_RAM2)
                0x000000e4                __data_section_table_end = .
                0x000000e4                __bss_section_table = .
                0x000000e4        0x4 LONG 0x10000018 ADDR (.bss)
                0x000000e8        0x4 LONG 0x1308 SIZEOF (.bss)
                0x000000ec        0x4 LONG 0x2007c000 ADDR (.bss_RAM2)
                0x000000f0        0x4 LONG 0x0 SIZEOF (.bss_RAM2)
                0x000000f4                __bss_section_table_end = .
                0x000000f4                __section_table_end = .
 *(.after_vectors*)
 *(.text*)
 .text.ResetISR
                0x000000f4       0x58 ./src/cr_startup_lpc17.o
                0x000000f4                ResetISR
 .text.NMI_Handler
                0x0000014c        0x6 ./src/cr_startup_lpc17.o
                0x0000014c                NMI_Handler
 .text.HardFault_Handler
                0x00000152        0x6 ./src/cr_startup_lpc17.o
                0x00000152                HardFault_Handler
 .text.MemManage_Handler
                0x00000158        0x6 ./src/cr_startup_lpc17.o
                0x00000158                MemManage_Handler
 .text.BusFault_Handler
                0x0000015e        0x6 ./src/cr_startup_lpc17.o
                0x0000015e                BusFault_Handler
 .text.UsageFault_Handler
                0x00000164        0x6 ./src/cr_startup_lpc17.o
                0x00000164                UsageFault_Handler
 .text.SVCall_Handler
                0x0000016a        0x6 ./src/cr_startup_lpc17.o
                0x0000016a                SVCall_Handler
 .text.DebugMon_Handler
                0x00000170        0x6 ./src/cr_startup_lpc17.o
                0x00000170                DebugMon_Handler
 .text.PendSV_Handler
                0x00000176        0x6 ./src/cr_startup_lpc17.o
                0x00000176                PendSV_Handler
 .text.IntDefaultHandler
                0x0000017c        0x6 ./src/cr_startup_lpc17.o
                0x0000017c                RIT_IRQHandler
                0x0000017c                I2C0_IRQHandler
                0x0000017c                USBActivity_IRQHandler
                0x0000017c                PWM1_IRQHandler
                0x0000017c                I2C1_IRQHandler
                0x0000017c                EINT2_IRQHandler
                0x0000017c                UART1_IRQHandler
                0x0000017c                EINT3_IRQHandler
                0x0000017c                CANActivity_IRQHandler
                0x0000017c                TIMER3_IRQHandler
                0x0000017c                UART0_IRQHandler
                0x0000017c                IntDefaultHandler
                0x0000017c                PLL0_IRQHandler
                0x0000017c                CAN_IRQHandler
                0x0000017c                PLL1_IRQHandler
                0x0000017c                SSP0_IRQHandler
                0x0000017c                I2S_IRQHandler
                0x0000017c                I2C2_IRQHandler
                0x0000017c                SPI_IRQHandler
                0x0000017c                EINT1_IRQHandler
                0x0000017c                TIMER1_IRQHandler
                0x0000017c                UART2_IRQHandler
                0x0000017c                ADC_IRQHandler
                0x0000017c                SSP1_IRQHandler
                0x0000017c                USB_IRQHandler
                0x0000017c                BOD_IRQHandler
                0x0000017c                WDT_IRQHandler
                0x0000017c                QEI_IRQHandler
                0x0000017c                EINT0_IRQHandler
                0x0000017c                DMA_IRQHandler
                0x0000017c                UART3_IRQHandler
                0x0000017c                MCPWM_IRQHandler
                0x0000017c                ENET_IRQHandler
 *fill*         0x00000182        0x2 ff
 .text.NVIC_EnableIRQ
                0x00000184       0x30 ./src/main.o
 .text.NVIC_SetPriority
                0x000001b4       0x54 ./src/main.o
 .text.SysTick_Config
                0x00000208       0x44 ./src/main.o
 .text.len      0x0000024c       0x38 ./src/main.o
                0x0000024c                len
 .text.uint32_t_to_str
                0x00000284       0x88 ./src/main.o
                0x00000284                uint32_t_to_str
 .text.init_ssp
                0x0000030c       0x78 ./src/main.o
 .text.init_i2c
                0x00000384       0x48 ./src/main.o
 .text.init_adc
                0x000003cc       0x50 ./src/main.o
 .text.PWM_vInit
                0x0000041c       0xb4 ./src/main.o
                0x0000041c                PWM_vInit
 .text.PWM_ChangeDirection
                0x000004d0       0x54 ./src/main.o
                0x000004d0                PWM_ChangeDirection
 .text.PWM_Right
                0x00000524       0x2c ./src/main.o
                0x00000524                PWM_Right
 .text.PWM_Left
                0x00000550       0x2c ./src/main.o
                0x00000550                PWM_Left
 .text.PWM_Stop_Mov
                0x0000057c       0x12 ./src/main.o
                0x0000057c                PWM_Stop_Mov
 *fill*         0x0000058e        0x2 ff
 .text.get_sample_rate
                0x00000590      0x1b8 ./src/main.o
                0x00000590                get_sample_rate
 .text.write_temp_on_screen
                0x00000748       0x98 ./src/main.o
                0x00000748                write_temp_on_screen
 .text.SysTick_Handler
                0x000007e0       0x1c ./src/main.o
                0x000007e0                SysTick_Handler
 .text.getMsTicks
                0x000007fc       0x14 ./src/main.o
                0x000007fc                getMsTicks
 .text.showOurTemp
                0x00000810       0x26 ./src/main.o
                0x00000810                showOurTemp
 .text.showLuxometerReading
                0x00000836       0x2e ./src/main.o
                0x00000836                showLuxometerReading
 .text.showEditmode
                0x00000864       0x5a ./src/main.o
                0x00000864                showEditmode
 *fill*         0x000008be        0x2 ff
 .text.showPresentTime
                0x000008c0      0x3b4 ./src/main.o
                0x000008c0                showPresentTime
 .text.valToString
                0x00000c74       0x74 ./src/main.o
                0x00000c74                valToString
 .text.chooseTime
                0x00000ce8      0x146 ./src/main.o
                0x00000ce8                chooseTime
 *fill*         0x00000e2e        0x2 ff
 .text.JoystickControls
                0x00000e30      0x254 ./src/main.o
                0x00000e30                JoystickControls
 .text.initTimer0
                0x00001084       0x64 ./src/main.o
                0x00001084                initTimer0
 .text.TIMER0_IRQHandler
                0x000010e8       0x68 ./src/main.o
                0x000010e8                TIMER0_IRQHandler
 .text.configPin
                0x00001150       0x1c ./src/main.o
                0x00001150                configPin
 .text.configTimer2
                0x0000116c       0x3c ./src/main.o
                0x0000116c                configTimer2
 .text.TIMER2_IRQHandler
                0x000011a8       0x2c ./src/main.o
                0x000011a8                TIMER2_IRQHandler
 *fill*         0x000011d4        0x4 ff
 .text.generate_samples
                0x000011d8       0x78 ./src/main.o
                0x000011d8                generate_samples
 .text.changeValue
                0x00001250      0x2fc ./src/main.o
                0x00001250                changeValue
 .text.correctDateValues
                0x0000154c       0xe8 ./src/main.o
                0x0000154c                correctDateValues
 .text.setNextAlarm
                0x00001634      0x18c ./src/main.o
                0x00001634                setNextAlarm
 .text.read_time_from_eeprom
                0x000017c0      0x178 ./src/main.o
                0x000017c0                read_time_from_eeprom
 .text.write_time_to_eeprom
                0x00001938      0x124 ./src/main.o
                0x00001938                write_time_to_eeprom
 .text.RTC_IRQHandler
                0x00001a5c       0x34 ./src/main.o
                0x00001a5c                RTC_IRQHandler
 .text.main     0x00001a90      0x5dc ./src/main.o
                0x00001a90                main
 .text.check_failed
                0x0000206c        0xc ./src/main.o
                0x0000206c                check_failed
 .text.SystemInit
                0x00002078      0x140 C:\Users\247810\Desktop\EmbeddedSystems\demo\Lib_CMSISv1p30_LPC17xx\Debug\libCMSISv1p30_LPC17xx.a(system_LPC17xx.o)
                0x00002078                SystemInit
 .text.I2CRead  0x000021b8       0x50 C:\Users\247810\Desktop\EmbeddedSystems\demo\Lib_EaBaseBoard\Debug\libLib_EaBaseBoard.a(eeprom.o)
 .text.I2CWrite
                0x00002208       0x50 C:\Users\247810\Desktop\EmbeddedSystems\demo\Lib_EaBaseBoard\Debug\libLib_EaBaseBoard.a(eeprom.o)
 .text.eepromDelay
                0x00002258       0x2a C:\Users\247810\Desktop\EmbeddedSystems\demo\Lib_EaBaseBoard\Debug\libLib_EaBaseBoard.a(eeprom.o)
 .text.eeprom_init
                0x00002282        0xc C:\Users\247810\Desktop\EmbeddedSystems\demo\Lib_EaBaseBoard\Debug\libLib_EaBaseBoard.a(eeprom.o)
                0x00002282                eeprom_init
 .text.eeprom_read
                0x0000228e       0x84 C:\Users\247810\Desktop\EmbeddedSystems\demo\Lib_EaBaseBoard\Debug\libLib_EaBaseBoard.a(eeprom.o)
                0x0000228e                eeprom_read
 .text.eeprom_write
                0x00002312       0xf4 C:\Users\247810\Desktop\EmbeddedSystems\demo\Lib_EaBaseBoard\Debug\libLib_EaBaseBoard.a(eeprom.o)
                0x00002312                eeprom_write
 .text.joystick_init
                0x00002406       0x1e C:\Users\247810\Desktop\EmbeddedSystems\demo\Lib_EaBaseBoard\Debug\libLib_EaBaseBoard.a(joystick.o)
                0x00002406                joystick_init
 .text.I2CRead  0x00002424       0x50 C:\Users\247810\Desktop\EmbeddedSystems\demo\Lib_EaBaseBoard\Debug\libLib_EaBaseBoard.a(light.o)
 .text.I2CWrite
                0x00002474       0x50 C:\Users\247810\Desktop\EmbeddedSystems\demo\Lib_EaBaseBoard\Debug\libLib_EaBaseBoard.a(light.o)
 .text.readCommandReg
                0x000024c4       0x2c C:\Users\247810\Desktop\EmbeddedSystems\demo\Lib_EaBaseBoard\Debug\libLib_EaBaseBoard.a(light.o)
 .text.readControlReg
                0x000024f0       0x2c C:\Users\247810\Desktop\EmbeddedSystems\demo\Lib_EaBaseBoard\Debug\libLib_EaBaseBoard.a(light.o)
 .text.light_enable
                0x0000251c       0x3c C:\Users\247810\Desktop\EmbeddedSystems\demo\Lib_EaBaseBoard\Debug\libLib_EaBaseBoard.a(light.o)
                0x0000251c                light_enable
 .text.light_read
                0x00002558       0x74 C:\Users\247810\Desktop\EmbeddedSystems\demo\Lib_EaBaseBoard\Debug\libLib_EaBaseBoard.a(light.o)
                0x00002558                light_read
 .text.light_setMode
                0x000025cc       0x48 C:\Users\247810\Desktop\EmbeddedSystems\demo\Lib_EaBaseBoard\Debug\libLib_EaBaseBoard.a(light.o)
                0x000025cc                light_setMode
 .text.light_setWidth
                0x00002614       0x88 C:\Users\247810\Desktop\EmbeddedSystems\demo\Lib_EaBaseBoard\Debug\libLib_EaBaseBoard.a(light.o)
                0x00002614                light_setWidth
 .text.light_setRange
                0x0000269c       0x90 C:\Users\247810\Desktop\EmbeddedSystems\demo\Lib_EaBaseBoard\Debug\libLib_EaBaseBoard.a(light.o)
                0x0000269c                light_setRange
 .text.light_setIrqInCycles
                0x0000272c       0x40 C:\Users\247810\Desktop\EmbeddedSystems\demo\Lib_EaBaseBoard\Debug\libLib_EaBaseBoard.a(light.o)
                0x0000272c                light_setIrqInCycles
 .text.writeCommand
                0x0000276c       0x48 C:\Users\247810\Desktop\EmbeddedSystems\demo\Lib_EaBaseBoard\Debug\libLib_EaBaseBoard.a(oled.o)
 .text.writeData
                0x000027b4       0x48 C:\Users\247810\Desktop\EmbeddedSystems\demo\Lib_EaBaseBoard\Debug\libLib_EaBaseBoard.a(oled.o)
 .text.writeDataLen
                0x000027fc       0x78 C:\Users\247810\Desktop\EmbeddedSystems\demo\Lib_EaBaseBoard\Debug\libLib_EaBaseBoard.a(oled.o)
 .text.runInitSequence
                0x00002874       0xd4 C:\Users\247810\Desktop\EmbeddedSystems\demo\Lib_EaBaseBoard\Debug\libLib_EaBaseBoard.a(oled.o)
 .text.hLine    0x00002948       0x58 C:\Users\247810\Desktop\EmbeddedSystems\demo\Lib_EaBaseBoard\Debug\libLib_EaBaseBoard.a(oled.o)
 .text.vLine    0x000029a0       0x56 C:\Users\247810\Desktop\EmbeddedSystems\demo\Lib_EaBaseBoard\Debug\libLib_EaBaseBoard.a(oled.o)
 *fill*         0x000029f6        0x2 ff
 .text.oled_init
                0x000029f8       0x74 C:\Users\247810\Desktop\EmbeddedSystems\demo\Lib_EaBaseBoard\Debug\libLib_EaBaseBoard.a(oled.o)
                0x000029f8                oled_init
 .text.oled_putPixel
                0x00002a6c      0x150 C:\Users\247810\Desktop\EmbeddedSystems\demo\Lib_EaBaseBoard\Debug\libLib_EaBaseBoard.a(oled.o)
                0x00002a6c                oled_putPixel
 .text.oled_line
                0x00002bbc      0x1b8 C:\Users\247810\Desktop\EmbeddedSystems\demo\Lib_EaBaseBoard\Debug\libLib_EaBaseBoard.a(oled.o)
                0x00002bbc                oled_line
 .text.oled_clearScreen
                0x00002d74       0x64 C:\Users\247810\Desktop\EmbeddedSystems\demo\Lib_EaBaseBoard\Debug\libLib_EaBaseBoard.a(oled.o)
                0x00002d74                oled_clearScreen
 .text.oled_putChar
                0x00002dd8       0xd8 C:\Users\247810\Desktop\EmbeddedSystems\demo\Lib_EaBaseBoard\Debug\libLib_EaBaseBoard.a(oled.o)
                0x00002dd8                oled_putChar
 .text.oled_putString
                0x00002eb0       0x52 C:\Users\247810\Desktop\EmbeddedSystems\demo\Lib_EaBaseBoard\Debug\libLib_EaBaseBoard.a(oled.o)
                0x00002eb0                oled_putString
 *fill*         0x00002f02        0x2 ff
 .text.temp_init
                0x00002f04       0x24 C:\Users\247810\Desktop\EmbeddedSystems\demo\Lib_EaBaseBoard\Debug\libLib_EaBaseBoard.a(temp.o)
                0x00002f04                temp_init
 .text.temp_read
                0x00002f28       0xf0 C:\Users\247810\Desktop\EmbeddedSystems\demo\Lib_EaBaseBoard\Debug\libLib_EaBaseBoard.a(temp.o)
                0x00002f28                temp_read
 .text.ADC_Init
                0x00003018       0x90 C:\Users\247810\Desktop\EmbeddedSystems\demo\Lib_MCU\Debug\libLib_MCU.a(lpc17xx_adc.o)
                0x00003018                ADC_Init
 .text.ADC_IntConfig
                0x000030a8       0x9c C:\Users\247810\Desktop\EmbeddedSystems\demo\Lib_MCU\Debug\libLib_MCU.a(lpc17xx_adc.o)
                0x000030a8                ADC_IntConfig
 .text.ADC_ChannelCmd
                0x00003144       0x60 C:\Users\247810\Desktop\EmbeddedSystems\demo\Lib_MCU\Debug\libLib_MCU.a(lpc17xx_adc.o)
                0x00003144                ADC_ChannelCmd
 .text.CLKPWR_SetPCLKDiv
                0x000031a4       0x90 C:\Users\247810\Desktop\EmbeddedSystems\demo\Lib_MCU\Debug\libLib_MCU.a(lpc17xx_clkpwr.o)
                0x000031a4                CLKPWR_SetPCLKDiv
 .text.CLKPWR_GetPCLKSEL
                0x00003234       0x48 C:\Users\247810\Desktop\EmbeddedSystems\demo\Lib_MCU\Debug\libLib_MCU.a(lpc17xx_clkpwr.o)
                0x00003234                CLKPWR_GetPCLKSEL
 .text.CLKPWR_GetPCLK
                0x0000327c       0x64 C:\Users\247810\Desktop\EmbeddedSystems\demo\Lib_MCU\Debug\libLib_MCU.a(lpc17xx_clkpwr.o)
                0x0000327c                CLKPWR_GetPCLK
 .text.CLKPWR_ConfigPPWR
                0x000032e0       0x58 C:\Users\247810\Desktop\EmbeddedSystems\demo\Lib_MCU\Debug\libLib_MCU.a(lpc17xx_clkpwr.o)
                0x000032e0                CLKPWR_ConfigPPWR
 .text.DAC_Init
                0x00003338       0x30 C:\Users\247810\Desktop\EmbeddedSystems\demo\Lib_MCU\Debug\libLib_MCU.a(lpc17xx_dac.o)
                0x00003338                DAC_Init
 .text.DAC_UpdateValue
                0x00003368       0x48 C:\Users\247810\Desktop\EmbeddedSystems\demo\Lib_MCU\Debug\libLib_MCU.a(lpc17xx_dac.o)
                0x00003368                DAC_UpdateValue
 .text.DAC_SetBias
                0x000033b0       0x48 C:\Users\247810\Desktop\EmbeddedSystems\demo\Lib_MCU\Debug\libLib_MCU.a(lpc17xx_dac.o)
                0x000033b0                DAC_SetBias
 .text.GPIO_GetPointer
                0x000033f8       0x70 C:\Users\247810\Desktop\EmbeddedSystems\demo\Lib_MCU\Debug\libLib_MCU.a(lpc17xx_gpio.o)
 .text.GPIO_SetDir
                0x00003468       0x4a C:\Users\247810\Desktop\EmbeddedSystems\demo\Lib_MCU\Debug\libLib_MCU.a(lpc17xx_gpio.o)
                0x00003468                GPIO_SetDir
 .text.GPIO_SetValue
                0x000034b2       0x2a C:\Users\247810\Desktop\EmbeddedSystems\demo\Lib_MCU\Debug\libLib_MCU.a(lpc17xx_gpio.o)
                0x000034b2                GPIO_SetValue
 .text.GPIO_ClearValue
                0x000034dc       0x2a C:\Users\247810\Desktop\EmbeddedSystems\demo\Lib_MCU\Debug\libLib_MCU.a(lpc17xx_gpio.o)
                0x000034dc                GPIO_ClearValue
 .text.GPIO_ReadValue
                0x00003506       0x2a C:\Users\247810\Desktop\EmbeddedSystems\demo\Lib_MCU\Debug\libLib_MCU.a(lpc17xx_gpio.o)
                0x00003506                GPIO_ReadValue
 .text.NVIC_EnableIRQ
                0x00003530       0x30 C:\Users\247810\Desktop\EmbeddedSystems\demo\Lib_MCU\Debug\libLib_MCU.a(lpc17xx_i2c.o)
 .text.NVIC_DisableIRQ
                0x00003560       0x34 C:\Users\247810\Desktop\EmbeddedSystems\demo\Lib_MCU\Debug\libLib_MCU.a(lpc17xx_i2c.o)
 .text.I2C_getNum
                0x00003594       0x48 C:\Users\247810\Desktop\EmbeddedSystems\demo\Lib_MCU\Debug\libLib_MCU.a(lpc17xx_i2c.o)
 .text.I2C_Start
                0x000035dc       0x3a C:\Users\247810\Desktop\EmbeddedSystems\demo\Lib_MCU\Debug\libLib_MCU.a(lpc17xx_i2c.o)
 .text.I2C_Stop
                0x00003616       0x30 C:\Users\247810\Desktop\EmbeddedSystems\demo\Lib_MCU\Debug\libLib_MCU.a(lpc17xx_i2c.o)
 .text.I2C_SendByte
                0x00003646       0x4a C:\Users\247810\Desktop\EmbeddedSystems\demo\Lib_MCU\Debug\libLib_MCU.a(lpc17xx_i2c.o)
 .text.I2C_GetByte
                0x00003690       0x52 C:\Users\247810\Desktop\EmbeddedSystems\demo\Lib_MCU\Debug\libLib_MCU.a(lpc17xx_i2c.o)
 *fill*         0x000036e2        0x2 ff
 .text.I2C_SetClock
                0x000036e4       0xa4 C:\Users\247810\Desktop\EmbeddedSystems\demo\Lib_MCU\Debug\libLib_MCU.a(lpc17xx_i2c.o)
 .text.I2C_Init
                0x00003788       0xa4 C:\Users\247810\Desktop\EmbeddedSystems\demo\Lib_MCU\Debug\libLib_MCU.a(lpc17xx_i2c.o)
                0x00003788                I2C_Init
 .text.I2C_Cmd  0x0000382c       0x70 C:\Users\247810\Desktop\EmbeddedSystems\demo\Lib_MCU\Debug\libLib_MCU.a(lpc17xx_i2c.o)
                0x0000382c                I2C_Cmd
 .text.I2C_IntCmd
                0x0000389c       0x88 C:\Users\247810\Desktop\EmbeddedSystems\demo\Lib_MCU\Debug\libLib_MCU.a(lpc17xx_i2c.o)
                0x0000389c                I2C_IntCmd
 .text.I2C_MasterTransferData
                0x00003924      0x2cc C:\Users\247810\Desktop\EmbeddedSystems\demo\Lib_MCU\Debug\libLib_MCU.a(lpc17xx_i2c.o)
                0x00003924                I2C_MasterTransferData
 .text.set_PinFunc
                0x00003bf0       0x80 C:\Users\247810\Desktop\EmbeddedSystems\demo\Lib_MCU\Debug\libLib_MCU.a(lpc17xx_pinsel.o)
 .text.set_ResistorMode
                0x00003c70       0x80 C:\Users\247810\Desktop\EmbeddedSystems\demo\Lib_MCU\Debug\libLib_MCU.a(lpc17xx_pinsel.o)
 .text.set_OpenDrainMode
                0x00003cf0       0x68 C:\Users\247810\Desktop\EmbeddedSystems\demo\Lib_MCU\Debug\libLib_MCU.a(lpc17xx_pinsel.o)
 .text.PINSEL_ConfigPin
                0x00003d58       0x46 C:\Users\247810\Desktop\EmbeddedSystems\demo\Lib_MCU\Debug\libLib_MCU.a(lpc17xx_pinsel.o)
                0x00003d58                PINSEL_ConfigPin
 *fill*         0x00003d9e        0x2 ff
 .text.RTC_Init
                0x00003da0       0x50 C:\Users\247810\Desktop\EmbeddedSystems\demo\Lib_MCU\Debug\libLib_MCU.a(lpc17xx_rtc.o)
                0x00003da0                RTC_Init
 .text.setSSPclock
                0x00003df0       0xc4 C:\Users\247810\Desktop\EmbeddedSystems\demo\Lib_MCU\Debug\libLib_MCU.a(lpc17xx_ssp.o)
 .text.SSP_Init
                0x00003eb4       0x9c C:\Users\247810\Desktop\EmbeddedSystems\demo\Lib_MCU\Debug\libLib_MCU.a(lpc17xx_ssp.o)
                0x00003eb4                SSP_Init
 .text.SSP_GetDataSize
                0x00003f50       0x40 C:\Users\247810\Desktop\EmbeddedSystems\demo\Lib_MCU\Debug\libLib_MCU.a(lpc17xx_ssp.o)
                0x00003f50                SSP_GetDataSize
 .text.SSP_ConfigStructInit
                0x00003f90       0x3c C:\Users\247810\Desktop\EmbeddedSystems\demo\Lib_MCU\Debug\libLib_MCU.a(lpc17xx_ssp.o)
                0x00003f90                SSP_ConfigStructInit
 .text.SSP_Cmd  0x00003fcc       0x6c C:\Users\247810\Desktop\EmbeddedSystems\demo\Lib_MCU\Debug\libLib_MCU.a(lpc17xx_ssp.o)
                0x00003fcc                SSP_Cmd
 .text.SSP_SendData
                0x00004038       0x40 C:\Users\247810\Desktop\EmbeddedSystems\demo\Lib_MCU\Debug\libLib_MCU.a(lpc17xx_ssp.o)
                0x00004038                SSP_SendData
 .text.SSP_ReceiveData
                0x00004078       0x3c C:\Users\247810\Desktop\EmbeddedSystems\demo\Lib_MCU\Debug\libLib_MCU.a(lpc17xx_ssp.o)
                0x00004078                SSP_ReceiveData
 .text.SSP_ReadWrite
                0x000040b4      0x34e C:\Users\247810\Desktop\EmbeddedSystems\demo\Lib_MCU\Debug\libLib_MCU.a(lpc17xx_ssp.o)
                0x000040b4                SSP_ReadWrite
 *fill*         0x00004402        0x2 ff
 .text.SYSTICK_InternalInit
                0x00004404       0x7c C:\Users\247810\Desktop\EmbeddedSystems\demo\Lib_MCU\Debug\libLib_MCU.a(lpc17xx_systick.o)
                0x00004404                SYSTICK_InternalInit
 .text.SYSTICK_Cmd
                0x00004480       0x50 C:\Users\247810\Desktop\EmbeddedSystems\demo\Lib_MCU\Debug\libLib_MCU.a(lpc17xx_systick.o)
                0x00004480                SYSTICK_Cmd
 .text          0x000044d0      0x378 c:/nxp/mcuxpressoide_11.3.1_5262/ide/plugins/com.nxp.mcuxpresso.tools.win32_11.3.0.202008311133/tools/bin/../lib/gcc/arm-none-eabi/9.3.1/thumb/v7-m/nofp\libgcc.a(_arm_addsubdf3.o)
                0x000044d0                __aeabi_drsub
                0x000044d8                __aeabi_dsub
                0x000044d8                __subdf3
                0x000044dc                __aeabi_dadd
                0x000044dc                __adddf3
                0x00004754                __floatunsidf
                0x00004754                __aeabi_ui2d
                0x00004774                __floatsidf
                0x00004774                __aeabi_i2d
                0x00004798                __aeabi_f2d
                0x00004798                __extendsfdf2
                0x000047dc                __floatundidf
                0x000047dc                __aeabi_ul2d
                0x000047ec                __floatdidf
                0x000047ec                __aeabi_l2d
 .text          0x00004848      0x424 c:/nxp/mcuxpressoide_11.3.1_5262/ide/plugins/com.nxp.mcuxpresso.tools.win32_11.3.0.202008311133/tools/bin/../lib/gcc/arm-none-eabi/9.3.1/thumb/v7-m/nofp\libgcc.a(_arm_muldivdf3.o)
                0x00004848                __aeabi_dmul
                0x00004848                __muldf3
                0x00004a9c                __divdf3
                0x00004a9c                __aeabi_ddiv
 .text          0x00004c6c      0x21c c:/nxp/mcuxpressoide_11.3.1_5262/ide/plugins/com.nxp.mcuxpresso.tools.win32_11.3.0.202008311133/tools/bin/../lib/gcc/arm-none-eabi/9.3.1/thumb/v7-m/nofp\libgcc.a(_arm_addsubsf3.o)
                0x00004c6c                __aeabi_frsub
                0x00004c74                __subsf3
                0x00004c74                __aeabi_fsub
                0x00004c78                __aeabi_fadd
                0x00004c78                __addsf3
                0x00004dd8                __aeabi_ui2f
                0x00004dd8                __floatunsisf
                0x00004de0                __aeabi_i2f
                0x00004de0                __floatsisf
                0x00004dfc                __aeabi_ul2f
                0x00004dfc                __floatundisf
                0x00004e0c                __aeabi_l2f
                0x00004e0c                __floatdisf
 .text          0x00004e88       0xec c:/nxp/mcuxpressoide_11.3.1_5262/ide/plugins/com.nxp.mcuxpresso.tools.win32_11.3.0.202008311133/tools/bin/../lib/gcc/arm-none-eabi/9.3.1/thumb/v7-m/nofp\libgcc.a(_arm_cmpsf2.o)
                0x00004e88                __gesf2
                0x00004e88                __gtsf2
                0x00004e90                __lesf2
                0x00004e90                __ltsf2
                0x00004e98                __nesf2
                0x00004e98                __eqsf2
                0x00004e98                __cmpsf2
                0x00004ef8                __aeabi_cfrcmple
                0x00004f00                __aeabi_cfcmpeq
                0x00004f00                __aeabi_cfcmple
                0x00004f10                __aeabi_fcmpeq
                0x00004f24                __aeabi_fcmplt
                0x00004f38                __aeabi_fcmple
                0x00004f4c                __aeabi_fcmpge
                0x00004f60                __aeabi_fcmpgt
 .text          0x00004f74       0xec c:/nxp/mcuxpressoide_11.3.1_5262/ide/plugins/com.nxp.mcuxpresso.tools.win32_11.3.0.202008311133/tools/bin/../lib/gcc/arm-none-eabi/9.3.1/../../../../arm-none-eabi/lib/thumb/v7-m/nofp\libc.a(lib_a-memcpy.o)
                0x00004f74                memcpy
 .text.memset   0x00005060       0xa0 c:/nxp/mcuxpressoide_11.3.1_5262/ide/plugins/com.nxp.mcuxpresso.tools.win32_11.3.0.202008311133/tools/bin/../lib/gcc/arm-none-eabi/9.3.1/../../../../arm-none-eabi/lib/thumb/v7-m/nofp\libc.a(lib_a-memset.o)
                0x00005060                memset
 .text.sin      0x00005100       0xac c:/nxp/mcuxpressoide_11.3.1_5262/ide/plugins/com.nxp.mcuxpresso.tools.win32_11.3.0.202008311133/tools/bin/../lib/gcc/arm-none-eabi/9.3.1/../../../../arm-none-eabi/lib/thumb/v7-m/nofp\libm.a(lib_a-s_sin.o)
                0x00005100                sin
 *fill*         0x000051ac        0x4 ff
 .text.__ieee754_rem_pio2
                0x000051b0      0x444 c:/nxp/mcuxpressoide_11.3.1_5262/ide/plugins/com.nxp.mcuxpresso.tools.win32_11.3.0.202008311133/tools/bin/../lib/gcc/arm-none-eabi/9.3.1/../../../../arm-none-eabi/lib/thumb/v7-m/nofp\libm.a(lib_a-e_rem_pio2.o)
                0x000051b0                __ieee754_rem_pio2
 *fill*         0x000055f4        0x4 ff
 .text.__kernel_cos
                0x000055f8      0x250 c:/nxp/mcuxpressoide_11.3.1_5262/ide/plugins/com.nxp.mcuxpresso.tools.win32_11.3.0.202008311133/tools/bin/../lib/gcc/arm-none-eabi/9.3.1/../../../../arm-none-eabi/lib/thumb/v7-m/nofp\libm.a(lib_a-k_cos.o)
                0x000055f8                __kernel_cos
 .text.__kernel_rem_pio2
                0x00005848      0x848 c:/nxp/mcuxpressoide_11.3.1_5262/ide/plugins/com.nxp.mcuxpresso.tools.win32_11.3.0.202008311133/tools/bin/../lib/gcc/arm-none-eabi/9.3.1/../../../../arm-none-eabi/lib/thumb/v7-m/nofp\libm.a(lib_a-k_rem_pio2.o)
                0x00005848                __kernel_rem_pio2
 .text.__kernel_sin
                0x00006090      0x184 c:/nxp/mcuxpressoide_11.3.1_5262/ide/plugins/com.nxp.mcuxpresso.tools.win32_11.3.0.202008311133/tools/bin/../lib/gcc/arm-none-eabi/9.3.1/../../../../arm-none-eabi/lib/thumb/v7-m/nofp\libm.a(lib_a-k_sin.o)
                0x00006090                __kernel_sin
 .text.fabs     0x00006214        0x8 c:/nxp/mcuxpressoide_11.3.1_5262/ide/plugins/com.nxp.mcuxpresso.tools.win32_11.3.0.202008311133/tools/bin/../lib/gcc/arm-none-eabi/9.3.1/../../../../arm-none-eabi/lib/thumb/v7-m/nofp\libm.a(lib_a-s_fabs.o)
                0x00006214                fabs
 *fill*         0x0000621c        0x4 ff
 .text.floor    0x00006220       0xf8 c:/nxp/mcuxpressoide_11.3.1_5262/ide/plugins/com.nxp.mcuxpresso.tools.win32_11.3.0.202008311133/tools/bin/../lib/gcc/arm-none-eabi/9.3.1/../../../../arm-none-eabi/lib/thumb/v7-m/nofp\libm.a(lib_a-s_floor.o)
                0x00006220                floor
 .text.scalbn   0x00006318       0xf4 c:/nxp/mcuxpressoide_11.3.1_5262/ide/plugins/com.nxp.mcuxpresso.tools.win32_11.3.0.202008311133/tools/bin/../lib/gcc/arm-none-eabi/9.3.1/../../../../arm-none-eabi/lib/thumb/v7-m/nofp\libm.a(lib_a-s_scalbn.o)
                0x00006318                scalbn
 .text          0x0000640c      0x110 c:/nxp/mcuxpressoide_11.3.1_5262/ide/plugins/com.nxp.mcuxpresso.tools.win32_11.3.0.202008311133/tools/bin/../lib/gcc/arm-none-eabi/9.3.1/thumb/v7-m/nofp\libgcc.a(_arm_cmpdf2.o)
                0x0000640c                __gtdf2
                0x0000640c                __gedf2
                0x00006414                __ltdf2
                0x00006414                __ledf2
                0x0000641c                __nedf2
                0x0000641c                __eqdf2
                0x0000641c                __cmpdf2
                0x00006498                __aeabi_cdrcmple
                0x000064a8                __aeabi_cdcmpeq
                0x000064a8                __aeabi_cdcmple
                0x000064b8                __aeabi_dcmpeq
                0x000064cc                __aeabi_dcmplt
                0x000064e0                __aeabi_dcmple
                0x000064f4                __aeabi_dcmpge
                0x00006508                __aeabi_dcmpgt
 .text          0x0000651c       0x50 c:/nxp/mcuxpressoide_11.3.1_5262/ide/plugins/com.nxp.mcuxpresso.tools.win32_11.3.0.202008311133/tools/bin/../lib/gcc/arm-none-eabi/9.3.1/thumb/v7-m/nofp\libgcc.a(_arm_fixdfsi.o)
                0x0000651c                __aeabi_d2iz
                0x0000651c                __fixdfsi
 *(.rodata .rodata.* .constdata .constdata.*)
 .rodata.str1.4
                0x0000656c       0x15 ./src/main.o
 *fill*         0x00006581        0x3 ff
 .rodata        0x00006584       0x34 ./src/main.o
 .rodata        0x000065b8     0x7d2e ./src/sound_8k.o
                0x000065b8                sound_8k
 *fill*         0x0000e2e6        0x2 ff
 .rodata        0x0000e2e8        0x8 C:\Users\247810\Desktop\EmbeddedSystems\demo\Lib_EaBaseBoard\Debug\libLib_EaBaseBoard.a(oled.o)
 .rodata        0x0000e2f0      0x300 C:\Users\247810\Desktop\EmbeddedSystems\demo\Lib_EaBaseBoard\Debug\libLib_EaBaseBoard.a(font5x7.o)
                0x0000e2f0                font5x7
 .rodata.str1.4
                0x0000e5f0        0xf C:\Users\247810\Desktop\EmbeddedSystems\demo\Lib_MCU\Debug\libLib_MCU.a(lpc17xx_adc.o)
 *fill*         0x0000e5ff        0x1 ff
 .rodata.str1.4
                0x0000e600        0xf C:\Users\247810\Desktop\EmbeddedSystems\demo\Lib_MCU\Debug\libLib_MCU.a(lpc17xx_dac.o)
 *fill*         0x0000e60f        0x1 ff
 .rodata.str1.4
                0x0000e610        0xf C:\Users\247810\Desktop\EmbeddedSystems\demo\Lib_MCU\Debug\libLib_MCU.a(lpc17xx_i2c.o)
 *fill*         0x0000e61f        0x1 ff
 .rodata.str1.4
                0x0000e620        0xf C:\Users\247810\Desktop\EmbeddedSystems\demo\Lib_MCU\Debug\libLib_MCU.a(lpc17xx_rtc.o)
 *fill*         0x0000e62f        0x1 ff
 .rodata.str1.4
                0x0000e630        0xf C:\Users\247810\Desktop\EmbeddedSystems\demo\Lib_MCU\Debug\libLib_MCU.a(lpc17xx_ssp.o)
 *fill*         0x0000e63f        0x1 ff
 .rodata.str1.4
                0x0000e640       0x13 C:\Users\247810\Desktop\EmbeddedSystems\demo\Lib_MCU\Debug\libLib_MCU.a(lpc17xx_systick.o)
 *fill*         0x0000e653        0x1 ff
 .rodata.npio2_hw
                0x0000e654       0x80 c:/nxp/mcuxpressoide_11.3.1_5262/ide/plugins/com.nxp.mcuxpresso.tools.win32_11.3.0.202008311133/tools/bin/../lib/gcc/arm-none-eabi/9.3.1/../../../../arm-none-eabi/lib/thumb/v7-m/nofp\libm.a(lib_a-e_rem_pio2.o)
 .rodata.two_over_pi
                0x0000e6d4      0x108 c:/nxp/mcuxpressoide_11.3.1_5262/ide/plugins/com.nxp.mcuxpresso.tools.win32_11.3.0.202008311133/tools/bin/../lib/gcc/arm-none-eabi/9.3.1/../../../../arm-none-eabi/lib/thumb/v7-m/nofp\libm.a(lib_a-e_rem_pio2.o)
 *fill*         0x0000e7dc        0x4 ff
 .rodata.PIo2   0x0000e7e0       0x40 c:/nxp/mcuxpressoide_11.3.1_5262/ide/plugins/com.nxp.mcuxpresso.tools.win32_11.3.0.202008311133/tools/bin/../lib/gcc/arm-none-eabi/9.3.1/../../../../arm-none-eabi/lib/thumb/v7-m/nofp\libm.a(lib_a-k_rem_pio2.o)
 .rodata.init_jk
                0x0000e820       0x10 c:/nxp/mcuxpressoide_11.3.1_5262/ide/plugins/com.nxp.mcuxpresso.tools.win32_11.3.0.202008311133/tools/bin/../lib/gcc/arm-none-eabi/9.3.1/../../../../arm-none-eabi/lib/thumb/v7-m/nofp\libm.a(lib_a-k_rem_pio2.o)
                0x0000e830                . = ALIGN (0x4)

.glue_7         0x0000e830        0x0
 .glue_7        0x0000e830        0x0 linker stubs

.glue_7t        0x0000e830        0x0
 .glue_7t       0x0000e830        0x0 linker stubs

.vfp11_veneer   0x0000e830        0x0
 .vfp11_veneer  0x0000e830        0x0 linker stubs

.v4_bx          0x0000e830        0x0
 .v4_bx         0x0000e830        0x0 linker stubs

.iplt           0x0000e830        0x0
 .iplt          0x0000e830        0x0 ./src/cr_startup_lpc17.o

.rel.dyn        0x0000e830        0x0
 .rel.iplt      0x0000e830        0x0 ./src/cr_startup_lpc17.o

.ARM.extab
 *(.ARM.extab* .gnu.linkonce.armextab.*)

.ARM.exidx      0x0000e830        0x0
                0x0000e830                __exidx_start = .
 *(.ARM.exidx* .gnu.linkonce.armexidx.*)
                0x0000e830                __exidx_end = .
                0x0000e830                _etext = .

.data_RAM2      0x2007c000        0x0 load address 0x0000e830
 FILL mask 0xff
                [!provide]                PROVIDE (__start_data_RAM2 = .)
                [!provide]                PROVIDE (__start_data_RamAHB32 = .)
 *(.ramfunc.$RAM2)
 *(.ramfunc.$RamAHB32)
 *(.data.$RAM2)
 *(.data.$RamAHB32)
 *(.data.$RAM2.*)
 *(.data.$RamAHB32.*)
                0x2007c000                . = ALIGN (0x4)
                [!provide]                PROVIDE (__end_data_RAM2 = .)
                [!provide]                PROVIDE (__end_data_RamAHB32 = .)

.uninit_RESERVED
                0x10000000        0x0
                0x10000000                _start_uninit_RESERVED = .
 *(.bss.$RESERVED*)
                0x10000000                . = ALIGN (0x4)
                0x10000000                _end_uninit_RESERVED = .

.data           0x10000000       0x18 load address 0x0000e830
 FILL mask 0xff
                0x10000000                _data = .
                [!provide]                PROVIDE (__start_data_RAM = .)
                [!provide]                PROVIDE (__start_data_RamLoc32 = .)
 *(vtable)
 *(.ramfunc*)
 *(CodeQuickAccess)
 *(DataQuickAccess)
 *(RamFunction)
 *(.data*)
 .data          0x10000000        0x6 ./src/main.o
                0x10000001                prevStateJoyClick
                0x10000002                prevStateJoyRight
                0x10000003                prevStateJoyLeft
                0x10000004                prevStateJoyUp
                0x10000005                prevStateJoyDown
 *fill*         0x10000006        0x2 ff
 .data          0x10000008        0x4 ./src/sound_8k.o
                0x10000008                sound_sz
 .data          0x1000000c        0x4 C:\Users\247810\Desktop\EmbeddedSystems\demo\Lib_CMSISv1p30_LPC17xx\Debug\libCMSISv1p30_LPC17xx.a(system_LPC17xx.o)
                0x1000000c                SystemCoreClock
 .data          0x10000010        0x8 C:\Users\247810\Desktop\EmbeddedSystems\demo\Lib_EaBaseBoard\Debug\libLib_EaBaseBoard.a(light.o)
                0x10000018                . = ALIGN (0x4)
                0x10000018                _edata = .
                [!provide]                PROVIDE (__end_data_RAM = .)
                [!provide]                PROVIDE (__end_data_RamLoc32 = .)

.igot.plt       0x10000018        0x0 load address 0x0000e848
 .igot.plt      0x10000018        0x0 ./src/cr_startup_lpc17.o

.bss_RAM2       0x2007c000        0x0
                [!provide]                PROVIDE (__start_bss_RAM2 = .)
                [!provide]                PROVIDE (__start_bss_RamAHB32 = .)
 *(.bss.$RAM2)
 *(.bss.$RamAHB32)
 *(.bss.$RAM2.*)
 *(.bss.$RamAHB32.*)
                0x2007c000                . = ALIGN ((. != 0x0)?0x4:0x1)
                [!provide]                PROVIDE (__end_bss_RAM2 = .)
                [!provide]                PROVIDE (__end_bss_RamAHB32 = .)

.bss            0x10000018     0x1308
                0x10000018                _bss = .
                [!provide]                PROVIDE (__start_bss_RAM = .)
                [!provide]                PROVIDE (__start_bss_RamLoc32 = .)
 *(.bss*)
 .bss           0x10000018       0x18 ./src/main.o
                0x10000018                msTicks
                0x1000001c                editing
                0x10000020                sample_index
                0x10000024                disableSound
                0x10000028                cnt
                0x1000002c                sound_offset
 .bss           0x10000030      0x300 C:\Users\247810\Desktop\EmbeddedSystems\demo\Lib_EaBaseBoard\Debug\libLib_EaBaseBoard.a(oled.o)
 .bss           0x10000330        0x4 C:\Users\247810\Desktop\EmbeddedSystems\demo\Lib_EaBaseBoard\Debug\libLib_EaBaseBoard.a(temp.o)
 .bss           0x10000334       0x34 C:\Users\247810\Desktop\EmbeddedSystems\demo\Lib_MCU\Debug\libLib_MCU.a(lpc17xx_i2c.o)
 *(COMMON)
 COMMON         0x10000368      0xfb8 ./src/main.o
                0x10000368                directionOfNextAlarm
                0x1000036c                eeprom_buffer
                0x10000380                samples
                0x10001320                . = ALIGN (0x4)
                0x10001320                _ebss = .
                [!provide]                PROVIDE (__end_bss_RAM = .)
                [!provide]                PROVIDE (__end_bss_RamLoc32 = .)
                [!provide]                PROVIDE (end = .)

.noinit_RAM2    0x2007c000        0x0
                [!provide]                PROVIDE (__start_noinit_RAM2 = .)
                [!provide]                PROVIDE (__start_noinit_RamAHB32 = .)
 *(.noinit.$RAM2)
 *(.noinit.$RamAHB32)
 *(.noinit.$RAM2.*)
 *(.noinit.$RamAHB32.*)
                0x2007c000                . = ALIGN (0x4)
                [!provide]                PROVIDE (__end_noinit_RAM2 = .)
                [!provide]                PROVIDE (__end_noinit_RamAHB32 = .)

.noinit         0x10001320        0x0
                0x10001320                _noinit = .
                [!provide]                PROVIDE (__start_noinit_RAM = .)
                [!provide]                PROVIDE (__start_noinit_RamLoc32 = .)
 *(.noinit*)
                0x10001320                . = ALIGN (0x4)
                0x10001320                _end_noinit = .
                [!provide]                PROVIDE (__end_noinit_RAM = .)
                [!provide]                PROVIDE (__end_noinit_RamLoc32 = .)
                [!provide]                PROVIDE (_pvHeapStart = DEFINED (__user_heap_base)?__user_heap_base:.)
                0x10008000                PROVIDE (_vStackTop = DEFINED (__user_stack_top)?__user_stack_top:(__top_RamLoc32 - 0x0))
                [!provide]                PROVIDE (__valid_user_code_checksum = (0x0 - ((((((_vStackTop + (ResetISR + 0x1)) + (NMI_Handler + 0x1)) + (HardFault_Handler + 0x1)) + (DEFINED (MemManage_Handler)?MemManage_Handler:0x0 + 0x1)) + (DEFINED (BusFault_Handler)?BusFault_Handler:0x0 + 0x1)) + (DEFINED (UsageFault_Handler)?UsageFault_Handler:0x0 + 0x1))))
                0x00000000                _image_start = LOADADDR (.text)
                0x0000e848                _image_end = (LOADADDR (.data) + SIZEOF (.data))
                0x0000e848                _image_size = (_image_end - _image_start)
OUTPUT(demo.axf elf32-littlearm)
LOAD linker stubs

.debug_info     0x00000000     0x864e
 .debug_info    0x00000000      0x1fe ./src/cr_startup_lpc17.o
 .debug_info    0x000001fe     0x21ef ./src/main.o
 .debug_info    0x000023ed       0x77 ./src/sound_8k.o
 .debug_info    0x00002464      0x345 C:\Users\247810\Desktop\EmbeddedSystems\demo\Lib_CMSISv1p30_LPC17xx\Debug\libCMSISv1p30_LPC17xx.a(system_LPC17xx.o)
 .debug_info    0x000027a9      0x5f7 C:\Users\247810\Desktop\EmbeddedSystems\demo\Lib_EaBaseBoard\Debug\libLib_EaBaseBoard.a(eeprom.o)
 .debug_info    0x00002da0      0x13f C:\Users\247810\Desktop\EmbeddedSystems\demo\Lib_EaBaseBoard\Debug\libLib_EaBaseBoard.a(joystick.o)
 .debug_info    0x00002edf      0x795 C:\Users\247810\Desktop\EmbeddedSystems\demo\Lib_EaBaseBoard\Debug\libLib_EaBaseBoard.a(light.o)
 .debug_info    0x00003674      0x9d1 C:\Users\247810\Desktop\EmbeddedSystems\demo\Lib_EaBaseBoard\Debug\libLib_EaBaseBoard.a(oled.o)
 .debug_info    0x00004045      0x183 C:\Users\247810\Desktop\EmbeddedSystems\demo\Lib_EaBaseBoard\Debug\libLib_EaBaseBoard.a(temp.o)
 .debug_info    0x000041c8       0x62 C:\Users\247810\Desktop\EmbeddedSystems\demo\Lib_EaBaseBoard\Debug\libLib_EaBaseBoard.a(font5x7.o)
 .debug_info    0x0000422a      0x666 C:\Users\247810\Desktop\EmbeddedSystems\demo\Lib_MCU\Debug\libLib_MCU.a(lpc17xx_adc.o)
 .debug_info    0x00004890      0x62a C:\Users\247810\Desktop\EmbeddedSystems\demo\Lib_MCU\Debug\libLib_MCU.a(lpc17xx_clkpwr.o)
 .debug_info    0x00004eba      0x2b3 C:\Users\247810\Desktop\EmbeddedSystems\demo\Lib_MCU\Debug\libLib_MCU.a(lpc17xx_dac.o)
 .debug_info    0x0000516d      0xe1a C:\Users\247810\Desktop\EmbeddedSystems\demo\Lib_MCU\Debug\libLib_MCU.a(lpc17xx_gpio.o)
 .debug_info    0x00005f87      0xdca C:\Users\247810\Desktop\EmbeddedSystems\demo\Lib_MCU\Debug\libLib_MCU.a(lpc17xx_i2c.o)
 .debug_info    0x00006d51      0x4cd C:\Users\247810\Desktop\EmbeddedSystems\demo\Lib_MCU\Debug\libLib_MCU.a(lpc17xx_pinsel.o)
 .debug_info    0x0000721e      0xa16 C:\Users\247810\Desktop\EmbeddedSystems\demo\Lib_MCU\Debug\libLib_MCU.a(lpc17xx_rtc.o)
 .debug_info    0x00007c34      0x7b5 C:\Users\247810\Desktop\EmbeddedSystems\demo\Lib_MCU\Debug\libLib_MCU.a(lpc17xx_ssp.o)
 .debug_info    0x000083e9      0x265 C:\Users\247810\Desktop\EmbeddedSystems\demo\Lib_MCU\Debug\libLib_MCU.a(lpc17xx_systick.o)

.debug_abbrev   0x00000000     0x206b
 .debug_abbrev  0x00000000       0xc8 ./src/cr_startup_lpc17.o
 .debug_abbrev  0x000000c8      0x44d ./src/main.o
 .debug_abbrev  0x00000515       0x68 ./src/sound_8k.o
 .debug_abbrev  0x0000057d      0x11c C:\Users\247810\Desktop\EmbeddedSystems\demo\Lib_CMSISv1p30_LPC17xx\Debug\libCMSISv1p30_LPC17xx.a(system_LPC17xx.o)
 .debug_abbrev  0x00000699      0x1e3 C:\Users\247810\Desktop\EmbeddedSystems\demo\Lib_EaBaseBoard\Debug\libLib_EaBaseBoard.a(eeprom.o)
 .debug_abbrev  0x0000087c       0xd0 C:\Users\247810\Desktop\EmbeddedSystems\demo\Lib_EaBaseBoard\Debug\libLib_EaBaseBoard.a(joystick.o)
 .debug_abbrev  0x0000094c      0x230 C:\Users\247810\Desktop\EmbeddedSystems\demo\Lib_EaBaseBoard\Debug\libLib_EaBaseBoard.a(light.o)
 .debug_abbrev  0x00000b7c      0x23c C:\Users\247810\Desktop\EmbeddedSystems\demo\Lib_EaBaseBoard\Debug\libLib_EaBaseBoard.a(oled.o)
 .debug_abbrev  0x00000db8       0xfb C:\Users\247810\Desktop\EmbeddedSystems\demo\Lib_EaBaseBoard\Debug\libLib_EaBaseBoard.a(temp.o)
 .debug_abbrev  0x00000eb3       0x4a C:\Users\247810\Desktop\EmbeddedSystems\demo\Lib_EaBaseBoard\Debug\libLib_EaBaseBoard.a(font5x7.o)
 .debug_abbrev  0x00000efd      0x1c7 C:\Users\247810\Desktop\EmbeddedSystems\demo\Lib_MCU\Debug\libLib_MCU.a(lpc17xx_adc.o)
 .debug_abbrev  0x000010c4      0x1fd C:\Users\247810\Desktop\EmbeddedSystems\demo\Lib_MCU\Debug\libLib_MCU.a(lpc17xx_clkpwr.o)
 .debug_abbrev  0x000012c1      0x14a C:\Users\247810\Desktop\EmbeddedSystems\demo\Lib_MCU\Debug\libLib_MCU.a(lpc17xx_dac.o)
 .debug_abbrev  0x0000140b      0x26b C:\Users\247810\Desktop\EmbeddedSystems\demo\Lib_MCU\Debug\libLib_MCU.a(lpc17xx_gpio.o)
 .debug_abbrev  0x00001676      0x2de C:\Users\247810\Desktop\EmbeddedSystems\demo\Lib_MCU\Debug\libLib_MCU.a(lpc17xx_i2c.o)
 .debug_abbrev  0x00001954      0x196 C:\Users\247810\Desktop\EmbeddedSystems\demo\Lib_MCU\Debug\libLib_MCU.a(lpc17xx_pinsel.o)
 .debug_abbrev  0x00001aea      0x1ee C:\Users\247810\Desktop\EmbeddedSystems\demo\Lib_MCU\Debug\libLib_MCU.a(lpc17xx_rtc.o)
 .debug_abbrev  0x00001cd8      0x21b C:\Users\247810\Desktop\EmbeddedSystems\demo\Lib_MCU\Debug\libLib_MCU.a(lpc17xx_ssp.o)
 .debug_abbrev  0x00001ef3      0x178 C:\Users\247810\Desktop\EmbeddedSystems\demo\Lib_MCU\Debug\libLib_MCU.a(lpc17xx_systick.o)

.debug_aranges  0x00000000      0x8a8
 .debug_aranges
                0x00000000       0x70 ./src/cr_startup_lpc17.o
 .debug_aranges
                0x00000070      0x148 ./src/main.o
 .debug_aranges
                0x000001b8       0x18 ./src/sound_8k.o
 .debug_aranges
                0x000001d0       0x28 C:\Users\247810\Desktop\EmbeddedSystems\demo\Lib_CMSISv1p30_LPC17xx\Debug\libCMSISv1p30_LPC17xx.a(system_LPC17xx.o)
 .debug_aranges
                0x000001f8       0x48 C:\Users\247810\Desktop\EmbeddedSystems\demo\Lib_EaBaseBoard\Debug\libLib_EaBaseBoard.a(eeprom.o)
 .debug_aranges
                0x00000240       0x28 C:\Users\247810\Desktop\EmbeddedSystems\demo\Lib_EaBaseBoard\Debug\libLib_EaBaseBoard.a(joystick.o)
 .debug_aranges
                0x00000268       0x98 C:\Users\247810\Desktop\EmbeddedSystems\demo\Lib_EaBaseBoard\Debug\libLib_EaBaseBoard.a(light.o)
 .debug_aranges
                0x00000300       0x90 C:\Users\247810\Desktop\EmbeddedSystems\demo\Lib_EaBaseBoard\Debug\libLib_EaBaseBoard.a(oled.o)
 .debug_aranges
                0x00000390       0x28 C:\Users\247810\Desktop\EmbeddedSystems\demo\Lib_EaBaseBoard\Debug\libLib_EaBaseBoard.a(temp.o)
 .debug_aranges
                0x000003b8       0x18 C:\Users\247810\Desktop\EmbeddedSystems\demo\Lib_EaBaseBoard\Debug\libLib_EaBaseBoard.a(font5x7.o)
 .debug_aranges
                0x000003d0       0x80 C:\Users\247810\Desktop\EmbeddedSystems\demo\Lib_MCU\Debug\libLib_MCU.a(lpc17xx_adc.o)
 .debug_aranges
                0x00000450       0x60 C:\Users\247810\Desktop\EmbeddedSystems\demo\Lib_MCU\Debug\libLib_MCU.a(lpc17xx_clkpwr.o)
 .debug_aranges
                0x000004b0       0x40 C:\Users\247810\Desktop\EmbeddedSystems\demo\Lib_MCU\Debug\libLib_MCU.a(lpc17xx_dac.o)
 .debug_aranges
                0x000004f0       0xf8 C:\Users\247810\Desktop\EmbeddedSystems\demo\Lib_MCU\Debug\libLib_MCU.a(lpc17xx_gpio.o)
 .debug_aranges
                0x000005e8       0xd0 C:\Users\247810\Desktop\EmbeddedSystems\demo\Lib_MCU\Debug\libLib_MCU.a(lpc17xx_i2c.o)
 .debug_aranges
                0x000006b8       0x48 C:\Users\247810\Desktop\EmbeddedSystems\demo\Lib_MCU\Debug\libLib_MCU.a(lpc17xx_pinsel.o)
 .debug_aranges
                0x00000700       0xb8 C:\Users\247810\Desktop\EmbeddedSystems\demo\Lib_MCU\Debug\libLib_MCU.a(lpc17xx_rtc.o)
 .debug_aranges
                0x000007b8       0xa8 C:\Users\247810\Desktop\EmbeddedSystems\demo\Lib_MCU\Debug\libLib_MCU.a(lpc17xx_ssp.o)
 .debug_aranges
                0x00000860       0x48 C:\Users\247810\Desktop\EmbeddedSystems\demo\Lib_MCU\Debug\libLib_MCU.a(lpc17xx_systick.o)

.debug_ranges   0x00000000      0x768
 .debug_ranges  0x00000000       0x60 ./src/cr_startup_lpc17.o
 .debug_ranges  0x00000060      0x138 ./src/main.o
 .debug_ranges  0x00000198       0x18 C:\Users\247810\Desktop\EmbeddedSystems\demo\Lib_CMSISv1p30_LPC17xx\Debug\libCMSISv1p30_LPC17xx.a(system_LPC17xx.o)
 .debug_ranges  0x000001b0       0x38 C:\Users\247810\Desktop\EmbeddedSystems\demo\Lib_EaBaseBoard\Debug\libLib_EaBaseBoard.a(eeprom.o)
 .debug_ranges  0x000001e8       0x18 C:\Users\247810\Desktop\EmbeddedSystems\demo\Lib_EaBaseBoard\Debug\libLib_EaBaseBoard.a(joystick.o)
 .debug_ranges  0x00000200       0x88 C:\Users\247810\Desktop\EmbeddedSystems\demo\Lib_EaBaseBoard\Debug\libLib_EaBaseBoard.a(light.o)
 .debug_ranges  0x00000288       0x80 C:\Users\247810\Desktop\EmbeddedSystems\demo\Lib_EaBaseBoard\Debug\libLib_EaBaseBoard.a(oled.o)
 .debug_ranges  0x00000308       0x18 C:\Users\247810\Desktop\EmbeddedSystems\demo\Lib_EaBaseBoard\Debug\libLib_EaBaseBoard.a(temp.o)
 .debug_ranges  0x00000320       0x70 C:\Users\247810\Desktop\EmbeddedSystems\demo\Lib_MCU\Debug\libLib_MCU.a(lpc17xx_adc.o)
 .debug_ranges  0x00000390       0x50 C:\Users\247810\Desktop\EmbeddedSystems\demo\Lib_MCU\Debug\libLib_MCU.a(lpc17xx_clkpwr.o)
 .debug_ranges  0x000003e0       0x30 C:\Users\247810\Desktop\EmbeddedSystems\demo\Lib_MCU\Debug\libLib_MCU.a(lpc17xx_dac.o)
 .debug_ranges  0x00000410       0xe8 C:\Users\247810\Desktop\EmbeddedSystems\demo\Lib_MCU\Debug\libLib_MCU.a(lpc17xx_gpio.o)
 .debug_ranges  0x000004f8       0xc0 C:\Users\247810\Desktop\EmbeddedSystems\demo\Lib_MCU\Debug\libLib_MCU.a(lpc17xx_i2c.o)
 .debug_ranges  0x000005b8       0x38 C:\Users\247810\Desktop\EmbeddedSystems\demo\Lib_MCU\Debug\libLib_MCU.a(lpc17xx_pinsel.o)
 .debug_ranges  0x000005f0       0xa8 C:\Users\247810\Desktop\EmbeddedSystems\demo\Lib_MCU\Debug\libLib_MCU.a(lpc17xx_rtc.o)
 .debug_ranges  0x00000698       0x98 C:\Users\247810\Desktop\EmbeddedSystems\demo\Lib_MCU\Debug\libLib_MCU.a(lpc17xx_ssp.o)
 .debug_ranges  0x00000730       0x38 C:\Users\247810\Desktop\EmbeddedSystems\demo\Lib_MCU\Debug\libLib_MCU.a(lpc17xx_systick.o)

.debug_macro    0x00000000     0x5fb6
 .debug_macro   0x00000000       0x79 ./src/cr_startup_lpc17.o
 .debug_macro   0x00000079      0xaa8 ./src/cr_startup_lpc17.o
 .debug_macro   0x00000b21       0x22 ./src/cr_startup_lpc17.o
 .debug_macro   0x00000b43       0x8e ./src/cr_startup_lpc17.o
 .debug_macro   0x00000bd1       0x51 ./src/cr_startup_lpc17.o
 .debug_macro   0x00000c22      0x103 ./src/cr_startup_lpc17.o
 .debug_macro   0x00000d25       0x6a ./src/cr_startup_lpc17.o
 .debug_macro   0x00000d8f      0x1df ./src/cr_startup_lpc17.o
 .debug_macro   0x00000f6e      0x14b ./src/main.o
 .debug_macro   0x000010b9       0x1c ./src/main.o
 .debug_macro   0x000010d5       0x22 ./src/main.o
 .debug_macro   0x000010f7      0x7b7 ./src/main.o
 .debug_macro   0x000018ae      0x2c7 ./src/main.o
 .debug_macro   0x00001b75       0x64 ./src/main.o
 .debug_macro   0x00001bd9      0x140 ./src/main.o
 .debug_macro   0x00001d19       0x46 ./src/main.o
 .debug_macro   0x00001d5f      0x192 ./src/main.o
 .debug_macro   0x00001ef1      0x2a6 ./src/main.o
 .debug_macro   0x00002197       0xee ./src/main.o
 .debug_macro   0x00002285       0xed ./src/main.o
 .debug_macro   0x00002372       0x4c ./src/main.o
 .debug_macro   0x000023be       0x40 ./src/main.o
 .debug_macro   0x000023fe       0x28 ./src/main.o
 .debug_macro   0x00002426       0xb2 ./src/main.o
 .debug_macro   0x000024d8       0x1c ./src/main.o
 .debug_macro   0x000024f4       0x16 ./src/main.o
 .debug_macro   0x0000250a       0x1c ./src/main.o
 .debug_macro   0x00002526       0x11 ./src/sound_8k.o
 .debug_macro   0x00002537      0x113 C:\Users\247810\Desktop\EmbeddedSystems\demo\Lib_CMSISv1p30_LPC17xx\Debug\libCMSISv1p30_LPC17xx.a(system_LPC17xx.o)
 .debug_macro   0x0000264a      0xaa2 C:\Users\247810\Desktop\EmbeddedSystems\demo\Lib_CMSISv1p30_LPC17xx\Debug\libCMSISv1p30_LPC17xx.a(system_LPC17xx.o)
 .debug_macro   0x000030ec       0x10 C:\Users\247810\Desktop\EmbeddedSystems\demo\Lib_CMSISv1p30_LPC17xx\Debug\libCMSISv1p30_LPC17xx.a(system_LPC17xx.o)
 .debug_macro   0x000030fc      0x12e C:\Users\247810\Desktop\EmbeddedSystems\demo\Lib_CMSISv1p30_LPC17xx\Debug\libCMSISv1p30_LPC17xx.a(system_LPC17xx.o)
 .debug_macro   0x0000322a      0x5b3 C:\Users\247810\Desktop\EmbeddedSystems\demo\Lib_CMSISv1p30_LPC17xx\Debug\libCMSISv1p30_LPC17xx.a(system_LPC17xx.o)
 .debug_macro   0x000037dd      0x7d5 C:\Users\247810\Desktop\EmbeddedSystems\demo\Lib_CMSISv1p30_LPC17xx\Debug\libCMSISv1p30_LPC17xx.a(system_LPC17xx.o)
 .debug_macro   0x00003fb2       0xd5 C:\Users\247810\Desktop\EmbeddedSystems\demo\Lib_EaBaseBoard\Debug\libLib_EaBaseBoard.a(eeprom.o)
 .debug_macro   0x00004087      0x18c C:\Users\247810\Desktop\EmbeddedSystems\demo\Lib_EaBaseBoard\Debug\libLib_EaBaseBoard.a(eeprom.o)
 .debug_macro   0x00004213       0x9a C:\Users\247810\Desktop\EmbeddedSystems\demo\Lib_EaBaseBoard\Debug\libLib_EaBaseBoard.a(eeprom.o)
 .debug_macro   0x000042ad       0x83 C:\Users\247810\Desktop\EmbeddedSystems\demo\Lib_EaBaseBoard\Debug\libLib_EaBaseBoard.a(joystick.o)
 .debug_macro   0x00004330       0x40 C:\Users\247810\Desktop\EmbeddedSystems\demo\Lib_EaBaseBoard\Debug\libLib_EaBaseBoard.a(joystick.o)
 .debug_macro   0x00004370      0x126 C:\Users\247810\Desktop\EmbeddedSystems\demo\Lib_EaBaseBoard\Debug\libLib_EaBaseBoard.a(light.o)
 .debug_macro   0x00004496       0xdd C:\Users\247810\Desktop\EmbeddedSystems\demo\Lib_EaBaseBoard\Debug\libLib_EaBaseBoard.a(oled.o)
 .debug_macro   0x00004573       0x5d C:\Users\247810\Desktop\EmbeddedSystems\demo\Lib_EaBaseBoard\Debug\libLib_EaBaseBoard.a(oled.o)
 .debug_macro   0x000045d0       0xae C:\Users\247810\Desktop\EmbeddedSystems\demo\Lib_EaBaseBoard\Debug\libLib_EaBaseBoard.a(temp.o)
 .debug_macro   0x0000467e       0x1a C:\Users\247810\Desktop\EmbeddedSystems\demo\Lib_EaBaseBoard\Debug\libLib_EaBaseBoard.a(font5x7.o)
 .debug_macro   0x00004698      0x696 C:\Users\247810\Desktop\EmbeddedSystems\demo\Lib_EaBaseBoard\Debug\libLib_EaBaseBoard.a(font5x7.o)
 .debug_macro   0x00004d2e       0x8c C:\Users\247810\Desktop\EmbeddedSystems\demo\Lib_MCU\Debug\libLib_MCU.a(lpc17xx_adc.o)
 .debug_macro   0x00004dba       0xe8 C:\Users\247810\Desktop\EmbeddedSystems\demo\Lib_MCU\Debug\libLib_MCU.a(lpc17xx_adc.o)
 .debug_macro   0x00004ea2      0x2fa C:\Users\247810\Desktop\EmbeddedSystems\demo\Lib_MCU\Debug\libLib_MCU.a(lpc17xx_adc.o)
 .debug_macro   0x0000519c       0xda C:\Users\247810\Desktop\EmbeddedSystems\demo\Lib_MCU\Debug\libLib_MCU.a(lpc17xx_adc.o)
 .debug_macro   0x00005276       0x7a C:\Users\247810\Desktop\EmbeddedSystems\demo\Lib_MCU\Debug\libLib_MCU.a(lpc17xx_clkpwr.o)
 .debug_macro   0x000052f0      0x2f4 C:\Users\247810\Desktop\EmbeddedSystems\demo\Lib_MCU\Debug\libLib_MCU.a(lpc17xx_clkpwr.o)
 .debug_macro   0x000055e4       0x8c C:\Users\247810\Desktop\EmbeddedSystems\demo\Lib_MCU\Debug\libLib_MCU.a(lpc17xx_dac.o)
 .debug_macro   0x00005670       0x3a C:\Users\247810\Desktop\EmbeddedSystems\demo\Lib_MCU\Debug\libLib_MCU.a(lpc17xx_dac.o)
 .debug_macro   0x000056aa       0x83 C:\Users\247810\Desktop\EmbeddedSystems\demo\Lib_MCU\Debug\libLib_MCU.a(lpc17xx_gpio.o)
 .debug_macro   0x0000572d       0x95 C:\Users\247810\Desktop\EmbeddedSystems\demo\Lib_MCU\Debug\libLib_MCU.a(lpc17xx_i2c.o)
 .debug_macro   0x000057c2      0x146 C:\Users\247810\Desktop\EmbeddedSystems\demo\Lib_MCU\Debug\libLib_MCU.a(lpc17xx_i2c.o)
 .debug_macro   0x00005908       0x7a C:\Users\247810\Desktop\EmbeddedSystems\demo\Lib_MCU\Debug\libLib_MCU.a(lpc17xx_pinsel.o)
 .debug_macro   0x00005982       0x8c C:\Users\247810\Desktop\EmbeddedSystems\demo\Lib_MCU\Debug\libLib_MCU.a(lpc17xx_rtc.o)
 .debug_macro   0x00005a0e      0x1aa C:\Users\247810\Desktop\EmbeddedSystems\demo\Lib_MCU\Debug\libLib_MCU.a(lpc17xx_rtc.o)
 .debug_macro   0x00005bb8       0x8c C:\Users\247810\Desktop\EmbeddedSystems\demo\Lib_MCU\Debug\libLib_MCU.a(lpc17xx_ssp.o)
 .debug_macro   0x00005c44      0x2a0 C:\Users\247810\Desktop\EmbeddedSystems\demo\Lib_MCU\Debug\libLib_MCU.a(lpc17xx_ssp.o)
 .debug_macro   0x00005ee4       0x8c C:\Users\247810\Desktop\EmbeddedSystems\demo\Lib_MCU\Debug\libLib_MCU.a(lpc17xx_systick.o)
 .debug_macro   0x00005f70       0x46 C:\Users\247810\Desktop\EmbeddedSystems\demo\Lib_MCU\Debug\libLib_MCU.a(lpc17xx_systick.o)

.debug_line     0x00000000     0x70e0
 .debug_line    0x00000000      0x443 ./src/cr_startup_lpc17.o
 .debug_line    0x00000443     0x16a3 ./src/main.o
 .debug_line    0x00001ae6       0x32 ./src/sound_8k.o
 .debug_line    0x00001b18      0x3f1 C:\Users\247810\Desktop\EmbeddedSystems\demo\Lib_CMSISv1p30_LPC17xx\Debug\libCMSISv1p30_LPC17xx.a(system_LPC17xx.o)
 .debug_line    0x00001f09      0x412 C:\Users\247810\Desktop\EmbeddedSystems\demo\Lib_EaBaseBoard\Debug\libLib_EaBaseBoard.a(eeprom.o)
 .debug_line    0x0000231b      0x2ec C:\Users\247810\Desktop\EmbeddedSystems\demo\Lib_EaBaseBoard\Debug\libLib_EaBaseBoard.a(joystick.o)
 .debug_line    0x00002607      0x51f C:\Users\247810\Desktop\EmbeddedSystems\demo\Lib_EaBaseBoard\Debug\libLib_EaBaseBoard.a(light.o)
 .debug_line    0x00002b26      0x80b C:\Users\247810\Desktop\EmbeddedSystems\demo\Lib_EaBaseBoard\Debug\libLib_EaBaseBoard.a(oled.o)
 .debug_line    0x00003331      0x328 C:\Users\247810\Desktop\EmbeddedSystems\demo\Lib_EaBaseBoard\Debug\libLib_EaBaseBoard.a(temp.o)
 .debug_line    0x00003659       0x82 C:\Users\247810\Desktop\EmbeddedSystems\demo\Lib_EaBaseBoard\Debug\libLib_EaBaseBoard.a(font5x7.o)
 .debug_line    0x000036db      0x53f C:\Users\247810\Desktop\EmbeddedSystems\demo\Lib_MCU\Debug\libLib_MCU.a(lpc17xx_adc.o)
 .debug_line    0x00003c1a      0x3e1 C:\Users\247810\Desktop\EmbeddedSystems\demo\Lib_MCU\Debug\libLib_MCU.a(lpc17xx_clkpwr.o)
 .debug_line    0x00003ffb      0x33e C:\Users\247810\Desktop\EmbeddedSystems\demo\Lib_MCU\Debug\libLib_MCU.a(lpc17xx_dac.o)
 .debug_line    0x00004339      0x71f C:\Users\247810\Desktop\EmbeddedSystems\demo\Lib_MCU\Debug\libLib_MCU.a(lpc17xx_gpio.o)
 .debug_line    0x00004a58      0xd13 C:\Users\247810\Desktop\EmbeddedSystems\demo\Lib_MCU\Debug\libLib_MCU.a(lpc17xx_i2c.o)
 .debug_line    0x0000576b      0x35f C:\Users\247810\Desktop\EmbeddedSystems\demo\Lib_MCU\Debug\libLib_MCU.a(lpc17xx_pinsel.o)
 .debug_line    0x00005aca      0x9df C:\Users\247810\Desktop\EmbeddedSystems\demo\Lib_MCU\Debug\libLib_MCU.a(lpc17xx_rtc.o)
 .debug_line    0x000064a9      0x8b4 C:\Users\247810\Desktop\EmbeddedSystems\demo\Lib_MCU\Debug\libLib_MCU.a(lpc17xx_ssp.o)
 .debug_line    0x00006d5d      0x383 C:\Users\247810\Desktop\EmbeddedSystems\demo\Lib_MCU\Debug\libLib_MCU.a(lpc17xx_systick.o)

.debug_str      0x00000000    0x12389
 .debug_str     0x00000000     0x3cbd ./src/cr_startup_lpc17.o
                               0x3e27 (size before relaxing)
 .debug_str     0x00003cbd     0x8494 ./src/main.o
                               0xc1eb (size before relaxing)
 .debug_str     0x0000c151       0x12 ./src/sound_8k.o
                               0x2dcb (size before relaxing)
 .debug_str     0x0000c163     0x19b6 C:\Users\247810\Desktop\EmbeddedSystems\demo\Lib_CMSISv1p30_LPC17xx\Debug\libCMSISv1p30_LPC17xx.a(system_LPC17xx.o)
                               0x886e (size before relaxing)
 .debug_str     0x0000db19      0x4fc C:\Users\247810\Desktop\EmbeddedSystems\demo\Lib_EaBaseBoard\Debug\libLib_EaBaseBoard.a(eeprom.o)
                               0x93f6 (size before relaxing)
 .debug_str     0x0000e015       0x3a C:\Users\247810\Desktop\EmbeddedSystems\demo\Lib_EaBaseBoard\Debug\libLib_EaBaseBoard.a(joystick.o)
                               0x88db (size before relaxing)
 .debug_str     0x0000e04f      0x363 C:\Users\247810\Desktop\EmbeddedSystems\demo\Lib_EaBaseBoard\Debug\libLib_EaBaseBoard.a(light.o)
                               0x946e (size before relaxing)
 .debug_str     0x0000e3b2      0x378 C:\Users\247810\Desktop\EmbeddedSystems\demo\Lib_EaBaseBoard\Debug\libLib_EaBaseBoard.a(oled.o)
                               0xa4f1 (size before relaxing)
 .debug_str     0x0000e72a       0xe6 C:\Users\247810\Desktop\EmbeddedSystems\demo\Lib_EaBaseBoard\Debug\libLib_EaBaseBoard.a(temp.o)
                               0x8935 (size before relaxing)
 .debug_str     0x0000e810      0xe21 C:\Users\247810\Desktop\EmbeddedSystems\demo\Lib_EaBaseBoard\Debug\libLib_EaBaseBoard.a(font5x7.o)
                               0x3bbc (size before relaxing)
 .debug_str     0x0000f631     0x1640 C:\Users\247810\Desktop\EmbeddedSystems\demo\Lib_MCU\Debug\libLib_MCU.a(lpc17xx_adc.o)
                               0xa444 (size before relaxing)
 .debug_str     0x00010c71       0xcb C:\Users\247810\Desktop\EmbeddedSystems\demo\Lib_MCU\Debug\libLib_MCU.a(lpc17xx_clkpwr.o)
                               0x9a62 (size before relaxing)
 .debug_str     0x00010d3c      0x107 C:\Users\247810\Desktop\EmbeddedSystems\demo\Lib_MCU\Debug\libLib_MCU.a(lpc17xx_dac.o)
                               0x9c20 (size before relaxing)
 .debug_str     0x00010e43      0x41c C:\Users\247810\Desktop\EmbeddedSystems\demo\Lib_MCU\Debug\libLib_MCU.a(lpc17xx_gpio.o)
                               0x8ddc (size before relaxing)
 .debug_str     0x0001125f      0x332 C:\Users\247810\Desktop\EmbeddedSystems\demo\Lib_MCU\Debug\libLib_MCU.a(lpc17xx_i2c.o)
                               0xadaa (size before relaxing)
 .debug_str     0x00011591       0xf6 C:\Users\247810\Desktop\EmbeddedSystems\demo\Lib_MCU\Debug\libLib_MCU.a(lpc17xx_pinsel.o)
                               0x8d03 (size before relaxing)
 .debug_str     0x00011687      0xa96 C:\Users\247810\Desktop\EmbeddedSystems\demo\Lib_MCU\Debug\libLib_MCU.a(lpc17xx_rtc.o)
                               0xa5d9 (size before relaxing)
 .debug_str     0x0001211d      0x1c5 C:\Users\247810\Desktop\EmbeddedSystems\demo\Lib_MCU\Debug\libLib_MCU.a(lpc17xx_ssp.o)
                               0xac63 (size before relaxing)
 .debug_str     0x000122e2       0xa7 C:\Users\247810\Desktop\EmbeddedSystems\demo\Lib_MCU\Debug\libLib_MCU.a(lpc17xx_systick.o)
                               0x9bf0 (size before relaxing)

.comment        0x00000000       0x4c
 .comment       0x00000000       0x4c ./src/cr_startup_lpc17.o
                                 0x4d (size before relaxing)
 .comment       0x0000004c       0x4d ./src/main.o
 .comment       0x0000004c       0x4d ./src/sound_8k.o
 .comment       0x0000004c       0x4d C:\Users\247810\Desktop\EmbeddedSystems\demo\Lib_CMSISv1p30_LPC17xx\Debug\libCMSISv1p30_LPC17xx.a(system_LPC17xx.o)
 .comment       0x0000004c       0x4d C:\Users\247810\Desktop\EmbeddedSystems\demo\Lib_EaBaseBoard\Debug\libLib_EaBaseBoard.a(eeprom.o)
 .comment       0x0000004c       0x4d C:\Users\247810\Desktop\EmbeddedSystems\demo\Lib_EaBaseBoard\Debug\libLib_EaBaseBoard.a(joystick.o)
 .comment       0x0000004c       0x4d C:\Users\247810\Desktop\EmbeddedSystems\demo\Lib_EaBaseBoard\Debug\libLib_EaBaseBoard.a(light.o)
 .comment       0x0000004c       0x4d C:\Users\247810\Desktop\EmbeddedSystems\demo\Lib_EaBaseBoard\Debug\libLib_EaBaseBoard.a(oled.o)
 .comment       0x0000004c       0x4d C:\Users\247810\Desktop\EmbeddedSystems\demo\Lib_EaBaseBoard\Debug\libLib_EaBaseBoard.a(temp.o)
 .comment       0x0000004c       0x4d C:\Users\247810\Desktop\EmbeddedSystems\demo\Lib_EaBaseBoard\Debug\libLib_EaBaseBoard.a(font5x7.o)
 .comment       0x0000004c       0x4d C:\Users\247810\Desktop\EmbeddedSystems\demo\Lib_MCU\Debug\libLib_MCU.a(lpc17xx_adc.o)
 .comment       0x0000004c       0x4d C:\Users\247810\Desktop\EmbeddedSystems\demo\Lib_MCU\Debug\libLib_MCU.a(lpc17xx_clkpwr.o)
 .comment       0x0000004c       0x4d C:\Users\247810\Desktop\EmbeddedSystems\demo\Lib_MCU\Debug\libLib_MCU.a(lpc17xx_dac.o)
 .comment       0x0000004c       0x4d C:\Users\247810\Desktop\EmbeddedSystems\demo\Lib_MCU\Debug\libLib_MCU.a(lpc17xx_gpio.o)
 .comment       0x0000004c       0x4d C:\Users\247810\Desktop\EmbeddedSystems\demo\Lib_MCU\Debug\libLib_MCU.a(lpc17xx_i2c.o)
 .comment       0x0000004c       0x4d C:\Users\247810\Desktop\EmbeddedSystems\demo\Lib_MCU\Debug\libLib_MCU.a(lpc17xx_pinsel.o)
 .comment       0x0000004c       0x4d C:\Users\247810\Desktop\EmbeddedSystems\demo\Lib_MCU\Debug\libLib_MCU.a(lpc17xx_rtc.o)
 .comment       0x0000004c       0x4d C:\Users\247810\Desktop\EmbeddedSystems\demo\Lib_MCU\Debug\libLib_MCU.a(lpc17xx_ssp.o)
 .comment       0x0000004c       0x4d C:\Users\247810\Desktop\EmbeddedSystems\demo\Lib_MCU\Debug\libLib_MCU.a(lpc17xx_systick.o)

.ARM.attributes
                0x00000000       0x2b
 .ARM.attributes
                0x00000000       0x2d ./src/cr_startup_lpc17.o
 .ARM.attributes
                0x0000002d       0x2d ./src/main.o
 .ARM.attributes
                0x0000005a       0x33 ./src/sound_8k.o
 .ARM.attributes
                0x0000008d       0x2d C:\Users\247810\Desktop\EmbeddedSystems\demo\Lib_CMSISv1p30_LPC17xx\Debug\libCMSISv1p30_LPC17xx.a(system_LPC17xx.o)
 .ARM.attributes
                0x000000ba       0x2d C:\Users\247810\Desktop\EmbeddedSystems\demo\Lib_EaBaseBoard\Debug\libLib_EaBaseBoard.a(eeprom.o)
 .ARM.attributes
                0x000000e7       0x2d C:\Users\247810\Desktop\EmbeddedSystems\demo\Lib_EaBaseBoard\Debug\libLib_EaBaseBoard.a(joystick.o)
 .ARM.attributes
                0x00000114       0x2d C:\Users\247810\Desktop\EmbeddedSystems\demo\Lib_EaBaseBoard\Debug\libLib_EaBaseBoard.a(light.o)
 .ARM.attributes
                0x00000141       0x2d C:\Users\247810\Desktop\EmbeddedSystems\demo\Lib_EaBaseBoard\Debug\libLib_EaBaseBoard.a(oled.o)
 .ARM.attributes
                0x0000016e       0x2d C:\Users\247810\Desktop\EmbeddedSystems\demo\Lib_EaBaseBoard\Debug\libLib_EaBaseBoard.a(temp.o)
 .ARM.attributes
                0x0000019b       0x33 C:\Users\247810\Desktop\EmbeddedSystems\demo\Lib_EaBaseBoard\Debug\libLib_EaBaseBoard.a(font5x7.o)
 .ARM.attributes
                0x000001ce       0x2d C:\Users\247810\Desktop\EmbeddedSystems\demo\Lib_MCU\Debug\libLib_MCU.a(lpc17xx_adc.o)
 .ARM.attributes
                0x000001fb       0x2d C:\Users\247810\Desktop\EmbeddedSystems\demo\Lib_MCU\Debug\libLib_MCU.a(lpc17xx_clkpwr.o)
 .ARM.attributes
                0x00000228       0x2d C:\Users\247810\Desktop\EmbeddedSystems\demo\Lib_MCU\Debug\libLib_MCU.a(lpc17xx_dac.o)
 .ARM.attributes
                0x00000255       0x2d C:\Users\247810\Desktop\EmbeddedSystems\demo\Lib_MCU\Debug\libLib_MCU.a(lpc17xx_gpio.o)
 .ARM.attributes
                0x00000282       0x2d C:\Users\247810\Desktop\EmbeddedSystems\demo\Lib_MCU\Debug\libLib_MCU.a(lpc17xx_i2c.o)
 .ARM.attributes
                0x000002af       0x2d C:\Users\247810\Desktop\EmbeddedSystems\demo\Lib_MCU\Debug\libLib_MCU.a(lpc17xx_pinsel.o)
 .ARM.attributes
                0x000002dc       0x2d C:\Users\247810\Desktop\EmbeddedSystems\demo\Lib_MCU\Debug\libLib_MCU.a(lpc17xx_rtc.o)
 .ARM.attributes
                0x00000309       0x2d C:\Users\247810\Desktop\EmbeddedSystems\demo\Lib_MCU\Debug\libLib_MCU.a(lpc17xx_ssp.o)
 .ARM.attributes
                0x00000336       0x2d C:\Users\247810\Desktop\EmbeddedSystems\demo\Lib_MCU\Debug\libLib_MCU.a(lpc17xx_systick.o)
 .ARM.attributes
                0x00000363       0x1d c:/nxp/mcuxpressoide_11.3.1_5262/ide/plugins/com.nxp.mcuxpresso.tools.win32_11.3.0.202008311133/tools/bin/../lib/gcc/arm-none-eabi/9.3.1/thumb/v7-m/nofp\libgcc.a(_arm_addsubdf3.o)
 .ARM.attributes
                0x00000380       0x1d c:/nxp/mcuxpressoide_11.3.1_5262/ide/plugins/com.nxp.mcuxpresso.tools.win32_11.3.0.202008311133/tools/bin/../lib/gcc/arm-none-eabi/9.3.1/thumb/v7-m/nofp\libgcc.a(_arm_muldivdf3.o)
 .ARM.attributes
                0x0000039d       0x1d c:/nxp/mcuxpressoide_11.3.1_5262/ide/plugins/com.nxp.mcuxpresso.tools.win32_11.3.0.202008311133/tools/bin/../lib/gcc/arm-none-eabi/9.3.1/thumb/v7-m/nofp\libgcc.a(_arm_addsubsf3.o)
 .ARM.attributes
                0x000003ba       0x1d c:/nxp/mcuxpressoide_11.3.1_5262/ide/plugins/com.nxp.mcuxpresso.tools.win32_11.3.0.202008311133/tools/bin/../lib/gcc/arm-none-eabi/9.3.1/thumb/v7-m/nofp\libgcc.a(_arm_cmpsf2.o)
 .ARM.attributes
                0x000003d7       0x1b c:/nxp/mcuxpressoide_11.3.1_5262/ide/plugins/com.nxp.mcuxpresso.tools.win32_11.3.0.202008311133/tools/bin/../lib/gcc/arm-none-eabi/9.3.1/../../../../arm-none-eabi/lib/thumb/v7-m/nofp\libc.a(lib_a-memcpy.o)
 .ARM.attributes
                0x000003f2       0x2d c:/nxp/mcuxpressoide_11.3.1_5262/ide/plugins/com.nxp.mcuxpresso.tools.win32_11.3.0.202008311133/tools/bin/../lib/gcc/arm-none-eabi/9.3.1/../../../../arm-none-eabi/lib/thumb/v7-m/nofp\libc.a(lib_a-memset.o)
 .ARM.attributes
                0x0000041f       0x2d c:/nxp/mcuxpressoide_11.3.1_5262/ide/plugins/com.nxp.mcuxpresso.tools.win32_11.3.0.202008311133/tools/bin/../lib/gcc/arm-none-eabi/9.3.1/../../../../arm-none-eabi/lib/thumb/v7-m/nofp\libm.a(lib_a-s_sin.o)
 .ARM.attributes
                0x0000044c       0x2d c:/nxp/mcuxpressoide_11.3.1_5262/ide/plugins/com.nxp.mcuxpresso.tools.win32_11.3.0.202008311133/tools/bin/../lib/gcc/arm-none-eabi/9.3.1/../../../../arm-none-eabi/lib/thumb/v7-m/nofp\libm.a(lib_a-e_rem_pio2.o)
 .ARM.attributes
                0x00000479       0x2d c:/nxp/mcuxpressoide_11.3.1_5262/ide/plugins/com.nxp.mcuxpresso.tools.win32_11.3.0.202008311133/tools/bin/../lib/gcc/arm-none-eabi/9.3.1/../../../../arm-none-eabi/lib/thumb/v7-m/nofp\libm.a(lib_a-k_cos.o)
 .ARM.attributes
                0x000004a6       0x2d c:/nxp/mcuxpressoide_11.3.1_5262/ide/plugins/com.nxp.mcuxpresso.tools.win32_11.3.0.202008311133/tools/bin/../lib/gcc/arm-none-eabi/9.3.1/../../../../arm-none-eabi/lib/thumb/v7-m/nofp\libm.a(lib_a-k_rem_pio2.o)
 .ARM.attributes
                0x000004d3       0x2d c:/nxp/mcuxpressoide_11.3.1_5262/ide/plugins/com.nxp.mcuxpresso.tools.win32_11.3.0.202008311133/tools/bin/../lib/gcc/arm-none-eabi/9.3.1/../../../../arm-none-eabi/lib/thumb/v7-m/nofp\libm.a(lib_a-k_sin.o)
 .ARM.attributes
                0x00000500       0x2d c:/nxp/mcuxpressoide_11.3.1_5262/ide/plugins/com.nxp.mcuxpresso.tools.win32_11.3.0.202008311133/tools/bin/../lib/gcc/arm-none-eabi/9.3.1/../../../../arm-none-eabi/lib/thumb/v7-m/nofp\libm.a(lib_a-s_fabs.o)
 .ARM.attributes
                0x0000052d       0x2d c:/nxp/mcuxpressoide_11.3.1_5262/ide/plugins/com.nxp.mcuxpresso.tools.win32_11.3.0.202008311133/tools/bin/../lib/gcc/arm-none-eabi/9.3.1/../../../../arm-none-eabi/lib/thumb/v7-m/nofp\libm.a(lib_a-s_floor.o)
 .ARM.attributes
                0x0000055a       0x2d c:/nxp/mcuxpressoide_11.3.1_5262/ide/plugins/com.nxp.mcuxpresso.tools.win32_11.3.0.202008311133/tools/bin/../lib/gcc/arm-none-eabi/9.3.1/../../../../arm-none-eabi/lib/thumb/v7-m/nofp\libm.a(lib_a-s_scalbn.o)
 .ARM.attributes
                0x00000587       0x1d c:/nxp/mcuxpressoide_11.3.1_5262/ide/plugins/com.nxp.mcuxpresso.tools.win32_11.3.0.202008311133/tools/bin/../lib/gcc/arm-none-eabi/9.3.1/thumb/v7-m/nofp\libgcc.a(_arm_cmpdf2.o)
 .ARM.attributes
                0x000005a4       0x1d c:/nxp/mcuxpressoide_11.3.1_5262/ide/plugins/com.nxp.mcuxpresso.tools.win32_11.3.0.202008311133/tools/bin/../lib/gcc/arm-none-eabi/9.3.1/thumb/v7-m/nofp\libgcc.a(_arm_fixdfsi.o)

.debug_frame    0x00000000     0x24e4
 .debug_frame   0x00000000      0x120 ./src/cr_startup_lpc17.o
 .debug_frame   0x00000120      0x548 ./src/main.o
 .debug_frame   0x00000668       0x50 C:\Users\247810\Desktop\EmbeddedSystems\demo\Lib_CMSISv1p30_LPC17xx\Debug\libCMSISv1p30_LPC17xx.a(system_LPC17xx.o)
 .debug_frame   0x000006b8       0xe8 C:\Users\247810\Desktop\EmbeddedSystems\demo\Lib_EaBaseBoard\Debug\libLib_EaBaseBoard.a(eeprom.o)
 .debug_frame   0x000007a0       0x50 C:\Users\247810\Desktop\EmbeddedSystems\demo\Lib_EaBaseBoard\Debug\libLib_EaBaseBoard.a(joystick.o)
 .debug_frame   0x000007f0      0x24c C:\Users\247810\Desktop\EmbeddedSystems\demo\Lib_EaBaseBoard\Debug\libLib_EaBaseBoard.a(light.o)
 .debug_frame   0x00000a3c      0x244 C:\Users\247810\Desktop\EmbeddedSystems\demo\Lib_EaBaseBoard\Debug\libLib_EaBaseBoard.a(oled.o)
 .debug_frame   0x00000c80       0x58 C:\Users\247810\Desktop\EmbeddedSystems\demo\Lib_EaBaseBoard\Debug\libLib_EaBaseBoard.a(temp.o)
 .debug_frame   0x00000cd8      0x1e8 C:\Users\247810\Desktop\EmbeddedSystems\demo\Lib_MCU\Debug\libLib_MCU.a(lpc17xx_adc.o)
 .debug_frame   0x00000ec0      0x13c C:\Users\247810\Desktop\EmbeddedSystems\demo\Lib_MCU\Debug\libLib_MCU.a(lpc17xx_clkpwr.o)
 .debug_frame   0x00000ffc       0xc4 C:\Users\247810\Desktop\EmbeddedSystems\demo\Lib_MCU\Debug\libLib_MCU.a(lpc17xx_dac.o)
 .debug_frame   0x000010c0      0x428 C:\Users\247810\Desktop\EmbeddedSystems\demo\Lib_MCU\Debug\libLib_MCU.a(lpc17xx_gpio.o)
 .debug_frame   0x000014e8      0x37c C:\Users\247810\Desktop\EmbeddedSystems\demo\Lib_MCU\Debug\libLib_MCU.a(lpc17xx_i2c.o)
 .debug_frame   0x00001864       0xfc C:\Users\247810\Desktop\EmbeddedSystems\demo\Lib_MCU\Debug\libLib_MCU.a(lpc17xx_pinsel.o)
 .debug_frame   0x00001960      0x2e4 C:\Users\247810\Desktop\EmbeddedSystems\demo\Lib_MCU\Debug\libLib_MCU.a(lpc17xx_rtc.o)
 .debug_frame   0x00001c44      0x2a0 C:\Users\247810\Desktop\EmbeddedSystems\demo\Lib_MCU\Debug\libLib_MCU.a(lpc17xx_ssp.o)
 .debug_frame   0x00001ee4       0xe0 C:\Users\247810\Desktop\EmbeddedSystems\demo\Lib_MCU\Debug\libLib_MCU.a(lpc17xx_systick.o)
 .debug_frame   0x00001fc4       0xac c:/nxp/mcuxpressoide_11.3.1_5262/ide/plugins/com.nxp.mcuxpresso.tools.win32_11.3.0.202008311133/tools/bin/../lib/gcc/arm-none-eabi/9.3.1/thumb/v7-m/nofp\libgcc.a(_arm_addsubdf3.o)
 .debug_frame   0x00002070       0x50 c:/nxp/mcuxpressoide_11.3.1_5262/ide/plugins/com.nxp.mcuxpresso.tools.win32_11.3.0.202008311133/tools/bin/../lib/gcc/arm-none-eabi/9.3.1/thumb/v7-m/nofp\libgcc.a(_arm_muldivdf3.o)
 .debug_frame   0x000020c0       0x4c c:/nxp/mcuxpressoide_11.3.1_5262/ide/plugins/com.nxp.mcuxpresso.tools.win32_11.3.0.202008311133/tools/bin/../lib/gcc/arm-none-eabi/9.3.1/thumb/v7-m/nofp\libgcc.a(_arm_addsubsf3.o)
 .debug_frame   0x0000210c       0xc8 c:/nxp/mcuxpressoide_11.3.1_5262/ide/plugins/com.nxp.mcuxpresso.tools.win32_11.3.0.202008311133/tools/bin/../lib/gcc/arm-none-eabi/9.3.1/thumb/v7-m/nofp\libgcc.a(_arm_cmpsf2.o)
 .debug_frame   0x000021d4       0x38 c:/nxp/mcuxpressoide_11.3.1_5262/ide/plugins/com.nxp.mcuxpresso.tools.win32_11.3.0.202008311133/tools/bin/../lib/gcc/arm-none-eabi/9.3.1/../../../../arm-none-eabi/lib/thumb/v7-m/nofp\libc.a(lib_a-memset.o)
 .debug_frame   0x0000220c       0x3c c:/nxp/mcuxpressoide_11.3.1_5262/ide/plugins/com.nxp.mcuxpresso.tools.win32_11.3.0.202008311133/tools/bin/../lib/gcc/arm-none-eabi/9.3.1/../../../../arm-none-eabi/lib/thumb/v7-m/nofp\libm.a(lib_a-s_sin.o)
 .debug_frame   0x00002248       0x4c c:/nxp/mcuxpressoide_11.3.1_5262/ide/plugins/com.nxp.mcuxpresso.tools.win32_11.3.0.202008311133/tools/bin/../lib/gcc/arm-none-eabi/9.3.1/../../../../arm-none-eabi/lib/thumb/v7-m/nofp\libm.a(lib_a-e_rem_pio2.o)
 .debug_frame   0x00002294       0x48 c:/nxp/mcuxpressoide_11.3.1_5262/ide/plugins/com.nxp.mcuxpresso.tools.win32_11.3.0.202008311133/tools/bin/../lib/gcc/arm-none-eabi/9.3.1/../../../../arm-none-eabi/lib/thumb/v7-m/nofp\libm.a(lib_a-k_cos.o)
 .debug_frame   0x000022dc       0x58 c:/nxp/mcuxpressoide_11.3.1_5262/ide/plugins/com.nxp.mcuxpresso.tools.win32_11.3.0.202008311133/tools/bin/../lib/gcc/arm-none-eabi/9.3.1/../../../../arm-none-eabi/lib/thumb/v7-m/nofp\libm.a(lib_a-k_rem_pio2.o)
 .debug_frame   0x00002334       0x48 c:/nxp/mcuxpressoide_11.3.1_5262/ide/plugins/com.nxp.mcuxpresso.tools.win32_11.3.0.202008311133/tools/bin/../lib/gcc/arm-none-eabi/9.3.1/../../../../arm-none-eabi/lib/thumb/v7-m/nofp\libm.a(lib_a-k_sin.o)
 .debug_frame   0x0000237c       0x20 c:/nxp/mcuxpressoide_11.3.1_5262/ide/plugins/com.nxp.mcuxpresso.tools.win32_11.3.0.202008311133/tools/bin/../lib/gcc/arm-none-eabi/9.3.1/../../../../arm-none-eabi/lib/thumb/v7-m/nofp\libm.a(lib_a-s_fabs.o)
 .debug_frame   0x0000239c       0x30 c:/nxp/mcuxpressoide_11.3.1_5262/ide/plugins/com.nxp.mcuxpresso.tools.win32_11.3.0.202008311133/tools/bin/../lib/gcc/arm-none-eabi/9.3.1/../../../../arm-none-eabi/lib/thumb/v7-m/nofp\libm.a(lib_a-s_floor.o)
 .debug_frame   0x000023cc       0x30 c:/nxp/mcuxpressoide_11.3.1_5262/ide/plugins/com.nxp.mcuxpresso.tools.win32_11.3.0.202008311133/tools/bin/../lib/gcc/arm-none-eabi/9.3.1/../../../../arm-none-eabi/lib/thumb/v7-m/nofp\libm.a(lib_a-s_scalbn.o)
 .debug_frame   0x000023fc       0xc4 c:/nxp/mcuxpressoide_11.3.1_5262/ide/plugins/com.nxp.mcuxpresso.tools.win32_11.3.0.202008311133/tools/bin/../lib/gcc/arm-none-eabi/9.3.1/thumb/v7-m/nofp\libgcc.a(_arm_cmpdf2.o)
 .debug_frame   0x000024c0       0x24 c:/nxp/mcuxpressoide_11.3.1_5262/ide/plugins/com.nxp.mcuxpresso.tools.win32_11.3.0.202008311133/tools/bin/../lib/gcc/arm-none-eabi/9.3.1/thumb/v7-m/nofp\libgcc.a(_arm_fixdfsi.o)
