lpc17xx_emac.c:103:13:rx_descr_init	16	static
lpc17xx_emac.c:131:13:tx_descr_init	16	static
lpc17xx_emac.c:159:16:write_PHY	24	static
lpc17xx_emac.c:186:16:read_PHY	24	static
lpc17xx_emac.c:212:13:setEmacAddr	16	static
lpc17xx_emac.c:227:16:emac_CRCCalc	48	static
lpc17xx_emac.c:292:8:EMAC_Init	32	static
lpc17xx_emac.c:388:6:EMAC_DeInit	8	static
lpc17xx_emac.c:420:9:EMAC_CheckPHYStatus	24	static
lpc17xx_emac.c:470:9:EMAC_SetPHYMode	32	static
lpc17xx_emac.c:551:9:EMAC_UpdatePHYStatus	16	static
lpc17xx_emac.c:642:6:EMAC_SetHashFilter	32	static
lpc17xx_emac.c:692:6:EMAC_SetFilterMode	16	static
lpc17xx_emac.c:718:12:EMAC_GetWoLStatus	16	static
lpc17xx_emac.c:737:6:EMAC_WritePacketBuffer	32	static
lpc17xx_emac.c:760:6:EMAC_ReadPacketBuffer	32	static
lpc17xx_emac.c:794:6:EMAC_IntCmd	16	static
lpc17xx_emac.c:820:11:EMAC_IntGetStatus	16	static
lpc17xx_emac.c:841:6:EMAC_CheckReceiveIndex	4	static
lpc17xx_emac.c:861:6:EMAC_CheckTransmitIndex	16	static
lpc17xx_emac.c:891:12:EMAC_CheckReceiveDataStatus	24	static
lpc17xx_emac.c:905:10:EMAC_GetReceiveDataSize	16	static
lpc17xx_emac.c:919:6:EMAC_UpdateRxConsumeIndex	16	static
lpc17xx_emac.c:936:6:EMAC_UpdateTxProduceIndex	16	static
