Archive member included to satisfy reference by file (symbol)

C:\Users\247810\Downloads\sysWbud24_05\Lib_CMSISv1p30_LPC17xx\Debug\libCMSISv1p30_LPC17xx.a(system_LPC17xx.o)
                              ./src/cr_startup_lpc17.o (SystemInit)
C:\Users\247810\Downloads\sysWbud24_05\Lib_MCU\Debug\libLib_MCU.a(lpc17xx_nvic.o)
                              ./src/memory.o (NVIC_DeInit)
c:/nxp/mcuxpressoide_11.3.1_5262/ide/plugins/com.nxp.mcuxpresso.tools.win32_11.3.0.202008311133/tools/bin/../lib/gcc/arm-none-eabi/9.3.1/thumb/v7-m/nofp\libgcc.a(_aeabi_uldivmod.o)
                              C:\Users\247810\Downloads\sysWbud24_05\Lib_CMSISv1p30_LPC17xx\Debug\libCMSISv1p30_LPC17xx.a(system_LPC17xx.o) (__aeabi_uldivmod)
c:/nxp/mcuxpressoide_11.3.1_5262/ide/plugins/com.nxp.mcuxpresso.tools.win32_11.3.0.202008311133/tools/bin/../lib/gcc/arm-none-eabi/9.3.1/thumb/v7-m/nofp\libgcc.a(_udivmoddi4.o)
                              c:/nxp/mcuxpressoide_11.3.1_5262/ide/plugins/com.nxp.mcuxpresso.tools.win32_11.3.0.202008311133/tools/bin/../lib/gcc/arm-none-eabi/9.3.1/thumb/v7-m/nofp\libgcc.a(_aeabi_uldivmod.o) (__udivmoddi4)
c:/nxp/mcuxpressoide_11.3.1_5262/ide/plugins/com.nxp.mcuxpresso.tools.win32_11.3.0.202008311133/tools/bin/../lib/gcc/arm-none-eabi/9.3.1/thumb/v7-m/nofp\libgcc.a(_dvmd_tls.o)
                              c:/nxp/mcuxpressoide_11.3.1_5262/ide/plugins/com.nxp.mcuxpresso.tools.win32_11.3.0.202008311133/tools/bin/../lib/gcc/arm-none-eabi/9.3.1/thumb/v7-m/nofp\libgcc.a(_aeabi_uldivmod.o) (__aeabi_ldiv0)

Allocating common symbols
Common symbol       size              file

USB_AltSetting      0x4               ./src/usbcore.o
BulkBuf             0x40              ./src/mscuser.o
CBW                 0x1f              ./src/mscuser.o
Memory              0x2000            ./src/mscuser.o
EP0Buf              0x40              ./src/usbcore.o
USB_EndPointMask    0x4               ./src/usbcore.o
USB_DeviceAddress   0x1               ./src/usbcore.o
udca                0x80              ./src/usbhw.o
Offset              0x4               ./src/mscuser.o
DDMemMap            0x8               ./src/usbhw.o
CSW                 0xd               ./src/mscuser.o
USB_EndPointHalt    0x4               ./src/usbcore.o
MemOK               0x4               ./src/mscuser.o
Length              0x4               ./src/mscuser.o
USB_Configuration   0x1               ./src/usbcore.o
BulkLen             0x1               ./src/mscuser.o
SetupPacket         0x8               ./src/usbcore.o
USB_NumInterfaces   0x1               ./src/usbcore.o
EP0Data             0x8               ./src/usbcore.o
BulkStage           0x1               ./src/mscuser.o
USB_DeviceStatus    0x2               ./src/usbcore.o

Discarded input sections

 .group         0x00000000        0xc ./src/DiskImg.o
 .group         0x00000000        0xc ./src/DiskImg.o
 .group         0x00000000        0xc ./src/DiskImg.o
 .group         0x00000000        0xc ./src/DiskImg.o
 .group         0x00000000        0xc ./src/DiskImg.o
 .group         0x00000000        0xc ./src/DiskImg.o
 .group         0x00000000        0xc ./src/DiskImg.o
 .group         0x00000000        0xc ./src/DiskImg.o
 .group         0x00000000        0xc ./src/DiskImg.o
 .text          0x00000000        0x0 ./src/DiskImg.o
 .data          0x00000000        0x0 ./src/DiskImg.o
 .bss           0x00000000        0x0 ./src/DiskImg.o
 .group         0x00000000        0xc ./src/cr_startup_lpc17.o
 .group         0x00000000        0xc ./src/cr_startup_lpc17.o
 .group         0x00000000        0xc ./src/cr_startup_lpc17.o
 .group         0x00000000        0xc ./src/cr_startup_lpc17.o
 .group         0x00000000        0xc ./src/cr_startup_lpc17.o
 .group         0x00000000        0xc ./src/cr_startup_lpc17.o
 .group         0x00000000        0xc ./src/cr_startup_lpc17.o
 .text          0x00000000        0x0 ./src/cr_startup_lpc17.o
 .data          0x00000000        0x0 ./src/cr_startup_lpc17.o
 .bss           0x00000000        0x0 ./src/cr_startup_lpc17.o
 .debug_macro   0x00000000      0xaa8 ./src/cr_startup_lpc17.o
 .debug_macro   0x00000000       0x22 ./src/cr_startup_lpc17.o
 .debug_macro   0x00000000       0x8e ./src/cr_startup_lpc17.o
 .debug_macro   0x00000000       0x51 ./src/cr_startup_lpc17.o
 .debug_macro   0x00000000      0x103 ./src/cr_startup_lpc17.o
 .debug_macro   0x00000000       0x6a ./src/cr_startup_lpc17.o
 .debug_macro   0x00000000      0x1df ./src/cr_startup_lpc17.o
 .group         0x00000000        0xc ./src/memory.o
 .group         0x00000000        0xc ./src/memory.o
 .group         0x00000000        0xc ./src/memory.o
 .group         0x00000000        0xc ./src/memory.o
 .group         0x00000000        0xc ./src/memory.o
 .group         0x00000000        0xc ./src/memory.o
 .group         0x00000000        0xc ./src/memory.o
 .group         0x00000000        0xc ./src/memory.o
 .group         0x00000000        0xc ./src/memory.o
 .group         0x00000000        0xc ./src/memory.o
 .group         0x00000000        0xc ./src/memory.o
 .group         0x00000000        0xc ./src/memory.o
 .group         0x00000000        0xc ./src/memory.o
 .group         0x00000000        0xc ./src/memory.o
 .group         0x00000000        0xc ./src/memory.o
 .group         0x00000000        0xc ./src/memory.o
 .group         0x00000000        0xc ./src/memory.o
 .group         0x00000000        0xc ./src/memory.o
 .text          0x00000000        0x0 ./src/memory.o
 .data          0x00000000        0x0 ./src/memory.o
 .bss           0x00000000        0x0 ./src/memory.o
 .debug_macro   0x00000000      0xaa8 ./src/memory.o
 .debug_macro   0x00000000       0x22 ./src/memory.o
 .debug_macro   0x00000000       0x8e ./src/memory.o
 .debug_macro   0x00000000       0x51 ./src/memory.o
 .debug_macro   0x00000000      0x103 ./src/memory.o
 .debug_macro   0x00000000       0x6a ./src/memory.o
 .debug_macro   0x00000000      0x1df ./src/memory.o
 .debug_macro   0x00000000       0x2e ./src/memory.o
 .group         0x00000000        0xc ./src/mscuser.o
 .group         0x00000000        0xc ./src/mscuser.o
 .group         0x00000000        0xc ./src/mscuser.o
 .group         0x00000000        0xc ./src/mscuser.o
 .group         0x00000000        0xc ./src/mscuser.o
 .group         0x00000000        0xc ./src/mscuser.o
 .group         0x00000000        0xc ./src/mscuser.o
 .group         0x00000000        0xc ./src/mscuser.o
 .group         0x00000000        0xc ./src/mscuser.o
 .group         0x00000000        0xc ./src/mscuser.o
 .group         0x00000000        0xc ./src/mscuser.o
 .group         0x00000000        0xc ./src/mscuser.o
 .group         0x00000000        0xc ./src/mscuser.o
 .group         0x00000000        0xc ./src/mscuser.o
 .group         0x00000000        0xc ./src/mscuser.o
 .group         0x00000000        0xc ./src/mscuser.o
 .group         0x00000000        0xc ./src/mscuser.o
 .group         0x00000000        0xc ./src/mscuser.o
 .text          0x00000000        0x0 ./src/mscuser.o
 .data          0x00000000        0x0 ./src/mscuser.o
 .bss           0x00000000        0x0 ./src/mscuser.o
 .debug_macro   0x00000000      0xaa8 ./src/mscuser.o
 .debug_macro   0x00000000       0x1c ./src/mscuser.o
 .debug_macro   0x00000000       0x22 ./src/mscuser.o
 .debug_macro   0x00000000       0x22 ./src/mscuser.o
 .debug_macro   0x00000000       0x8e ./src/mscuser.o
 .debug_macro   0x00000000       0x51 ./src/mscuser.o
 .debug_macro   0x00000000      0x103 ./src/mscuser.o
 .debug_macro   0x00000000       0x6a ./src/mscuser.o
 .debug_macro   0x00000000      0x1df ./src/mscuser.o
 .debug_macro   0x00000000      0x7b7 ./src/mscuser.o
 .debug_macro   0x00000000      0x2c7 ./src/mscuser.o
 .debug_macro   0x00000000       0x64 ./src/mscuser.o
 .debug_macro   0x00000000      0x1ec ./src/mscuser.o
 .debug_macro   0x00000000       0xcd ./src/mscuser.o
 .debug_macro   0x00000000       0xac ./src/mscuser.o
 .debug_macro   0x00000000       0x2e ./src/mscuser.o
 .debug_macro   0x00000000       0x2e ./src/mscuser.o
 .group         0x00000000        0xc ./src/usbcore.o
 .group         0x00000000        0xc ./src/usbcore.o
 .group         0x00000000        0xc ./src/usbcore.o
 .group         0x00000000        0xc ./src/usbcore.o
 .group         0x00000000        0xc ./src/usbcore.o
 .group         0x00000000        0xc ./src/usbcore.o
 .group         0x00000000        0xc ./src/usbcore.o
 .group         0x00000000        0xc ./src/usbcore.o
 .group         0x00000000        0xc ./src/usbcore.o
 .group         0x00000000        0xc ./src/usbcore.o
 .group         0x00000000        0xc ./src/usbcore.o
 .group         0x00000000        0xc ./src/usbcore.o
 .group         0x00000000        0xc ./src/usbcore.o
 .group         0x00000000        0xc ./src/usbcore.o
 .group         0x00000000        0xc ./src/usbcore.o
 .text          0x00000000        0x0 ./src/usbcore.o
 .data          0x00000000        0x0 ./src/usbcore.o
 .bss           0x00000000        0x0 ./src/usbcore.o
 .debug_macro   0x00000000      0xaa8 ./src/usbcore.o
 .debug_macro   0x00000000       0x22 ./src/usbcore.o
 .debug_macro   0x00000000       0x8e ./src/usbcore.o
 .debug_macro   0x00000000       0x51 ./src/usbcore.o
 .debug_macro   0x00000000      0x103 ./src/usbcore.o
 .debug_macro   0x00000000       0x6a ./src/usbcore.o
 .debug_macro   0x00000000      0x1df ./src/usbcore.o
 .debug_macro   0x00000000       0x5e ./src/usbcore.o
 .debug_macro   0x00000000      0x1ec ./src/usbcore.o
 .debug_macro   0x00000000       0xcd ./src/usbcore.o
 .debug_macro   0x00000000       0xac ./src/usbcore.o
 .debug_macro   0x00000000       0xf4 ./src/usbcore.o
 .debug_macro   0x00000000       0x2e ./src/usbcore.o
 .group         0x00000000        0xc ./src/usbdesc.o
 .group         0x00000000        0xc ./src/usbdesc.o
 .group         0x00000000        0xc ./src/usbdesc.o
 .group         0x00000000        0xc ./src/usbdesc.o
 .group         0x00000000        0xc ./src/usbdesc.o
 .group         0x00000000        0xc ./src/usbdesc.o
 .group         0x00000000        0xc ./src/usbdesc.o
 .group         0x00000000        0xc ./src/usbdesc.o
 .group         0x00000000        0xc ./src/usbdesc.o
 .group         0x00000000        0xc ./src/usbdesc.o
 .group         0x00000000        0xc ./src/usbdesc.o
 .group         0x00000000        0xc ./src/usbdesc.o
 .text          0x00000000        0x0 ./src/usbdesc.o
 .data          0x00000000        0x0 ./src/usbdesc.o
 .bss           0x00000000        0x0 ./src/usbdesc.o
 .rodata        0x00000000       0xa8 ./src/usbdesc.o
 .debug_info    0x00000000       0xe9 ./src/usbdesc.o
 .debug_abbrev  0x00000000       0x7c ./src/usbdesc.o
 .debug_aranges
                0x00000000       0x18 ./src/usbdesc.o
 .debug_macro   0x00000000       0x96 ./src/usbdesc.o
 .debug_macro   0x00000000      0xaa8 ./src/usbdesc.o
 .debug_macro   0x00000000       0x22 ./src/usbdesc.o
 .debug_macro   0x00000000       0x8e ./src/usbdesc.o
 .debug_macro   0x00000000       0x51 ./src/usbdesc.o
 .debug_macro   0x00000000      0x103 ./src/usbdesc.o
 .debug_macro   0x00000000       0x6a ./src/usbdesc.o
 .debug_macro   0x00000000      0x1df ./src/usbdesc.o
 .debug_macro   0x00000000       0x5e ./src/usbdesc.o
 .debug_macro   0x00000000      0x1ec ./src/usbdesc.o
 .debug_macro   0x00000000       0xf4 ./src/usbdesc.o
 .debug_macro   0x00000000       0xcd ./src/usbdesc.o
 .debug_macro   0x00000000       0x28 ./src/usbdesc.o
 .debug_line    0x00000000      0x311 ./src/usbdesc.o
 .debug_str     0x00000000     0x4ded ./src/usbdesc.o
 .comment       0x00000000       0x4d ./src/usbdesc.o
 .ARM.attributes
                0x00000000       0x33 ./src/usbdesc.o
 .group         0x00000000        0xc ./src/usbhw.o
 .group         0x00000000        0xc ./src/usbhw.o
 .group         0x00000000        0xc ./src/usbhw.o
 .group         0x00000000        0xc ./src/usbhw.o
 .group         0x00000000        0xc ./src/usbhw.o
 .group         0x00000000        0xc ./src/usbhw.o
 .group         0x00000000        0xc ./src/usbhw.o
 .group         0x00000000        0xc ./src/usbhw.o
 .group         0x00000000        0xc ./src/usbhw.o
 .group         0x00000000        0xc ./src/usbhw.o
 .group         0x00000000        0xc ./src/usbhw.o
 .group         0x00000000        0xc ./src/usbhw.o
 .group         0x00000000        0xc ./src/usbhw.o
 .group         0x00000000        0xc ./src/usbhw.o
 .group         0x00000000        0xc ./src/usbhw.o
 .group         0x00000000        0xc ./src/usbhw.o
 .group         0x00000000        0xc ./src/usbhw.o
 .text          0x00000000        0x0 ./src/usbhw.o
 .data          0x00000000        0x0 ./src/usbhw.o
 .bss           0x00000000        0x0 ./src/usbhw.o
 .text.USB_WakeUp
                0x00000000       0x28 ./src/usbhw.o
 .text.USB_WakeUpCfg
                0x00000000       0x12 ./src/usbhw.o
 .text.USB_Configure
                0x00000000       0x54 ./src/usbhw.o
 .text.USB_ConfigEP
                0x00000000       0x68 ./src/usbhw.o
 .text.USB_EnableEP
                0x00000000       0x2c ./src/usbhw.o
 .text.USB_DisableEP
                0x00000000       0x30 ./src/usbhw.o
 .text.USB_ResetEP
                0x00000000       0x2c ./src/usbhw.o
 .rodata        0x00000000       0x10 ./src/usbhw.o
 .text.USB_DMA_Setup
                0x00000000      0x1b8 ./src/usbhw.o
 .text.USB_DMA_Enable
                0x00000000       0x28 ./src/usbhw.o
 .text.USB_DMA_Disable
                0x00000000       0x28 ./src/usbhw.o
 .text.USB_DMA_Status
                0x00000000       0x8c ./src/usbhw.o
 .text.USB_DMA_BufAdr
                0x00000000       0x3c ./src/usbhw.o
 .text.USB_DMA_BufCnt
                0x00000000       0x3c ./src/usbhw.o
 .text.USB_GetFrame
                0x00000000       0x38 ./src/usbhw.o
 .debug_macro   0x00000000      0xaa8 ./src/usbhw.o
 .debug_macro   0x00000000       0x1c ./src/usbhw.o
 .debug_macro   0x00000000       0x22 ./src/usbhw.o
 .debug_macro   0x00000000       0x22 ./src/usbhw.o
 .debug_macro   0x00000000       0x8e ./src/usbhw.o
 .debug_macro   0x00000000       0x51 ./src/usbhw.o
 .debug_macro   0x00000000      0x103 ./src/usbhw.o
 .debug_macro   0x00000000       0x6a ./src/usbhw.o
 .debug_macro   0x00000000      0x1df ./src/usbhw.o
 .debug_macro   0x00000000      0x7b7 ./src/usbhw.o
 .debug_macro   0x00000000      0x2c7 ./src/usbhw.o
 .debug_macro   0x00000000       0x64 ./src/usbhw.o
 .debug_macro   0x00000000      0x1ec ./src/usbhw.o
 .debug_macro   0x00000000       0xcd ./src/usbhw.o
 .debug_macro   0x00000000       0xac ./src/usbhw.o
 .debug_macro   0x00000000       0x58 ./src/usbhw.o
 .group         0x00000000        0xc ./src/usbuser.o
 .group         0x00000000        0xc ./src/usbuser.o
 .group         0x00000000        0xc ./src/usbuser.o
 .group         0x00000000        0xc ./src/usbuser.o
 .group         0x00000000        0xc ./src/usbuser.o
 .group         0x00000000        0xc ./src/usbuser.o
 .group         0x00000000        0xc ./src/usbuser.o
 .group         0x00000000        0xc ./src/usbuser.o
 .group         0x00000000        0xc ./src/usbuser.o
 .group         0x00000000        0xc ./src/usbuser.o
 .group         0x00000000        0xc ./src/usbuser.o
 .group         0x00000000        0xc ./src/usbuser.o
 .group         0x00000000        0xc ./src/usbuser.o
 .group         0x00000000        0xc ./src/usbuser.o
 .group         0x00000000        0xc ./src/usbuser.o
 .group         0x00000000        0xc ./src/usbuser.o
 .group         0x00000000        0xc ./src/usbuser.o
 .group         0x00000000        0xc ./src/usbuser.o
 .text          0x00000000        0x0 ./src/usbuser.o
 .data          0x00000000        0x0 ./src/usbuser.o
 .bss           0x00000000        0x0 ./src/usbuser.o
 .text.USB_EndPoint1
                0x00000000       0x12 ./src/usbuser.o
 .text.USB_EndPoint3
                0x00000000       0x12 ./src/usbuser.o
 .text.USB_EndPoint4
                0x00000000       0x12 ./src/usbuser.o
 .text.USB_EndPoint5
                0x00000000       0x12 ./src/usbuser.o
 .text.USB_EndPoint6
                0x00000000       0x12 ./src/usbuser.o
 .text.USB_EndPoint7
                0x00000000       0x12 ./src/usbuser.o
 .text.USB_EndPoint8
                0x00000000       0x12 ./src/usbuser.o
 .text.USB_EndPoint9
                0x00000000       0x12 ./src/usbuser.o
 .text.USB_EndPoint10
                0x00000000       0x12 ./src/usbuser.o
 .text.USB_EndPoint11
                0x00000000       0x12 ./src/usbuser.o
 .text.USB_EndPoint12
                0x00000000       0x12 ./src/usbuser.o
 .text.USB_EndPoint13
                0x00000000       0x12 ./src/usbuser.o
 .text.USB_EndPoint14
                0x00000000       0x12 ./src/usbuser.o
 .text.USB_EndPoint15
                0x00000000       0x12 ./src/usbuser.o
 .debug_macro   0x00000000      0xaa8 ./src/usbuser.o
 .debug_macro   0x00000000       0x1c ./src/usbuser.o
 .debug_macro   0x00000000       0x22 ./src/usbuser.o
 .debug_macro   0x00000000       0x22 ./src/usbuser.o
 .debug_macro   0x00000000       0x8e ./src/usbuser.o
 .debug_macro   0x00000000       0x51 ./src/usbuser.o
 .debug_macro   0x00000000      0x103 ./src/usbuser.o
 .debug_macro   0x00000000       0x6a ./src/usbuser.o
 .debug_macro   0x00000000      0x1df ./src/usbuser.o
 .debug_macro   0x00000000      0x7b7 ./src/usbuser.o
 .debug_macro   0x00000000      0x2c7 ./src/usbuser.o
 .debug_macro   0x00000000       0x64 ./src/usbuser.o
 .debug_macro   0x00000000      0x1ec ./src/usbuser.o
 .debug_macro   0x00000000       0xcd ./src/usbuser.o
 .debug_macro   0x00000000       0xac ./src/usbuser.o
 .debug_macro   0x00000000       0x58 ./src/usbuser.o
 .debug_macro   0x00000000       0x2e ./src/usbuser.o
 .debug_macro   0x00000000       0x2e ./src/usbuser.o
 .group         0x00000000        0xc C:\Users\247810\Downloads\sysWbud24_05\Lib_CMSISv1p30_LPC17xx\Debug\libCMSISv1p30_LPC17xx.a(system_LPC17xx.o)
 .group         0x00000000        0xc C:\Users\247810\Downloads\sysWbud24_05\Lib_CMSISv1p30_LPC17xx\Debug\libCMSISv1p30_LPC17xx.a(system_LPC17xx.o)
 .group         0x00000000        0xc C:\Users\247810\Downloads\sysWbud24_05\Lib_CMSISv1p30_LPC17xx\Debug\libCMSISv1p30_LPC17xx.a(system_LPC17xx.o)
 .group         0x00000000        0xc C:\Users\247810\Downloads\sysWbud24_05\Lib_CMSISv1p30_LPC17xx\Debug\libCMSISv1p30_LPC17xx.a(system_LPC17xx.o)
 .group         0x00000000        0xc C:\Users\247810\Downloads\sysWbud24_05\Lib_CMSISv1p30_LPC17xx\Debug\libCMSISv1p30_LPC17xx.a(system_LPC17xx.o)
 .group         0x00000000        0xc C:\Users\247810\Downloads\sysWbud24_05\Lib_CMSISv1p30_LPC17xx\Debug\libCMSISv1p30_LPC17xx.a(system_LPC17xx.o)
 .group         0x00000000        0xc C:\Users\247810\Downloads\sysWbud24_05\Lib_CMSISv1p30_LPC17xx\Debug\libCMSISv1p30_LPC17xx.a(system_LPC17xx.o)
 .text          0x00000000        0x0 C:\Users\247810\Downloads\sysWbud24_05\Lib_CMSISv1p30_LPC17xx\Debug\libCMSISv1p30_LPC17xx.a(system_LPC17xx.o)
 .data          0x00000000        0x4 C:\Users\247810\Downloads\sysWbud24_05\Lib_CMSISv1p30_LPC17xx\Debug\libCMSISv1p30_LPC17xx.a(system_LPC17xx.o)
 .bss           0x00000000        0x0 C:\Users\247810\Downloads\sysWbud24_05\Lib_CMSISv1p30_LPC17xx\Debug\libCMSISv1p30_LPC17xx.a(system_LPC17xx.o)
 .text.SystemCoreClockUpdate
                0x00000000      0x274 C:\Users\247810\Downloads\sysWbud24_05\Lib_CMSISv1p30_LPC17xx\Debug\libCMSISv1p30_LPC17xx.a(system_LPC17xx.o)
 .debug_macro   0x00000000       0x1c C:\Users\247810\Downloads\sysWbud24_05\Lib_CMSISv1p30_LPC17xx\Debug\libCMSISv1p30_LPC17xx.a(system_LPC17xx.o)
 .debug_macro   0x00000000      0x2c7 C:\Users\247810\Downloads\sysWbud24_05\Lib_CMSISv1p30_LPC17xx\Debug\libCMSISv1p30_LPC17xx.a(system_LPC17xx.o)
 .group         0x00000000        0xc C:\Users\247810\Downloads\sysWbud24_05\Lib_MCU\Debug\libLib_MCU.a(lpc17xx_nvic.o)
 .group         0x00000000        0xc C:\Users\247810\Downloads\sysWbud24_05\Lib_MCU\Debug\libLib_MCU.a(lpc17xx_nvic.o)
 .group         0x00000000        0xc C:\Users\247810\Downloads\sysWbud24_05\Lib_MCU\Debug\libLib_MCU.a(lpc17xx_nvic.o)
 .group         0x00000000        0xc C:\Users\247810\Downloads\sysWbud24_05\Lib_MCU\Debug\libLib_MCU.a(lpc17xx_nvic.o)
 .group         0x00000000        0xc C:\Users\247810\Downloads\sysWbud24_05\Lib_MCU\Debug\libLib_MCU.a(lpc17xx_nvic.o)
 .group         0x00000000        0xc C:\Users\247810\Downloads\sysWbud24_05\Lib_MCU\Debug\libLib_MCU.a(lpc17xx_nvic.o)
 .group         0x00000000        0xc C:\Users\247810\Downloads\sysWbud24_05\Lib_MCU\Debug\libLib_MCU.a(lpc17xx_nvic.o)
 .group         0x00000000        0xc C:\Users\247810\Downloads\sysWbud24_05\Lib_MCU\Debug\libLib_MCU.a(lpc17xx_nvic.o)
 .group         0x00000000        0xc C:\Users\247810\Downloads\sysWbud24_05\Lib_MCU\Debug\libLib_MCU.a(lpc17xx_nvic.o)
 .text          0x00000000        0x0 C:\Users\247810\Downloads\sysWbud24_05\Lib_MCU\Debug\libLib_MCU.a(lpc17xx_nvic.o)
 .data          0x00000000        0x0 C:\Users\247810\Downloads\sysWbud24_05\Lib_MCU\Debug\libLib_MCU.a(lpc17xx_nvic.o)
 .bss           0x00000000        0x0 C:\Users\247810\Downloads\sysWbud24_05\Lib_MCU\Debug\libLib_MCU.a(lpc17xx_nvic.o)
 .debug_macro   0x00000000      0xaa2 C:\Users\247810\Downloads\sysWbud24_05\Lib_MCU\Debug\libLib_MCU.a(lpc17xx_nvic.o)
 .debug_macro   0x00000000       0x1c C:\Users\247810\Downloads\sysWbud24_05\Lib_MCU\Debug\libLib_MCU.a(lpc17xx_nvic.o)
 .debug_macro   0x00000000       0x22 C:\Users\247810\Downloads\sysWbud24_05\Lib_MCU\Debug\libLib_MCU.a(lpc17xx_nvic.o)
 .debug_macro   0x00000000       0x10 C:\Users\247810\Downloads\sysWbud24_05\Lib_MCU\Debug\libLib_MCU.a(lpc17xx_nvic.o)
 .debug_macro   0x00000000      0x12e C:\Users\247810\Downloads\sysWbud24_05\Lib_MCU\Debug\libLib_MCU.a(lpc17xx_nvic.o)
 .debug_macro   0x00000000      0x5b3 C:\Users\247810\Downloads\sysWbud24_05\Lib_MCU\Debug\libLib_MCU.a(lpc17xx_nvic.o)
 .debug_macro   0x00000000      0x7b7 C:\Users\247810\Downloads\sysWbud24_05\Lib_MCU\Debug\libLib_MCU.a(lpc17xx_nvic.o)
 .debug_macro   0x00000000      0x2c7 C:\Users\247810\Downloads\sysWbud24_05\Lib_MCU\Debug\libLib_MCU.a(lpc17xx_nvic.o)
 .debug_macro   0x00000000       0x64 C:\Users\247810\Downloads\sysWbud24_05\Lib_MCU\Debug\libLib_MCU.a(lpc17xx_nvic.o)
 .text          0x00000000       0x30 c:/nxp/mcuxpressoide_11.3.1_5262/ide/plugins/com.nxp.mcuxpresso.tools.win32_11.3.0.202008311133/tools/bin/../lib/gcc/arm-none-eabi/9.3.1/thumb/v7-m/nofp\libgcc.a(_aeabi_uldivmod.o)
 .data          0x00000000        0x0 c:/nxp/mcuxpressoide_11.3.1_5262/ide/plugins/com.nxp.mcuxpresso.tools.win32_11.3.0.202008311133/tools/bin/../lib/gcc/arm-none-eabi/9.3.1/thumb/v7-m/nofp\libgcc.a(_aeabi_uldivmod.o)
 .bss           0x00000000        0x0 c:/nxp/mcuxpressoide_11.3.1_5262/ide/plugins/com.nxp.mcuxpresso.tools.win32_11.3.0.202008311133/tools/bin/../lib/gcc/arm-none-eabi/9.3.1/thumb/v7-m/nofp\libgcc.a(_aeabi_uldivmod.o)
 .debug_frame   0x00000000       0x2c c:/nxp/mcuxpressoide_11.3.1_5262/ide/plugins/com.nxp.mcuxpresso.tools.win32_11.3.0.202008311133/tools/bin/../lib/gcc/arm-none-eabi/9.3.1/thumb/v7-m/nofp\libgcc.a(_aeabi_uldivmod.o)
 .ARM.attributes
                0x00000000       0x1d c:/nxp/mcuxpressoide_11.3.1_5262/ide/plugins/com.nxp.mcuxpresso.tools.win32_11.3.0.202008311133/tools/bin/../lib/gcc/arm-none-eabi/9.3.1/thumb/v7-m/nofp\libgcc.a(_aeabi_uldivmod.o)
 .text          0x00000000      0x2c4 c:/nxp/mcuxpressoide_11.3.1_5262/ide/plugins/com.nxp.mcuxpresso.tools.win32_11.3.0.202008311133/tools/bin/../lib/gcc/arm-none-eabi/9.3.1/thumb/v7-m/nofp\libgcc.a(_udivmoddi4.o)
 .data          0x00000000        0x0 c:/nxp/mcuxpressoide_11.3.1_5262/ide/plugins/com.nxp.mcuxpresso.tools.win32_11.3.0.202008311133/tools/bin/../lib/gcc/arm-none-eabi/9.3.1/thumb/v7-m/nofp\libgcc.a(_udivmoddi4.o)
 .bss           0x00000000        0x0 c:/nxp/mcuxpressoide_11.3.1_5262/ide/plugins/com.nxp.mcuxpresso.tools.win32_11.3.0.202008311133/tools/bin/../lib/gcc/arm-none-eabi/9.3.1/thumb/v7-m/nofp\libgcc.a(_udivmoddi4.o)
 .ARM.extab     0x00000000        0x0 c:/nxp/mcuxpressoide_11.3.1_5262/ide/plugins/com.nxp.mcuxpresso.tools.win32_11.3.0.202008311133/tools/bin/../lib/gcc/arm-none-eabi/9.3.1/thumb/v7-m/nofp\libgcc.a(_udivmoddi4.o)
 .ARM.exidx     0x00000000        0x8 c:/nxp/mcuxpressoide_11.3.1_5262/ide/plugins/com.nxp.mcuxpresso.tools.win32_11.3.0.202008311133/tools/bin/../lib/gcc/arm-none-eabi/9.3.1/thumb/v7-m/nofp\libgcc.a(_udivmoddi4.o)
 .debug_frame   0x00000000       0x34 c:/nxp/mcuxpressoide_11.3.1_5262/ide/plugins/com.nxp.mcuxpresso.tools.win32_11.3.0.202008311133/tools/bin/../lib/gcc/arm-none-eabi/9.3.1/thumb/v7-m/nofp\libgcc.a(_udivmoddi4.o)
 .ARM.attributes
                0x00000000       0x2d c:/nxp/mcuxpressoide_11.3.1_5262/ide/plugins/com.nxp.mcuxpresso.tools.win32_11.3.0.202008311133/tools/bin/../lib/gcc/arm-none-eabi/9.3.1/thumb/v7-m/nofp\libgcc.a(_udivmoddi4.o)
 .text          0x00000000        0x4 c:/nxp/mcuxpressoide_11.3.1_5262/ide/plugins/com.nxp.mcuxpresso.tools.win32_11.3.0.202008311133/tools/bin/../lib/gcc/arm-none-eabi/9.3.1/thumb/v7-m/nofp\libgcc.a(_dvmd_tls.o)
 .data          0x00000000        0x0 c:/nxp/mcuxpressoide_11.3.1_5262/ide/plugins/com.nxp.mcuxpresso.tools.win32_11.3.0.202008311133/tools/bin/../lib/gcc/arm-none-eabi/9.3.1/thumb/v7-m/nofp\libgcc.a(_dvmd_tls.o)
 .bss           0x00000000        0x0 c:/nxp/mcuxpressoide_11.3.1_5262/ide/plugins/com.nxp.mcuxpresso.tools.win32_11.3.0.202008311133/tools/bin/../lib/gcc/arm-none-eabi/9.3.1/thumb/v7-m/nofp\libgcc.a(_dvmd_tls.o)
 .ARM.attributes
                0x00000000       0x1d c:/nxp/mcuxpressoide_11.3.1_5262/ide/plugins/com.nxp.mcuxpresso.tools.win32_11.3.0.202008311133/tools/bin/../lib/gcc/arm-none-eabi/9.3.1/thumb/v7-m/nofp\libgcc.a(_dvmd_tls.o)

Memory Configuration

Name             Origin             Length             Attributes
MFlash512        0x00000000         0x00080000         xr
RamLoc32         0x10000000         0x00008000         xrw
RamAHB32         0x2007c000         0x00008000         xrw
*default*        0x00000000         0xffffffff

Linker script and memory map

LOAD ./src/DiskImg.o
LOAD ./src/cr_startup_lpc17.o
LOAD ./src/memory.o
LOAD ./src/mscuser.o
LOAD ./src/usbcore.o
LOAD ./src/usbdesc.o
LOAD ./src/usbhw.o
LOAD ./src/usbuser.o
LOAD C:\Users\247810\Downloads\sysWbud24_05\Lib_CMSISv1p30_LPC17xx\Debug\libCMSISv1p30_LPC17xx.a
LOAD C:\Users\247810\Downloads\sysWbud24_05\Lib_MCU\Debug\libLib_MCU.a
START GROUP
LOAD c:/nxp/mcuxpressoide_11.3.1_5262/ide/plugins/com.nxp.mcuxpresso.tools.win32_11.3.0.202008311133/tools/bin/../lib/gcc/arm-none-eabi/9.3.1/thumb/v7-m/nofp\libgcc.a
LOAD c:/nxp/mcuxpressoide_11.3.1_5262/ide/plugins/com.nxp.mcuxpresso.tools.win32_11.3.0.202008311133/tools/bin/../lib/gcc/arm-none-eabi/9.3.1/../../../../arm-none-eabi/lib/thumb/v7-m/nofp\libc.a
LOAD c:/nxp/mcuxpressoide_11.3.1_5262/ide/plugins/com.nxp.mcuxpresso.tools.win32_11.3.0.202008311133/tools/bin/../lib/gcc/arm-none-eabi/9.3.1/../../../../arm-none-eabi/lib/thumb/v7-m/nofp\libm.a
LOAD c:/nxp/mcuxpressoide_11.3.1_5262/ide/plugins/com.nxp.mcuxpresso.tools.win32_11.3.0.202008311133/tools/bin/../lib/gcc/arm-none-eabi/9.3.1/../../../../arm-none-eabi/lib/thumb/v7-m/nofp\libcr_newlib_semihost.a
END GROUP
                0x00000000                __base_MFlash512 = 0x0
                0x00000000                __base_Flash = 0x0
                0x00080000                __top_MFlash512 = 0x80000
                0x00080000                __top_Flash = 0x80000
                0x10000000                __base_RamLoc32 = 0x10000000
                0x10000000                __base_RAM = 0x10000000
                0x10008000                __top_RamLoc32 = 0x10008000
                0x10008000                __top_RAM = 0x10008000
                0x2007c000                __base_RamAHB32 = 0x2007c000
                0x2007c000                __base_RAM2 = 0x2007c000
                0x20084000                __top_RamAHB32 = 0x20084000
                0x20084000                __top_RAM2 = 0x20084000

.text           0x00000000     0x2bc0
 FILL mask 0xff
                0x00000000                __vectors_start__ = ABSOLUTE (.)
 *(.isr_vector)
 .isr_vector    0x00000000       0xcc ./src/cr_startup_lpc17.o
                0x00000000                g_pfnVectors
                0x000000cc                . = ALIGN (0x4)
                0x000000cc                __section_table_start = .
                0x000000cc                __data_section_table = .
                0x000000cc        0x4 LONG 0x2bc0 LOADADDR (.data)
                0x000000d0        0x4 LONG 0x10000000 ADDR (.data)
                0x000000d4        0x4 LONG 0x0 SIZEOF (.data)
                0x000000d8        0x4 LONG 0x2bc0 LOADADDR (.data_RAM2)
                0x000000dc        0x4 LONG 0x2007c000 ADDR (.data_RAM2)
                0x000000e0        0x4 LONG 0x0 SIZEOF (.data_RAM2)
                0x000000e4                __data_section_table_end = .
                0x000000e4                __bss_section_table = .
                0x000000e4        0x4 LONG 0x10000220 ADDR (.bss)
                0x000000e8        0x4 LONG 0x2174 SIZEOF (.bss)
                0x000000ec        0x4 LONG 0x2007c000 ADDR (.bss_RAM2)
                0x000000f0        0x4 LONG 0x0 SIZEOF (.bss_RAM2)
                0x000000f4                __bss_section_table_end = .
                0x000000f4                __section_table_end = .
 *(.after_vectors*)
 *(.text*)
 .text.ResetISR
                0x000000f4       0x58 ./src/cr_startup_lpc17.o
                0x000000f4                ResetISR
 .text.NMI_Handler
                0x0000014c        0x6 ./src/cr_startup_lpc17.o
                0x0000014c                NMI_Handler
 .text.HardFault_Handler
                0x00000152        0x6 ./src/cr_startup_lpc17.o
                0x00000152                HardFault_Handler
 .text.MemManage_Handler
                0x00000158        0x6 ./src/cr_startup_lpc17.o
                0x00000158                MemManage_Handler
 .text.BusFault_Handler
                0x0000015e        0x6 ./src/cr_startup_lpc17.o
                0x0000015e                BusFault_Handler
 .text.UsageFault_Handler
                0x00000164        0x6 ./src/cr_startup_lpc17.o
                0x00000164                UsageFault_Handler
 .text.SVCall_Handler
                0x0000016a        0x6 ./src/cr_startup_lpc17.o
                0x0000016a                SVCall_Handler
 .text.DebugMon_Handler
                0x00000170        0x6 ./src/cr_startup_lpc17.o
                0x00000170                DebugMon_Handler
 .text.PendSV_Handler
                0x00000176        0x6 ./src/cr_startup_lpc17.o
                0x00000176                PendSV_Handler
 .text.SysTick_Handler
                0x0000017c        0x6 ./src/cr_startup_lpc17.o
                0x0000017c                SysTick_Handler
 .text.IntDefaultHandler
                0x00000182        0x6 ./src/cr_startup_lpc17.o
                0x00000182                TIMER2_IRQHandler
                0x00000182                RIT_IRQHandler
                0x00000182                I2C0_IRQHandler
                0x00000182                USBActivity_IRQHandler
                0x00000182                PWM1_IRQHandler
                0x00000182                I2C1_IRQHandler
                0x00000182                EINT2_IRQHandler
                0x00000182                UART1_IRQHandler
                0x00000182                EINT3_IRQHandler
                0x00000182                CANActivity_IRQHandler
                0x00000182                TIMER3_IRQHandler
                0x00000182                UART0_IRQHandler
                0x00000182                IntDefaultHandler
                0x00000182                PLL0_IRQHandler
                0x00000182                CAN_IRQHandler
                0x00000182                PLL1_IRQHandler
                0x00000182                SSP0_IRQHandler
                0x00000182                I2S_IRQHandler
                0x00000182                I2C2_IRQHandler
                0x00000182                RTC_IRQHandler
                0x00000182                TIMER0_IRQHandler
                0x00000182                SPI_IRQHandler
                0x00000182                EINT1_IRQHandler
                0x00000182                TIMER1_IRQHandler
                0x00000182                UART2_IRQHandler
                0x00000182                ADC_IRQHandler
                0x00000182                SSP1_IRQHandler
                0x00000182                BOD_IRQHandler
                0x00000182                WDT_IRQHandler
                0x00000182                QEI_IRQHandler
                0x00000182                EINT0_IRQHandler
                0x00000182                DMA_IRQHandler
                0x00000182                UART3_IRQHandler
                0x00000182                MCPWM_IRQHandler
                0x00000182                ENET_IRQHandler
 .text.NVIC_SetPriorityGrouping
                0x00000188       0x48 ./src/memory.o
 .text.main     0x000001d0       0x58 ./src/memory.o
                0x000001d0                main
 .text.MSC_Reset
                0x00000228       0x18 ./src/mscuser.o
                0x00000228                MSC_Reset
 .text.MSC_GetMaxLUN
                0x00000240       0x18 ./src/mscuser.o
                0x00000240                MSC_GetMaxLUN
 .text.MSC_MemoryRead
                0x00000258       0xa8 ./src/mscuser.o
                0x00000258                MSC_MemoryRead
 .text.MSC_MemoryWrite
                0x00000300       0xc8 ./src/mscuser.o
                0x00000300                MSC_MemoryWrite
 .text.MSC_MemoryVerify
                0x000003c8       0xe8 ./src/mscuser.o
                0x000003c8                MSC_MemoryVerify
 .text.MSC_RWSetup
                0x000004b0       0x84 ./src/mscuser.o
                0x000004b0                MSC_RWSetup
 .text.DataInFormat
                0x00000534       0x48 ./src/mscuser.o
                0x00000534                DataInFormat
 .text.DataInTransfer
                0x0000057c       0x5c ./src/mscuser.o
                0x0000057c                DataInTransfer
 .text.MSC_TestUnitReady
                0x000005d8       0x3c ./src/mscuser.o
                0x000005d8                MSC_TestUnitReady
 .text.MSC_RequestSense
                0x00000614       0x94 ./src/mscuser.o
                0x00000614                MSC_RequestSense
 .text.MSC_Inquiry
                0x000006a8      0x108 ./src/mscuser.o
                0x000006a8                MSC_Inquiry
 .text.MSC_ModeSense6
                0x000007b0       0x40 ./src/mscuser.o
                0x000007b0                MSC_ModeSense6
 .text.MSC_ModeSense10
                0x000007f0       0x58 ./src/mscuser.o
                0x000007f0                MSC_ModeSense10
 .text.MSC_ReadCapacity
                0x00000848       0x58 ./src/mscuser.o
                0x00000848                MSC_ReadCapacity
 .text.MSC_ReadFormatCapacity
                0x000008a0       0x70 ./src/mscuser.o
                0x000008a0                MSC_ReadFormatCapacity
 .text.MSC_GetCBW
                0x00000910      0x2fc ./src/mscuser.o
                0x00000910                MSC_GetCBW
 .text.MSC_SetCSW
                0x00000c0c       0x44 ./src/mscuser.o
                0x00000c0c                MSC_SetCSW
 .text.MSC_BulkIn
                0x00000c50       0x5c ./src/mscuser.o
                0x00000c50                MSC_BulkIn
 .text.MSC_BulkOut
                0x00000cac       0x70 ./src/mscuser.o
                0x00000cac                MSC_BulkOut
 .text.USB_ResetCore
                0x00000d1c       0x40 ./src/usbcore.o
                0x00000d1c                USB_ResetCore
 .text.USB_SetupStage
                0x00000d5c       0x14 ./src/usbcore.o
                0x00000d5c                USB_SetupStage
 .text.USB_DataInStage
                0x00000d70       0x54 ./src/usbcore.o
                0x00000d70                USB_DataInStage
 .text.USB_DataOutStage
                0x00000dc4       0x3c ./src/usbcore.o
                0x00000dc4                USB_DataOutStage
 .text.USB_StatusInStage
                0x00000e00       0x12 ./src/usbcore.o
                0x00000e00                USB_StatusInStage
 *fill*         0x00000e12        0x2 ff
 .text.USB_StatusOutStage
                0x00000e14       0x14 ./src/usbcore.o
                0x00000e14                USB_StatusOutStage
 .text.USB_EndPoint0
                0x00000e28      0x338 ./src/usbcore.o
                0x00000e28                USB_EndPoint0
 .text.NVIC_EnableIRQ
                0x00001160       0x30 ./src/usbhw.o
 .text.EPAdr    0x00001190       0x2e ./src/usbhw.o
                0x00001190                EPAdr
 *fill*         0x000011be        0x2 ff
 .text.WrCmd    0x000011c0       0x38 ./src/usbhw.o
                0x000011c0                WrCmd
 .text.WrCmdDat
                0x000011f8       0x5c ./src/usbhw.o
                0x000011f8                WrCmdDat
 .text.RdCmdDat
                0x00001254       0x3c ./src/usbhw.o
                0x00001254                RdCmdDat
 .text.USB_Init
                0x00001290       0x9c ./src/usbhw.o
                0x00001290                USB_Init
 .text.USB_Connect
                0x0000132c       0x30 ./src/usbhw.o
                0x0000132c                USB_Connect
 .text.USB_Reset
                0x0000135c       0xf8 ./src/usbhw.o
                0x0000135c                USB_Reset
 .text.USB_Suspend
                0x00001454        0xc ./src/usbhw.o
                0x00001454                USB_Suspend
 .text.USB_Resume
                0x00001460        0xc ./src/usbhw.o
                0x00001460                USB_Resume
 .text.USB_SetAddress
                0x0000146c       0x3c ./src/usbhw.o
                0x0000146c                USB_SetAddress
 .text.USB_DirCtrlEP
                0x000014a8       0x12 ./src/usbhw.o
                0x000014a8                USB_DirCtrlEP
 *fill*         0x000014ba        0x2 ff
 .text.USB_SetStallEP
                0x000014bc       0x30 ./src/usbhw.o
                0x000014bc                USB_SetStallEP
 .text.USB_ClrStallEP
                0x000014ec       0x2c ./src/usbhw.o
                0x000014ec                USB_ClrStallEP
 .text.USB_ReadEP
                0x00001518       0xa4 ./src/usbhw.o
                0x00001518                USB_ReadEP
 .text.USB_WriteEP
                0x000015bc       0x84 ./src/usbhw.o
                0x000015bc                USB_WriteEP
 .text.USB_IRQHandler
                0x00001640      0x2d4 ./src/usbhw.o
                0x00001640                USB_IRQHandler
 .text.USB_Reset_Event
                0x00001914        0xc ./src/usbuser.o
                0x00001914                USB_Reset_Event
 .text.USB_Configure_Event
                0x00001920        0xc ./src/usbuser.o
                0x00001920                USB_Configure_Event
 .text.USB_EndPoint2
                0x0000192c       0x2a ./src/usbuser.o
                0x0000192c                USB_EndPoint2
 *fill*         0x00001956        0x2 ff
 .text.SystemInit
                0x00001958      0x140 C:\Users\247810\Downloads\sysWbud24_05\Lib_CMSISv1p30_LPC17xx\Debug\libCMSISv1p30_LPC17xx.a(system_LPC17xx.o)
                0x00001958                SystemInit
 .text.NVIC_DeInit
                0x00001a98       0x58 C:\Users\247810\Downloads\sysWbud24_05\Lib_MCU\Debug\libLib_MCU.a(lpc17xx_nvic.o)
                0x00001a98                NVIC_DeInit
 .text.NVIC_SCBDeInit
                0x00001af0       0x74 C:\Users\247810\Downloads\sysWbud24_05\Lib_MCU\Debug\libLib_MCU.a(lpc17xx_nvic.o)
                0x00001af0                NVIC_SCBDeInit
 .text.NVIC_SetVTOR
                0x00001b64       0x1c C:\Users\247810\Downloads\sysWbud24_05\Lib_MCU\Debug\libLib_MCU.a(lpc17xx_nvic.o)
                0x00001b64                NVIC_SetVTOR
 *(.rodata .rodata.* .constdata .constdata.*)
 .rodata        0x00001b80     0x1000 ./src/DiskImg.o
                0x00001b80                DiskImage
 .rodata        0x00002b80       0x40 ./src/usbuser.o
                0x00002b80                USB_P_EP
                0x00002bc0                . = ALIGN (0x4)

.glue_7         0x00002bc0        0x0
 .glue_7        0x00002bc0        0x0 linker stubs

.glue_7t        0x00002bc0        0x0
 .glue_7t       0x00002bc0        0x0 linker stubs

.vfp11_veneer   0x00002bc0        0x0
 .vfp11_veneer  0x00002bc0        0x0 linker stubs

.v4_bx          0x00002bc0        0x0
 .v4_bx         0x00002bc0        0x0 linker stubs

.iplt           0x00002bc0        0x0
 .iplt          0x00002bc0        0x0 ./src/DiskImg.o

.rel.dyn        0x00002bc0        0x0
 .rel.iplt      0x00002bc0        0x0 ./src/DiskImg.o

.ARM.extab
 *(.ARM.extab* .gnu.linkonce.armextab.*)

.ARM.exidx      0x00002bc0        0x0
                0x00002bc0                __exidx_start = .
 *(.ARM.exidx* .gnu.linkonce.armexidx.*)
                0x00002bc0                __exidx_end = .
                0x00002bc0                _etext = .

.data_RAM2      0x2007c000        0x0 load address 0x00002bc0
 FILL mask 0xff
                [!provide]                PROVIDE (__start_data_RAM2 = .)
                [!provide]                PROVIDE (__start_data_RamAHB32 = .)
 *(.ramfunc.$RAM2)
 *(.ramfunc.$RamAHB32)
 *(.data.$RAM2)
 *(.data.$RamAHB32)
 *(.data.$RAM2.*)
 *(.data.$RamAHB32.*)
                0x2007c000                . = ALIGN (0x4)
                [!provide]                PROVIDE (__end_data_RAM2 = .)
                [!provide]                PROVIDE (__end_data_RamAHB32 = .)

.uninit_RESERVED
                0x10000000        0x0
                0x10000000                _start_uninit_RESERVED = .
 *(.bss.$RESERVED*)
                0x10000000                . = ALIGN (0x4)
                0x10000000                _end_uninit_RESERVED = .

.data           0x10000000        0x0 load address 0x00002bc0
 FILL mask 0xff
                0x10000000                _data = .
                [!provide]                PROVIDE (__start_data_RAM = .)
                [!provide]                PROVIDE (__start_data_RamLoc32 = .)
 *(vtable)
 *(.ramfunc*)
 *(CodeQuickAccess)
 *(DataQuickAccess)
 *(RamFunction)
 *(.data*)
                0x10000000                . = ALIGN (0x4)
                0x10000000                _edata = .
                [!provide]                PROVIDE (__end_data_RAM = .)
                [!provide]                PROVIDE (__end_data_RamLoc32 = .)

.igot.plt       0x10000000        0x0 load address 0x00002bc0
 .igot.plt      0x10000000        0x0 ./src/DiskImg.o

USB_RAM         0x10000000      0x220 load address 0x00002bc0
 USB_RAM        0x10000000      0x220 ./src/usbhw.o
                0x10000000                UDCA
                0x10000080                DD_NISO_Mem
                0x10000180                DD_ISO_Mem

.bss_RAM2       0x2007c000        0x0
                [!provide]                PROVIDE (__start_bss_RAM2 = .)
                [!provide]                PROVIDE (__start_bss_RamAHB32 = .)
 *(.bss.$RAM2)
 *(.bss.$RamAHB32)
 *(.bss.$RAM2.*)
 *(.bss.$RamAHB32.*)
                0x2007c000                . = ALIGN ((. != 0x0)?0x4:0x1)
                [!provide]                PROVIDE (__end_bss_RAM2 = .)
                [!provide]                PROVIDE (__end_bss_RamAHB32 = .)

.bss            0x10000220     0x2174
                0x10000220                _bss = .
                [!provide]                PROVIDE (__start_bss_RAM = .)
                [!provide]                PROVIDE (__start_bss_RamLoc32 = .)
 *(.bss*)
 *(COMMON)
 COMMON         0x10000220     0x207e ./src/mscuser.o
                0x10000220                BulkBuf
                0x10000260                CBW
                0x10000280                Memory
                0x10002280                Offset
                0x10002284                CSW
                0x10002294                MemOK
                0x10002298                Length
                0x1000229c                BulkLen
                0x1000229d                BulkStage
 *fill*         0x1000229e        0x2 
 COMMON         0x100022a0       0x6a ./src/usbcore.o
                0x100022a0                USB_AltSetting
                0x100022a4                EP0Buf
                0x100022e4                USB_EndPointMask
                0x100022e8                USB_DeviceAddress
                0x100022ec                USB_EndPointHalt
                0x100022f0                USB_Configuration
                0x100022f4                SetupPacket
                0x100022fc                USB_NumInterfaces
                0x10002300                EP0Data
                0x10002308                USB_DeviceStatus
 *fill*         0x1000230a        0x2 
 COMMON         0x1000230c       0x88 ./src/usbhw.o
                0x1000230c                udca
                0x1000238c                DDMemMap
                0x10002394                . = ALIGN (0x4)
                0x10002394                _ebss = .
                [!provide]                PROVIDE (__end_bss_RAM = .)
                [!provide]                PROVIDE (__end_bss_RamLoc32 = .)
                [!provide]                PROVIDE (end = .)

.noinit_RAM2    0x2007c000        0x0
                [!provide]                PROVIDE (__start_noinit_RAM2 = .)
                [!provide]                PROVIDE (__start_noinit_RamAHB32 = .)
 *(.noinit.$RAM2)
 *(.noinit.$RamAHB32)
 *(.noinit.$RAM2.*)
 *(.noinit.$RamAHB32.*)
                0x2007c000                . = ALIGN (0x4)
                [!provide]                PROVIDE (__end_noinit_RAM2 = .)
                [!provide]                PROVIDE (__end_noinit_RamAHB32 = .)

.noinit         0x10002394        0x0
                0x10002394                _noinit = .
                [!provide]                PROVIDE (__start_noinit_RAM = .)
                [!provide]                PROVIDE (__start_noinit_RamLoc32 = .)
 *(.noinit*)
                0x10002394                . = ALIGN (0x4)
                0x10002394                _end_noinit = .
                [!provide]                PROVIDE (__end_noinit_RAM = .)
                [!provide]                PROVIDE (__end_noinit_RamLoc32 = .)
                [!provide]                PROVIDE (_pvHeapStart = DEFINED (__user_heap_base)?__user_heap_base:.)
                0x10008000                PROVIDE (_vStackTop = DEFINED (__user_stack_top)?__user_stack_top:(__top_RamLoc32 - 0x0))
                [!provide]                PROVIDE (__valid_user_code_checksum = (0x0 - ((((((_vStackTop + (ResetISR + 0x1)) + (NMI_Handler + 0x1)) + (HardFault_Handler + 0x1)) + (DEFINED (MemManage_Handler)?MemManage_Handler:0x0 + 0x1)) + (DEFINED (BusFault_Handler)?BusFault_Handler:0x0 + 0x1)) + (DEFINED (UsageFault_Handler)?UsageFault_Handler:0x0 + 0x1))))
                0x00000000                _image_start = LOADADDR (.text)
                0x00002bc0                _image_end = (LOADADDR (.data) + SIZEOF (.data))
                0x00002bc0                _image_size = (_image_end - _image_start)
OUTPUT(usbmem.axf elf32-littlearm)
LOAD linker stubs

.debug_info     0x00000000     0x362e
 .debug_info    0x00000000       0xa4 ./src/DiskImg.o
 .debug_info    0x000000a4      0x1fe ./src/cr_startup_lpc17.o
 .debug_info    0x000002a2      0x500 ./src/memory.o
 .debug_info    0x000007a2      0x656 ./src/mscuser.o
 .debug_info    0x00000df8      0x4c8 ./src/usbcore.o
 .debug_info    0x000012c0     0x16a4 ./src/usbhw.o
 .debug_info    0x00002964      0x590 ./src/usbuser.o
 .debug_info    0x00002ef4      0x345 C:\Users\247810\Downloads\sysWbud24_05\Lib_CMSISv1p30_LPC17xx\Debug\libCMSISv1p30_LPC17xx.a(system_LPC17xx.o)
 .debug_info    0x00003239      0x3f5 C:\Users\247810\Downloads\sysWbud24_05\Lib_MCU\Debug\libLib_MCU.a(lpc17xx_nvic.o)

.debug_abbrev   0x00000000      0xfe3
 .debug_abbrev  0x00000000       0x64 ./src/DiskImg.o
 .debug_abbrev  0x00000064       0xc8 ./src/cr_startup_lpc17.o
 .debug_abbrev  0x0000012c      0x1c9 ./src/memory.o
 .debug_abbrev  0x000002f5      0x279 ./src/mscuser.o
 .debug_abbrev  0x0000056e      0x208 ./src/usbcore.o
 .debug_abbrev  0x00000776      0x3ea ./src/usbhw.o
 .debug_abbrev  0x00000b60      0x20d ./src/usbuser.o
 .debug_abbrev  0x00000d6d      0x11c C:\Users\247810\Downloads\sysWbud24_05\Lib_CMSISv1p30_LPC17xx\Debug\libCMSISv1p30_LPC17xx.a(system_LPC17xx.o)
 .debug_abbrev  0x00000e89      0x15a C:\Users\247810\Downloads\sysWbud24_05\Lib_MCU\Debug\libLib_MCU.a(lpc17xx_nvic.o)

.debug_aranges  0x00000000      0x3b8
 .debug_aranges
                0x00000000       0x18 ./src/DiskImg.o
 .debug_aranges
                0x00000018       0x70 ./src/cr_startup_lpc17.o
 .debug_aranges
                0x00000088       0x28 ./src/memory.o
 .debug_aranges
                0x000000b0       0xb0 ./src/mscuser.o
 .debug_aranges
                0x00000160       0x50 ./src/usbcore.o
 .debug_aranges
                0x000001b0      0x110 ./src/usbhw.o
 .debug_aranges
                0x000002c0       0xa0 ./src/usbuser.o
 .debug_aranges
                0x00000360       0x28 C:\Users\247810\Downloads\sysWbud24_05\Lib_CMSISv1p30_LPC17xx\Debug\libCMSISv1p30_LPC17xx.a(system_LPC17xx.o)
 .debug_aranges
                0x00000388       0x30 C:\Users\247810\Downloads\sysWbud24_05\Lib_MCU\Debug\libLib_MCU.a(lpc17xx_nvic.o)

.debug_macro    0x00000000     0x41d2
 .debug_macro   0x00000000       0x7b ./src/DiskImg.o
 .debug_macro   0x0000007b      0xaa8 ./src/DiskImg.o
 .debug_macro   0x00000b23       0x22 ./src/DiskImg.o
 .debug_macro   0x00000b45       0x8e ./src/DiskImg.o
 .debug_macro   0x00000bd3       0x51 ./src/DiskImg.o
 .debug_macro   0x00000c24      0x103 ./src/DiskImg.o
 .debug_macro   0x00000d27       0x6a ./src/DiskImg.o
 .debug_macro   0x00000d91      0x1df ./src/DiskImg.o
 .debug_macro   0x00000f70       0x5e ./src/DiskImg.o
 .debug_macro   0x00000fce       0x2e ./src/DiskImg.o
 .debug_macro   0x00000ffc       0x79 ./src/cr_startup_lpc17.o
 .debug_macro   0x00001075       0xe0 ./src/memory.o
 .debug_macro   0x00001155       0x1c ./src/memory.o
 .debug_macro   0x00001171       0x22 ./src/memory.o
 .debug_macro   0x00001193      0x7b7 ./src/memory.o
 .debug_macro   0x0000194a      0x2c7 ./src/memory.o
 .debug_macro   0x00001c11       0x64 ./src/memory.o
 .debug_macro   0x00001c75      0x1ec ./src/memory.o
 .debug_macro   0x00001e61       0xcd ./src/memory.o
 .debug_macro   0x00001f2e       0xac ./src/memory.o
 .debug_macro   0x00001fda       0x2e ./src/memory.o
 .debug_macro   0x00002008       0x3a ./src/memory.o
 .debug_macro   0x00002042       0xd2 ./src/mscuser.o
 .debug_macro   0x00002114       0xf4 ./src/mscuser.o
 .debug_macro   0x00002208       0xbb ./src/usbcore.o
 .debug_macro   0x000022c3       0x28 ./src/usbcore.o
 .debug_macro   0x000022eb       0x58 ./src/usbcore.o
 .debug_macro   0x00002343       0xe1 ./src/usbhw.o
 .debug_macro   0x00002424      0x1df ./src/usbhw.o
 .debug_macro   0x00002603       0xd9 ./src/usbuser.o
 .debug_macro   0x000026dc      0x113 C:\Users\247810\Downloads\sysWbud24_05\Lib_CMSISv1p30_LPC17xx\Debug\libCMSISv1p30_LPC17xx.a(system_LPC17xx.o)
 .debug_macro   0x000027ef      0xaa2 C:\Users\247810\Downloads\sysWbud24_05\Lib_CMSISv1p30_LPC17xx\Debug\libCMSISv1p30_LPC17xx.a(system_LPC17xx.o)
 .debug_macro   0x00003291       0x10 C:\Users\247810\Downloads\sysWbud24_05\Lib_CMSISv1p30_LPC17xx\Debug\libCMSISv1p30_LPC17xx.a(system_LPC17xx.o)
 .debug_macro   0x000032a1      0x12e C:\Users\247810\Downloads\sysWbud24_05\Lib_CMSISv1p30_LPC17xx\Debug\libCMSISv1p30_LPC17xx.a(system_LPC17xx.o)
 .debug_macro   0x000033cf      0x5b3 C:\Users\247810\Downloads\sysWbud24_05\Lib_CMSISv1p30_LPC17xx\Debug\libCMSISv1p30_LPC17xx.a(system_LPC17xx.o)
 .debug_macro   0x00003982      0x7d5 C:\Users\247810\Downloads\sysWbud24_05\Lib_CMSISv1p30_LPC17xx\Debug\libCMSISv1p30_LPC17xx.a(system_LPC17xx.o)
 .debug_macro   0x00004157       0x7b C:\Users\247810\Downloads\sysWbud24_05\Lib_MCU\Debug\libLib_MCU.a(lpc17xx_nvic.o)

.debug_line     0x00000000     0x3339
 .debug_line    0x00000000      0x2f2 ./src/DiskImg.o
 .debug_line    0x000002f2      0x43d ./src/cr_startup_lpc17.o
 .debug_line    0x0000072f      0x437 ./src/memory.o
 .debug_line    0x00000b66      0x929 ./src/mscuser.o
 .debug_line    0x0000148f      0x5c6 ./src/usbcore.o
 .debug_line    0x00001a55      0xccc ./src/usbhw.o
 .debug_line    0x00002721      0x51f ./src/usbuser.o
 .debug_line    0x00002c40      0x3eb C:\Users\247810\Downloads\sysWbud24_05\Lib_CMSISv1p30_LPC17xx\Debug\libCMSISv1p30_LPC17xx.a(system_LPC17xx.o)
 .debug_line    0x0000302b      0x30e C:\Users\247810\Downloads\sysWbud24_05\Lib_MCU\Debug\libLib_MCU.a(lpc17xx_nvic.o)

.debug_str      0x00000000     0xc41a
 .debug_str     0x00000000     0x3d77 ./src/DiskImg.o
                               0x3ed2 (size before relaxing)
 .debug_str     0x00003d77      0x17a ./src/cr_startup_lpc17.o
                               0x3e23 (size before relaxing)
 .debug_str     0x00003ef1     0x501b ./src/memory.o
                               0x8f59 (size before relaxing)
 .debug_str     0x00008f0c      0x51e ./src/mscuser.o
                               0x9342 (size before relaxing)
 .debug_str     0x0000942a      0x31d ./src/usbcore.o
                               0x5456 (size before relaxing)
 .debug_str     0x00009747     0x1142 ./src/usbhw.o
                               0x9f6c (size before relaxing)
 .debug_str     0x0000a889      0x14d ./src/usbuser.o
                               0x9060 (size before relaxing)
 .debug_str     0x0000a9d6     0x19b0 C:\Users\247810\Downloads\sysWbud24_05\Lib_CMSISv1p30_LPC17xx\Debug\libCMSISv1p30_LPC17xx.a(system_LPC17xx.o)
                               0x8868 (size before relaxing)
 .debug_str     0x0000c386       0x94 C:\Users\247810\Downloads\sysWbud24_05\Lib_MCU\Debug\libLib_MCU.a(lpc17xx_nvic.o)
                               0x8708 (size before relaxing)

.comment        0x00000000       0x4c
 .comment       0x00000000       0x4c ./src/DiskImg.o
                                 0x4d (size before relaxing)
 .comment       0x0000004c       0x4d ./src/cr_startup_lpc17.o
 .comment       0x0000004c       0x4d ./src/memory.o
 .comment       0x0000004c       0x4d ./src/mscuser.o
 .comment       0x0000004c       0x4d ./src/usbcore.o
 .comment       0x0000004c       0x4d ./src/usbhw.o
 .comment       0x0000004c       0x4d ./src/usbuser.o
 .comment       0x0000004c       0x4d C:\Users\247810\Downloads\sysWbud24_05\Lib_CMSISv1p30_LPC17xx\Debug\libCMSISv1p30_LPC17xx.a(system_LPC17xx.o)
 .comment       0x0000004c       0x4d C:\Users\247810\Downloads\sysWbud24_05\Lib_MCU\Debug\libLib_MCU.a(lpc17xx_nvic.o)

.ARM.attributes
                0x00000000       0x33
 .ARM.attributes
                0x00000000       0x33 ./src/DiskImg.o
 .ARM.attributes
                0x00000033       0x2d ./src/cr_startup_lpc17.o
 .ARM.attributes
                0x00000060       0x2d ./src/memory.o
 .ARM.attributes
                0x0000008d       0x2d ./src/mscuser.o
 .ARM.attributes
                0x000000ba       0x2d ./src/usbcore.o
 .ARM.attributes
                0x000000e7       0x2d ./src/usbhw.o
 .ARM.attributes
                0x00000114       0x2d ./src/usbuser.o
 .ARM.attributes
                0x00000141       0x2d C:\Users\247810\Downloads\sysWbud24_05\Lib_CMSISv1p30_LPC17xx\Debug\libCMSISv1p30_LPC17xx.a(system_LPC17xx.o)
 .ARM.attributes
                0x0000016e       0x2d C:\Users\247810\Downloads\sysWbud24_05\Lib_MCU\Debug\libLib_MCU.a(lpc17xx_nvic.o)

.debug_ranges   0x00000000      0x320
 .debug_ranges  0x00000000       0x60 ./src/cr_startup_lpc17.o
 .debug_ranges  0x00000060       0x18 ./src/memory.o
 .debug_ranges  0x00000078       0xa0 ./src/mscuser.o
 .debug_ranges  0x00000118       0x40 ./src/usbcore.o
 .debug_ranges  0x00000158      0x100 ./src/usbhw.o
 .debug_ranges  0x00000258       0x90 ./src/usbuser.o
 .debug_ranges  0x000002e8       0x18 C:\Users\247810\Downloads\sysWbud24_05\Lib_CMSISv1p30_LPC17xx\Debug\libCMSISv1p30_LPC17xx.a(system_LPC17xx.o)
 .debug_ranges  0x00000300       0x20 C:\Users\247810\Downloads\sysWbud24_05\Lib_MCU\Debug\libLib_MCU.a(lpc17xx_nvic.o)

.debug_frame    0x00000000      0xcb4
 .debug_frame   0x00000000      0x120 ./src/cr_startup_lpc17.o
 .debug_frame   0x00000120       0x58 ./src/memory.o
 .debug_frame   0x00000178      0x258 ./src/mscuser.o
 .debug_frame   0x000003d0       0xf4 ./src/usbcore.o
 .debug_frame   0x000004c4      0x478 ./src/usbhw.o
 .debug_frame   0x0000093c      0x2a0 ./src/usbuser.o
 .debug_frame   0x00000bdc       0x50 C:\Users\247810\Downloads\sysWbud24_05\Lib_CMSISv1p30_LPC17xx\Debug\libCMSISv1p30_LPC17xx.a(system_LPC17xx.o)
 .debug_frame   0x00000c2c       0x88 C:\Users\247810\Downloads\sysWbud24_05\Lib_MCU\Debug\libLib_MCU.a(lpc17xx_nvic.o)
