Archive member included to satisfy reference by file (symbol)

C:\Users\247810\Desktop\EmbeddedSystems\SysWbud\Lib_CMSISv1p30_LPC17xx\Debug\libCMSISv1p30_LPC17xx.a(system_LPC17xx.o)
                              ./src/main-2.o (SystemCoreClock)
C:\Users\247810\Desktop\EmbeddedSystems\SysWbud\Lib_EaBaseBoard\Debug\libLib_EaBaseBoard.a(joystick.o)
                              ./src/main-2.o (joystick_init)
C:\Users\247810\Desktop\EmbeddedSystems\SysWbud\Lib_EaBaseBoard\Debug\libLib_EaBaseBoard.a(led7seg.o)
                              ./src/main-2.o (led7seg_setChar)
C:\Users\247810\Desktop\EmbeddedSystems\SysWbud\Lib_EaBaseBoard\Debug\libLib_EaBaseBoard.a(light.o)
                              ./src/main-2.o (light_enable)
C:\Users\247810\Desktop\EmbeddedSystems\SysWbud\Lib_EaBaseBoard\Debug\libLib_EaBaseBoard.a(oled.o)
                              ./src/main-2.o (oled_putPixel)
C:\Users\247810\Desktop\EmbeddedSystems\SysWbud\Lib_EaBaseBoard\Debug\libLib_EaBaseBoard.a(pca9532.o)
                              ./src/main-2.o (pca9532_setLeds)
C:\Users\247810\Desktop\EmbeddedSystems\SysWbud\Lib_EaBaseBoard\Debug\libLib_EaBaseBoard.a(rgb.o)
                              ./src/main-2.o (rgb_setLeds)
C:\Users\247810\Desktop\EmbeddedSystems\SysWbud\Lib_EaBaseBoard\Debug\libLib_EaBaseBoard.a(temp.o)
                              ./src/main-2.o (temp_init)
C:\Users\247810\Desktop\EmbeddedSystems\SysWbud\Lib_EaBaseBoard\Debug\libLib_EaBaseBoard.a(font5x7.o)
                              C:\Users\247810\Desktop\EmbeddedSystems\SysWbud\Lib_EaBaseBoard\Debug\libLib_EaBaseBoard.a(oled.o) (font5x7)
C:\Users\247810\Desktop\EmbeddedSystems\SysWbud\Lib_MCU\Debug\libLib_MCU.a(lpc17xx_adc.o)
                              ./src/main-2.o (ADC_Init)
C:\Users\247810\Desktop\EmbeddedSystems\SysWbud\Lib_MCU\Debug\libLib_MCU.a(lpc17xx_clkpwr.o)
                              C:\Users\247810\Desktop\EmbeddedSystems\SysWbud\Lib_MCU\Debug\libLib_MCU.a(lpc17xx_adc.o) (CLKPWR_GetPCLK)
C:\Users\247810\Desktop\EmbeddedSystems\SysWbud\Lib_MCU\Debug\libLib_MCU.a(lpc17xx_gpio.o)
                              ./src/main-2.o (GPIO_SetDir)
C:\Users\247810\Desktop\EmbeddedSystems\SysWbud\Lib_MCU\Debug\libLib_MCU.a(lpc17xx_i2c.o)
                              ./src/main-2.o (I2C_Init)
C:\Users\247810\Desktop\EmbeddedSystems\SysWbud\Lib_MCU\Debug\libLib_MCU.a(lpc17xx_pinsel.o)
                              ./src/main-2.o (PINSEL_ConfigPin)
C:\Users\247810\Desktop\EmbeddedSystems\SysWbud\Lib_MCU\Debug\libLib_MCU.a(lpc17xx_rtc.o)
                              ./src/main-2.o (RTC_Init)
C:\Users\247810\Desktop\EmbeddedSystems\SysWbud\Lib_MCU\Debug\libLib_MCU.a(lpc17xx_ssp.o)
                              ./src/main-2.o (SSP_Init)
C:\Users\247810\Desktop\EmbeddedSystems\SysWbud\Lib_MCU\Debug\libLib_MCU.a(lpc17xx_systick.o)
                              ./src/main-2.o (SYSTICK_InternalInit)
C:\Users\247810\Desktop\EmbeddedSystems\SysWbud\Lib_MCU\Debug\libLib_MCU.a(lpc17xx_timer.o)
                              ./src/main-2.o (Timer0_Wait)
c:/nxp/mcuxpressoide_11.3.1_5262/ide/plugins/com.nxp.mcuxpresso.tools.win32_11.3.0.202008311133/tools/bin/../lib/gcc/arm-none-eabi/9.3.1/thumb/v7-m/nofp\libgcc.a(_arm_addsubsf3.o)
                              C:\Users\247810\Desktop\EmbeddedSystems\SysWbud\Lib_MCU\Debug\libLib_MCU.a(lpc17xx_systick.o) (__aeabi_ui2f)
c:/nxp/mcuxpressoide_11.3.1_5262/ide/plugins/com.nxp.mcuxpresso.tools.win32_11.3.0.202008311133/tools/bin/../lib/gcc/arm-none-eabi/9.3.1/thumb/v7-m/nofp\libgcc.a(_arm_cmpsf2.o)
                              C:\Users\247810\Desktop\EmbeddedSystems\SysWbud\Lib_MCU\Debug\libLib_MCU.a(lpc17xx_systick.o) (__aeabi_fcmplt)
c:/nxp/mcuxpressoide_11.3.1_5262/ide/plugins/com.nxp.mcuxpresso.tools.win32_11.3.0.202008311133/tools/bin/../lib/gcc/arm-none-eabi/9.3.1/thumb/v7-m/nofp\libgcc.a(_aeabi_uldivmod.o)
                              C:\Users\247810\Desktop\EmbeddedSystems\SysWbud\Lib_CMSISv1p30_LPC17xx\Debug\libCMSISv1p30_LPC17xx.a(system_LPC17xx.o) (__aeabi_uldivmod)
c:/nxp/mcuxpressoide_11.3.1_5262/ide/plugins/com.nxp.mcuxpresso.tools.win32_11.3.0.202008311133/tools/bin/../lib/gcc/arm-none-eabi/9.3.1/thumb/v7-m/nofp\libgcc.a(_udivmoddi4.o)
                              c:/nxp/mcuxpressoide_11.3.1_5262/ide/plugins/com.nxp.mcuxpresso.tools.win32_11.3.0.202008311133/tools/bin/../lib/gcc/arm-none-eabi/9.3.1/thumb/v7-m/nofp\libgcc.a(_aeabi_uldivmod.o) (__udivmoddi4)
c:/nxp/mcuxpressoide_11.3.1_5262/ide/plugins/com.nxp.mcuxpresso.tools.win32_11.3.0.202008311133/tools/bin/../lib/gcc/arm-none-eabi/9.3.1/thumb/v7-m/nofp\libgcc.a(_dvmd_tls.o)
                              c:/nxp/mcuxpressoide_11.3.1_5262/ide/plugins/com.nxp.mcuxpresso.tools.win32_11.3.0.202008311133/tools/bin/../lib/gcc/arm-none-eabi/9.3.1/thumb/v7-m/nofp\libgcc.a(_aeabi_uldivmod.o) (__aeabi_ldiv0)
[...]
Memory Configuration

Name             Origin             Length             Attributes
MFlash512        0x00000000         0x00080000         xr
RamLoc32         0x10000000         0x00008000         xrw
RamAHB32         0x2007c000         0x00008000         xrw
*default*        0x00000000         0xffffffff

Linker script and memory map

LOAD ./src/cr_startup_lpc17.o
LOAD ./src/main-2.o
LOAD C:\Users\247810\Desktop\EmbeddedSystems\SysWbud\Lib_CMSISv1p30_LPC17xx\Debug\libCMSISv1p30_LPC17xx.a
LOAD C:\Users\247810\Desktop\EmbeddedSystems\SysWbud\Lib_EaBaseBoard\Debug\libLib_EaBaseBoard.a
LOAD C:\Users\247810\Desktop\EmbeddedSystems\SysWbud\Lib_MCU\Debug\libLib_MCU.a
START GROUP
LOAD c:/nxp/mcuxpressoide_11.3.1_5262/ide/plugins/com.nxp.mcuxpresso.tools.win32_11.3.0.202008311133/tools/bin/../lib/gcc/arm-none-eabi/9.3.1/thumb/v7-m/nofp\libgcc.a
LOAD c:/nxp/mcuxpressoide_11.3.1_5262/ide/plugins/com.nxp.mcuxpresso.tools.win32_11.3.0.202008311133/tools/bin/../lib/gcc/arm-none-eabi/9.3.1/../../../../arm-none-eabi/lib/thumb/v7-m/nofp\libc.a
LOAD c:/nxp/mcuxpressoide_11.3.1_5262/ide/plugins/com.nxp.mcuxpresso.tools.win32_11.3.0.202008311133/tools/bin/../lib/gcc/arm-none-eabi/9.3.1/../../../../arm-none-eabi/lib/thumb/v7-m/nofp\libm.a
LOAD c:/nxp/mcuxpressoide_11.3.1_5262/ide/plugins/com.nxp.mcuxpresso.tools.win32_11.3.0.202008311133/tools/bin/../lib/gcc/arm-none-eabi/9.3.1/../../../../arm-none-eabi/lib/thumb/v7-m/nofp\libcr_newlib_semihost.a
END GROUP
                0x00000000                __base_MFlash512 = 0x0
                0x00000000                __base_Flash = 0x0
                0x00080000                __top_MFlash512 = 0x80000
                0x00080000                __top_Flash = 0x80000
                0x10000000                __base_RamLoc32 = 0x10000000
                0x10000000                __base_RAM = 0x10000000
                0x10008000                __top_RamLoc32 = 0x10008000
                0x10008000                __top_RAM = 0x10008000
                0x2007c000                __base_RamAHB32 = 0x2007c000
                0x2007c000                __base_RAM2 = 0x2007c000
                0x20084000                __top_RamAHB32 = 0x20084000
                0x20084000                __top_RAM2 = 0x20084000

.text           0x00000000     0x3ad0
 FILL mask 0xff
                0x00000000                __vectors_start__ = ABSOLUTE (.)
 *(.isr_vector)
 .isr_vector    0x00000000       0xcc ./src/cr_startup_lpc17.o
                0x00000000                g_pfnVectors
                0x000000cc                . = ALIGN (0x4)
                0x000000cc                __section_table_start = .
                0x000000cc                __data_section_table = .
                0x000000cc        0x4 LONG 0x3ad0 LOADADDR (.data)
                0x000000d0        0x4 LONG 0x10000000 ADDR (.data)
                0x000000d4        0x4 LONG 0x54 SIZEOF (.data)
                0x000000d8        0x4 LONG 0x3ad0 LOADADDR (.data_RAM2)
                0x000000dc        0x4 LONG 0x2007c000 ADDR (.data_RAM2)
                0x000000e0        0x4 LONG 0x0 SIZEOF (.data_RAM2)
                0x000000e4                __data_section_table_end = .
                0x000000e4                __bss_section_table = .
                0x000000e4        0x4 LONG 0x10000054 ADDR (.bss)
                0x000000e8        0x4 LONG 0x350 SIZEOF (.bss)
                0x000000ec        0x4 LONG 0x2007c000 ADDR (.bss_RAM2)
                0x000000f0        0x4 LONG 0x0 SIZEOF (.bss_RAM2)
                0x000000f4                __bss_section_table_end = .
                0x000000f4                __section_table_end = .
 *(.after_vectors*)
 *(.text*)
 .text.ResetISR
                0x000000f4       0x58 ./src/cr_startup_lpc17.o
                0x000000f4                ResetISR
 .text.NMI_Handler
                0x0000014c        0x6 ./src/cr_startup_lpc17.o
                0x0000014c                NMI_Handler
 .text.HardFault_Handler
                0x00000152        0x6 ./src/cr_startup_lpc17.o
                0x00000152                HardFault_Handler
 .text.MemManage_Handler
                0x00000158        0x6 ./src/cr_startup_lpc17.o
                0x00000158                MemManage_Handler
 .text.BusFault_Handler
                0x0000015e        0x6 ./src/cr_startup_lpc17.o
                0x0000015e                BusFault_Handler
 .text.UsageFault_Handler
                0x00000164        0x6 ./src/cr_startup_lpc17.o
                0x00000164                UsageFault_Handler
 .text.SVCall_Handler
                0x0000016a        0x6 ./src/cr_startup_lpc17.o
                0x0000016a                SVCall_Handler
 .text.DebugMon_Handler
                0x00000170        0x6 ./src/cr_startup_lpc17.o
                0x00000170                DebugMon_Handler
 .text.PendSV_Handler
                0x00000176        0x6 ./src/cr_startup_lpc17.o
                0x00000176                PendSV_Handler
 .text.IntDefaultHandler
                0x0000017c        0x6 ./src/cr_startup_lpc17.o
                0x0000017c                TIMER2_IRQHandler
                0x0000017c                RIT_IRQHandler
                0x0000017c                I2C0_IRQHandler
                0x0000017c                USBActivity_IRQHandler
                0x0000017c                PWM1_IRQHandler
                0x0000017c                I2C1_IRQHandler
                0x0000017c                EINT2_IRQHandler
                0x0000017c                UART1_IRQHandler
                0x0000017c                EINT3_IRQHandler
                0x0000017c                CANActivity_IRQHandler
                0x0000017c                TIMER3_IRQHandler
                0x0000017c                UART0_IRQHandler
                0x0000017c                IntDefaultHandler
                0x0000017c                PLL0_IRQHandler
                0x0000017c                CAN_IRQHandler
                0x0000017c                PLL1_IRQHandler
                0x0000017c                SSP0_IRQHandler
                0x0000017c                I2S_IRQHandler
                0x0000017c                I2C2_IRQHandler
                0x0000017c                RTC_IRQHandler
                0x0000017c                TIMER0_IRQHandler
                0x0000017c                SPI_IRQHandler
                0x0000017c                EINT1_IRQHandler
                0x0000017c                TIMER1_IRQHandler
                0x0000017c                UART2_IRQHandler
                0x0000017c                ADC_IRQHandler
                0x0000017c                SSP1_IRQHandler
                0x0000017c                USB_IRQHandler
                0x0000017c                BOD_IRQHandler
                0x0000017c                WDT_IRQHandler
                0x0000017c                QEI_IRQHandler
                0x0000017c                EINT0_IRQHandler
                0x0000017c                DMA_IRQHandler
                0x0000017c                UART3_IRQHandler
                0x0000017c                MCPWM_IRQHandler
                0x0000017c                ENET_IRQHandler
 *fill*         0x00000182        0x2 ff
 .text.NVIC_SetPriority
                0x00000184       0x54 ./src/main-2.o
 .text.SysTick_Config
                0x000001d8       0x44 ./src/main-2.o
 .text.moveBar  0x0000021c       0x80 ./src/main-2.o
 .text.len      0x0000029c       0x38 ./src/main-2.o
                0x0000029c                len
 .text.uint32_t_to_str
                0x000002d4       0x88 ./src/main-2.o
                0x000002d4                uint32_t_to_str
 .text.init_ssp
                0x0000035c       0x78 ./src/main-2.o
 .text.init_i2c
                0x000003d4       0x48 ./src/main-2.o
 .text.init_adc
                0x0000041c       0x50 ./src/main-2.o
 .text.PWM_vInit
                0x0000046c       0xb4 ./src/main-2.o
                0x0000046c                PWM_vInit
 .text.PWM_ChangeDirection
                0x00000520       0x54 ./src/main-2.o
                0x00000520                PWM_ChangeDirection
 .text.PWM_Stop_Mov
                0x00000574       0x12 ./src/main-2.o
                0x00000574                PWM_Stop_Mov
 *fill*         0x00000586        0x2 ff
 .text.write_temp_on_screen
                0x00000588       0x98 ./src/main-2.o
                0x00000588                write_temp_on_screen
 .text.SysTick_Handler
                0x00000620       0x1c ./src/main-2.o
                0x00000620                SysTick_Handler
 .text.getMsTicks
                0x0000063c       0x14 ./src/main-2.o
                0x0000063c                getMsTicks
 .text.showOurTemp
                0x00000650       0x26 ./src/main-2.o
                0x00000650                showOurTemp
 .text.showLuxometerReading
                0x00000676       0x2e ./src/main-2.o
                0x00000676                showLuxometerReading
 .text.showEditmode
                0x000006a4       0x5a ./src/main-2.o
                0x000006a4                showEditmode
 *fill*         0x000006fe        0x2 ff
 .text.showPresentTime
                0x00000700      0x29c ./src/main-2.o
                0x00000700                showPresentTime
 .text.valToString
                0x0000099c       0x8c ./src/main-2.o
                0x0000099c                valToString
 .text.chooseTime
                0x00000a28       0xc4 ./src/main-2.o
                0x00000a28                chooseTime
 .text.JoystickControls
                0x00000aec      0x204 ./src/main-2.o
                0x00000aec                JoystickControls
 .text.main     0x00000cf0      0x370 ./src/main-2.o
                0x00000cf0                main
 .text.check_failed
                0x00001060        0xc ./src/main-2.o
                0x00001060                check_failed
 .text.SystemInit
                0x0000106c      0x140 C:\Users\247810\Desktop\EmbeddedSystems\SysWbud\Lib_CMSISv1p30_LPC17xx\Debug\libCMSISv1p30_LPC17xx.a(system_LPC17xx.o)
                0x0000106c                SystemInit
 .text.joystick_init
                0x000011ac       0x1e C:\Users\247810\Desktop\EmbeddedSystems\SysWbud\Lib_EaBaseBoard\Debug\libLib_EaBaseBoard.a(joystick.o)
                0x000011ac                joystick_init
 *fill*         0x000011ca        0x2 ff
 .text.I2CRead  0x000011cc       0x50 C:\Users\247810\Desktop\EmbeddedSystems\SysWbud\Lib_EaBaseBoard\Debug\libLib_EaBaseBoard.a(light.o)
 .text.I2CWrite
                0x0000121c       0x50 C:\Users\247810\Desktop\EmbeddedSystems\SysWbud\Lib_EaBaseBoard\Debug\libLib_EaBaseBoard.a(light.o)
 .text.readCommandReg
                0x0000126c       0x2c C:\Users\247810\Desktop\EmbeddedSystems\SysWbud\Lib_EaBaseBoard\Debug\libLib_EaBaseBoard.a(light.o)
 .text.readControlReg
                0x00001298       0x2c C:\Users\247810\Desktop\EmbeddedSystems\SysWbud\Lib_EaBaseBoard\Debug\libLib_EaBaseBoard.a(light.o)
 .text.light_enable
                0x000012c4       0x3c C:\Users\247810\Desktop\EmbeddedSystems\SysWbud\Lib_EaBaseBoard\Debug\libLib_EaBaseBoard.a(light.o)
                0x000012c4                light_enable
 .text.light_read
                0x00001300       0x74 C:\Users\247810\Desktop\EmbeddedSystems\SysWbud\Lib_EaBaseBoard\Debug\libLib_EaBaseBoard.a(light.o)
                0x00001300                light_read
 .text.light_setMode
                0x00001374       0x48 C:\Users\247810\Desktop\EmbeddedSystems\SysWbud\Lib_EaBaseBoard\Debug\libLib_EaBaseBoard.a(light.o)
                0x00001374                light_setMode
 .text.light_setWidth
                0x000013bc       0x88 C:\Users\247810\Desktop\EmbeddedSystems\SysWbud\Lib_EaBaseBoard\Debug\libLib_EaBaseBoard.a(light.o)
                0x000013bc                light_setWidth
 .text.light_setRange
                0x00001444       0x90 C:\Users\247810\Desktop\EmbeddedSystems\SysWbud\Lib_EaBaseBoard\Debug\libLib_EaBaseBoard.a(light.o)
                0x00001444                light_setRange
 .text.light_setIrqInCycles
                0x000014d4       0x40 C:\Users\247810\Desktop\EmbeddedSystems\SysWbud\Lib_EaBaseBoard\Debug\libLib_EaBaseBoard.a(light.o)
                0x000014d4                light_setIrqInCycles
 .text.writeCommand
                0x00001514       0x48 C:\Users\247810\Desktop\EmbeddedSystems\SysWbud\Lib_EaBaseBoard\Debug\libLib_EaBaseBoard.a(oled.o)
 .text.writeData
                0x0000155c       0x48 C:\Users\247810\Desktop\EmbeddedSystems\SysWbud\Lib_EaBaseBoard\Debug\libLib_EaBaseBoard.a(oled.o)
 .text.writeDataLen
                0x000015a4       0x78 C:\Users\247810\Desktop\EmbeddedSystems\SysWbud\Lib_EaBaseBoard\Debug\libLib_EaBaseBoard.a(oled.o)
 .text.runInitSequence
                0x0000161c       0xd4 C:\Users\247810\Desktop\EmbeddedSystems\SysWbud\Lib_EaBaseBoard\Debug\libLib_EaBaseBoard.a(oled.o)
 .text.hLine    0x000016f0       0x58 C:\Users\247810\Desktop\EmbeddedSystems\SysWbud\Lib_EaBaseBoard\Debug\libLib_EaBaseBoard.a(oled.o)
 .text.vLine    0x00001748       0x56 C:\Users\247810\Desktop\EmbeddedSystems\SysWbud\Lib_EaBaseBoard\Debug\libLib_EaBaseBoard.a(oled.o)
 *fill*         0x0000179e        0x2 ff
 .text.oled_init
                0x000017a0       0x74 C:\Users\247810\Desktop\EmbeddedSystems\SysWbud\Lib_EaBaseBoard\Debug\libLib_EaBaseBoard.a(oled.o)
                0x000017a0                oled_init
 .text.oled_putPixel
                0x00001814      0x150 C:\Users\247810\Desktop\EmbeddedSystems\SysWbud\Lib_EaBaseBoard\Debug\libLib_EaBaseBoard.a(oled.o)
                0x00001814                oled_putPixel
 .text.oled_line
                0x00001964      0x1b8 C:\Users\247810\Desktop\EmbeddedSystems\SysWbud\Lib_EaBaseBoard\Debug\libLib_EaBaseBoard.a(oled.o)
                0x00001964                oled_line
 .text.oled_clearScreen
                0x00001b1c       0x64 C:\Users\247810\Desktop\EmbeddedSystems\SysWbud\Lib_EaBaseBoard\Debug\libLib_EaBaseBoard.a(oled.o)
                0x00001b1c                oled_clearScreen
 .text.oled_putChar
                0x00001b80       0xd8 C:\Users\247810\Desktop\EmbeddedSystems\SysWbud\Lib_EaBaseBoard\Debug\libLib_EaBaseBoard.a(oled.o)
                0x00001b80                oled_putChar
 .text.oled_putString
                0x00001c58       0x52 C:\Users\247810\Desktop\EmbeddedSystems\SysWbud\Lib_EaBaseBoard\Debug\libLib_EaBaseBoard.a(oled.o)
                0x00001c58                oled_putString
 *fill*         0x00001caa        0x2 ff
 .text.I2CWrite
                0x00001cac       0x50 C:\Users\247810\Desktop\EmbeddedSystems\SysWbud\Lib_EaBaseBoard\Debug\libLib_EaBaseBoard.a(pca9532.o)
 .text.setLsStates
                0x00001cfc       0xa6 C:\Users\247810\Desktop\EmbeddedSystems\SysWbud\Lib_EaBaseBoard\Debug\libLib_EaBaseBoard.a(pca9532.o)
 *fill*         0x00001da2        0x2 ff
 .text.setLeds  0x00001da4       0x70 C:\Users\247810\Desktop\EmbeddedSystems\SysWbud\Lib_EaBaseBoard\Debug\libLib_EaBaseBoard.a(pca9532.o)
 .text.pca9532_setLeds
                0x00001e14       0x80 C:\Users\247810\Desktop\EmbeddedSystems\SysWbud\Lib_EaBaseBoard\Debug\libLib_EaBaseBoard.a(pca9532.o)
                0x00001e14                pca9532_setLeds
 .text.temp_init
                0x00001e94       0x24 C:\Users\247810\Desktop\EmbeddedSystems\SysWbud\Lib_EaBaseBoard\Debug\libLib_EaBaseBoard.a(temp.o)
                0x00001e94                temp_init
 .text.temp_read
                0x00001eb8       0xf0 C:\Users\247810\Desktop\EmbeddedSystems\SysWbud\Lib_EaBaseBoard\Debug\libLib_EaBaseBoard.a(temp.o)
                0x00001eb8                temp_read
 .text.ADC_Init
                0x00001fa8       0x90 C:\Users\247810\Desktop\EmbeddedSystems\SysWbud\Lib_MCU\Debug\libLib_MCU.a(lpc17xx_adc.o)
                0x00001fa8                ADC_Init
 .text.ADC_IntConfig
                0x00002038       0x9c C:\Users\247810\Desktop\EmbeddedSystems\SysWbud\Lib_MCU\Debug\libLib_MCU.a(lpc17xx_adc.o)
                0x00002038                ADC_IntConfig
 .text.ADC_ChannelCmd
                0x000020d4       0x60 C:\Users\247810\Desktop\EmbeddedSystems\SysWbud\Lib_MCU\Debug\libLib_MCU.a(lpc17xx_adc.o)
                0x000020d4                ADC_ChannelCmd
 .text.CLKPWR_SetPCLKDiv
                0x00002134       0x90 C:\Users\247810\Desktop\EmbeddedSystems\SysWbud\Lib_MCU\Debug\libLib_MCU.a(lpc17xx_clkpwr.o)
                0x00002134                CLKPWR_SetPCLKDiv
 .text.CLKPWR_GetPCLKSEL
                0x000021c4       0x48 C:\Users\247810\Desktop\EmbeddedSystems\SysWbud\Lib_MCU\Debug\libLib_MCU.a(lpc17xx_clkpwr.o)
                0x000021c4                CLKPWR_GetPCLKSEL
 .text.CLKPWR_GetPCLK
                0x0000220c       0x64 C:\Users\247810\Desktop\EmbeddedSystems\SysWbud\Lib_MCU\Debug\libLib_MCU.a(lpc17xx_clkpwr.o)
                0x0000220c                CLKPWR_GetPCLK
 .text.CLKPWR_ConfigPPWR
                0x00002270       0x58 C:\Users\247810\Desktop\EmbeddedSystems\SysWbud\Lib_MCU\Debug\libLib_MCU.a(lpc17xx_clkpwr.o)
                0x00002270                CLKPWR_ConfigPPWR
 .text.GPIO_GetPointer
                0x000022c8       0x70 C:\Users\247810\Desktop\EmbeddedSystems\SysWbud\Lib_MCU\Debug\libLib_MCU.a(lpc17xx_gpio.o)
 .text.GPIO_SetDir
                0x00002338       0x4a C:\Users\247810\Desktop\EmbeddedSystems\SysWbud\Lib_MCU\Debug\libLib_MCU.a(lpc17xx_gpio.o)
                0x00002338                GPIO_SetDir
 .text.GPIO_SetValue
                0x00002382       0x2a C:\Users\247810\Desktop\EmbeddedSystems\SysWbud\Lib_MCU\Debug\libLib_MCU.a(lpc17xx_gpio.o)
                0x00002382                GPIO_SetValue
 .text.GPIO_ClearValue
                0x000023ac       0x2a C:\Users\247810\Desktop\EmbeddedSystems\SysWbud\Lib_MCU\Debug\libLib_MCU.a(lpc17xx_gpio.o)
                0x000023ac                GPIO_ClearValue
 .text.GPIO_ReadValue
                0x000023d6       0x2a C:\Users\247810\Desktop\EmbeddedSystems\SysWbud\Lib_MCU\Debug\libLib_MCU.a(lpc17xx_gpio.o)
                0x000023d6                GPIO_ReadValue
 .text.NVIC_EnableIRQ
                0x00002400       0x30 C:\Users\247810\Desktop\EmbeddedSystems\SysWbud\Lib_MCU\Debug\libLib_MCU.a(lpc17xx_i2c.o)
 .text.NVIC_DisableIRQ
                0x00002430       0x34 C:\Users\247810\Desktop\EmbeddedSystems\SysWbud\Lib_MCU\Debug\libLib_MCU.a(lpc17xx_i2c.o)
 .text.I2C_getNum
                0x00002464       0x48 C:\Users\247810\Desktop\EmbeddedSystems\SysWbud\Lib_MCU\Debug\libLib_MCU.a(lpc17xx_i2c.o)
 .text.I2C_Start
                0x000024ac       0x3a C:\Users\247810\Desktop\EmbeddedSystems\SysWbud\Lib_MCU\Debug\libLib_MCU.a(lpc17xx_i2c.o)
 .text.I2C_Stop
                0x000024e6       0x30 C:\Users\247810\Desktop\EmbeddedSystems\SysWbud\Lib_MCU\Debug\libLib_MCU.a(lpc17xx_i2c.o)
 .text.I2C_SendByte
                0x00002516       0x4a C:\Users\247810\Desktop\EmbeddedSystems\SysWbud\Lib_MCU\Debug\libLib_MCU.a(lpc17xx_i2c.o)
 .text.I2C_GetByte
                0x00002560       0x52 C:\Users\247810\Desktop\EmbeddedSystems\SysWbud\Lib_MCU\Debug\libLib_MCU.a(lpc17xx_i2c.o)
 *fill*         0x000025b2        0x2 ff
 .text.I2C_SetClock
                0x000025b4       0xa4 C:\Users\247810\Desktop\EmbeddedSystems\SysWbud\Lib_MCU\Debug\libLib_MCU.a(lpc17xx_i2c.o)
 .text.I2C_Init
                0x00002658       0xa4 C:\Users\247810\Desktop\EmbeddedSystems\SysWbud\Lib_MCU\Debug\libLib_MCU.a(lpc17xx_i2c.o)
                0x00002658                I2C_Init
 .text.I2C_Cmd  0x000026fc       0x70 C:\Users\247810\Desktop\EmbeddedSystems\SysWbud\Lib_MCU\Debug\libLib_MCU.a(lpc17xx_i2c.o)
                0x000026fc                I2C_Cmd
 .text.I2C_IntCmd
                0x0000276c       0x88 C:\Users\247810\Desktop\EmbeddedSystems\SysWbud\Lib_MCU\Debug\libLib_MCU.a(lpc17xx_i2c.o)
                0x0000276c                I2C_IntCmd
 .text.I2C_MasterTransferData
                0x000027f4      0x2cc C:\Users\247810\Desktop\EmbeddedSystems\SysWbud\Lib_MCU\Debug\libLib_MCU.a(lpc17xx_i2c.o)
                0x000027f4                I2C_MasterTransferData
 .text.set_PinFunc
                0x00002ac0       0x80 C:\Users\247810\Desktop\EmbeddedSystems\SysWbud\Lib_MCU\Debug\libLib_MCU.a(lpc17xx_pinsel.o)
 .text.set_ResistorMode
                0x00002b40       0x80 C:\Users\247810\Desktop\EmbeddedSystems\SysWbud\Lib_MCU\Debug\libLib_MCU.a(lpc17xx_pinsel.o)
 .text.set_OpenDrainMode
                0x00002bc0       0x68 C:\Users\247810\Desktop\EmbeddedSystems\SysWbud\Lib_MCU\Debug\libLib_MCU.a(lpc17xx_pinsel.o)
 .text.PINSEL_ConfigPin
                0x00002c28       0x46 C:\Users\247810\Desktop\EmbeddedSystems\SysWbud\Lib_MCU\Debug\libLib_MCU.a(lpc17xx_pinsel.o)
                0x00002c28                PINSEL_ConfigPin
 *fill*         0x00002c6e        0x2 ff
 .text.RTC_Init
                0x00002c70       0x50 C:\Users\247810\Desktop\EmbeddedSystems\SysWbud\Lib_MCU\Debug\libLib_MCU.a(lpc17xx_rtc.o)
                0x00002c70                RTC_Init
 .text.setSSPclock
                0x00002cc0       0xc4 C:\Users\247810\Desktop\EmbeddedSystems\SysWbud\Lib_MCU\Debug\libLib_MCU.a(lpc17xx_ssp.o)
 .text.SSP_Init
                0x00002d84       0x9c C:\Users\247810\Desktop\EmbeddedSystems\SysWbud\Lib_MCU\Debug\libLib_MCU.a(lpc17xx_ssp.o)
                0x00002d84                SSP_Init
 .text.SSP_GetDataSize
                0x00002e20       0x40 C:\Users\247810\Desktop\EmbeddedSystems\SysWbud\Lib_MCU\Debug\libLib_MCU.a(lpc17xx_ssp.o)
                0x00002e20                SSP_GetDataSize
 .text.SSP_ConfigStructInit
                0x00002e60       0x3c C:\Users\247810\Desktop\EmbeddedSystems\SysWbud\Lib_MCU\Debug\libLib_MCU.a(lpc17xx_ssp.o)
                0x00002e60                SSP_ConfigStructInit
 .text.SSP_Cmd  0x00002e9c       0x6c C:\Users\247810\Desktop\EmbeddedSystems\SysWbud\Lib_MCU\Debug\libLib_MCU.a(lpc17xx_ssp.o)
                0x00002e9c                SSP_Cmd
 .text.SSP_SendData
                0x00002f08       0x40 C:\Users\247810\Desktop\EmbeddedSystems\SysWbud\Lib_MCU\Debug\libLib_MCU.a(lpc17xx_ssp.o)
                0x00002f08                SSP_SendData
 .text.SSP_ReceiveData
                0x00002f48       0x3c C:\Users\247810\Desktop\EmbeddedSystems\SysWbud\Lib_MCU\Debug\libLib_MCU.a(lpc17xx_ssp.o)
                0x00002f48                SSP_ReceiveData
 .text.SSP_ReadWrite
                0x00002f84      0x34e C:\Users\247810\Desktop\EmbeddedSystems\SysWbud\Lib_MCU\Debug\libLib_MCU.a(lpc17xx_ssp.o)
                0x00002f84                SSP_ReadWrite
 *fill*         0x000032d2        0x2 ff
 .text.SYSTICK_InternalInit
                0x000032d4       0x7c C:\Users\247810\Desktop\EmbeddedSystems\SysWbud\Lib_MCU\Debug\libLib_MCU.a(lpc17xx_systick.o)
                0x000032d4                SYSTICK_InternalInit
 .text.SYSTICK_Cmd
                0x00003350       0x50 C:\Users\247810\Desktop\EmbeddedSystems\SysWbud\Lib_MCU\Debug\libLib_MCU.a(lpc17xx_systick.o)
                0x00003350                SYSTICK_Cmd
 .text          0x000033a0      0x21c c:/nxp/mcuxpressoide_11.3.1_5262/ide/plugins/com.nxp.mcuxpresso.tools.win32_11.3.0.202008311133/tools/bin/../lib/gcc/arm-none-eabi/9.3.1/thumb/v7-m/nofp\libgcc.a(_arm_addsubsf3.o)
                0x000033a0                __aeabi_frsub
                0x000033a8                __subsf3
                0x000033a8                __aeabi_fsub
                0x000033ac                __aeabi_fadd
                0x000033ac                __addsf3
                0x0000350c                __aeabi_ui2f
                0x0000350c                __floatunsisf
                0x00003514                __aeabi_i2f
                0x00003514                __floatsisf
                0x00003530                __aeabi_ul2f
                0x00003530                __floatundisf
                0x00003540                __aeabi_l2f
                0x00003540                __floatdisf
 .text          0x000035bc       0xec c:/nxp/mcuxpressoide_11.3.1_5262/ide/plugins/com.nxp.mcuxpresso.tools.win32_11.3.0.202008311133/tools/bin/../lib/gcc/arm-none-eabi/9.3.1/thumb/v7-m/nofp\libgcc.a(_arm_cmpsf2.o)
                0x000035bc                __gesf2
                0x000035bc                __gtsf2
                0x000035c4                __lesf2
                0x000035c4                __ltsf2
                0x000035cc                __nesf2
                0x000035cc                __eqsf2
                0x000035cc                __cmpsf2
                0x0000362c                __aeabi_cfrcmple
                0x00003634                __aeabi_cfcmpeq
                0x00003634                __aeabi_cfcmple
                0x00003644                __aeabi_fcmpeq
                0x00003658                __aeabi_fcmplt
                0x0000366c                __aeabi_fcmple
                0x00003680                __aeabi_fcmpge
                0x00003694                __aeabi_fcmpgt
 .text.memset   0x000036a8       0xa0 c:/nxp/mcuxpressoide_11.3.1_5262/ide/plugins/com.nxp.mcuxpresso.tools.win32_11.3.0.202008311133/tools/bin/../lib/gcc/arm-none-eabi/9.3.1/../../../../arm-none-eabi/lib/thumb/v7-m/nofp\libc.a(lib_a-memset.o)
                0x000036a8                memset
 *(.rodata .rodata.* .constdata .constdata.*)
 .rodata.str1.4
                0x00003748       0x13 ./src/main-2.o
 *fill*         0x0000375b        0x1 ff
 .rodata        0x0000375c       0x16 ./src/main-2.o
 *fill*         0x00003772        0x2 ff
 .rodata        0x00003774        0x8 C:\Users\247810\Desktop\EmbeddedSystems\SysWbud\Lib_EaBaseBoard\Debug\libLib_EaBaseBoard.a(oled.o)
 .rodata        0x0000377c      0x300 C:\Users\247810\Desktop\EmbeddedSystems\SysWbud\Lib_EaBaseBoard\Debug\libLib_EaBaseBoard.a(font5x7.o)
                0x0000377c                font5x7
 .rodata.str1.4
                0x00003a7c        0xf C:\Users\247810\Desktop\EmbeddedSystems\SysWbud\Lib_MCU\Debug\libLib_MCU.a(lpc17xx_adc.o)
 *fill*         0x00003a8b        0x1 ff
 .rodata.str1.4
                0x00003a8c        0xf C:\Users\247810\Desktop\EmbeddedSystems\SysWbud\Lib_MCU\Debug\libLib_MCU.a(lpc17xx_i2c.o)
 *fill*         0x00003a9b        0x1 ff
 .rodata.str1.4
                0x00003a9c        0xf C:\Users\247810\Desktop\EmbeddedSystems\SysWbud\Lib_MCU\Debug\libLib_MCU.a(lpc17xx_rtc.o)
 *fill*         0x00003aab        0x1 ff
 .rodata.str1.4
                0x00003aac        0xf C:\Users\247810\Desktop\EmbeddedSystems\SysWbud\Lib_MCU\Debug\libLib_MCU.a(lpc17xx_ssp.o)
 *fill*         0x00003abb        0x1 ff
 .rodata.str1.4
                0x00003abc       0x13 C:\Users\247810\Desktop\EmbeddedSystems\SysWbud\Lib_MCU\Debug\libLib_MCU.a(lpc17xx_systick.o)
                0x00003ad0                . = ALIGN (0x4)
 *fill*         0x00003acf        0x1 ff

.glue_7         0x00003ad0        0x0
 .glue_7        0x00003ad0        0x0 linker stubs

.glue_7t        0x00003ad0        0x0
 .glue_7t       0x00003ad0        0x0 linker stubs

.vfp11_veneer   0x00003ad0        0x0
 .vfp11_veneer  0x00003ad0        0x0 linker stubs

.v4_bx          0x00003ad0        0x0
 .v4_bx         0x00003ad0        0x0 linker stubs

.iplt           0x00003ad0        0x0
 .iplt          0x00003ad0        0x0 ./src/cr_startup_lpc17.o

.rel.dyn        0x00003ad0        0x0
 .rel.iplt      0x00003ad0        0x0 ./src/cr_startup_lpc17.o

.ARM.extab
 *(.ARM.extab* .gnu.linkonce.armextab.*)

.ARM.exidx      0x00003ad0        0x0
                0x00003ad0                __exidx_start = .
 *(.ARM.exidx* .gnu.linkonce.armexidx.*)
                0x00003ad0                __exidx_end = .
                0x00003ad0                _etext = .

.data_RAM2      0x2007c000        0x0 load address 0x00003ad0
 FILL mask 0xff
                [!provide]                PROVIDE (__start_data_RAM2 = .)
                [!provide]                PROVIDE (__start_data_RamAHB32 = .)
 *(.ramfunc.$RAM2)
 *(.ramfunc.$RamAHB32)
 *(.data.$RAM2)
 *(.data.$RamAHB32)
 *(.data.$RAM2.*)
 *(.data.$RamAHB32.*)
                0x2007c000                . = ALIGN (0x4)
                [!provide]                PROVIDE (__end_data_RAM2 = .)
                [!provide]                PROVIDE (__end_data_RamAHB32 = .)

.uninit_RESERVED
                0x10000000        0x0
                0x10000000                _start_uninit_RESERVED = .
 *(.bss.$RESERVED*)
                0x10000000                . = ALIGN (0x4)
                0x10000000                _end_uninit_RESERVED = .

.data           0x10000000       0x54 load address 0x00003ad0
 FILL mask 0xff
                0x10000000                _data = .
                [!provide]                PROVIDE (__start_data_RAM = .)
                [!provide]                PROVIDE (__start_data_RamLoc32 = .)
 *(vtable)
 *(.ramfunc*)
 *(CodeQuickAccess)
 *(DataQuickAccess)
 *(RamFunction)
 *(.data*)
 .data          0x10000000       0x46 ./src/main-2.o
                0x10000001                prevStateJoyClick
                0x10000002                prevStateJoyRight
                0x10000003                prevStateJoyLeft
                0x10000004                prevStateJoyUp
                0x10000005                prevStateJoyDown
 *fill*         0x10000046        0x2 ff
 .data          0x10000048        0x4 C:\Users\247810\Desktop\EmbeddedSystems\SysWbud\Lib_CMSISv1p30_LPC17xx\Debug\libCMSISv1p30_LPC17xx.a(system_LPC17xx.o)
                0x10000048                SystemCoreClock
 .data          0x1000004c        0x8 C:\Users\247810\Desktop\EmbeddedSystems\SysWbud\Lib_EaBaseBoard\Debug\libLib_EaBaseBoard.a(light.o)
                0x10000054                . = ALIGN (0x4)
                0x10000054                _edata = .
                [!provide]                PROVIDE (__end_data_RAM = .)
                [!provide]                PROVIDE (__end_data_RamLoc32 = .)

.igot.plt       0x10000054        0x0 load address 0x00003b24
 .igot.plt      0x10000054        0x0 ./src/cr_startup_lpc17.o

.bss_RAM2       0x2007c000        0x0
                [!provide]                PROVIDE (__start_bss_RAM2 = .)
                [!provide]                PROVIDE (__start_bss_RamAHB32 = .)
 *(.bss.$RAM2)
 *(.bss.$RamAHB32)
 *(.bss.$RAM2.*)
 *(.bss.$RamAHB32.*)
                0x2007c000                . = ALIGN ((. != 0x0)?0x4:0x1)
                [!provide]                PROVIDE (__end_bss_RAM2 = .)
                [!provide]                PROVIDE (__end_bss_RamAHB32 = .)

.bss            0x10000054      0x350
                0x10000054                _bss = .
                [!provide]                PROVIDE (__start_bss_RAM = .)
                [!provide]                PROVIDE (__start_bss_RamLoc32 = .)
 *(.bss*)
 .bss           0x10000054        0xe ./src/main-2.o
                0x10000054                msTicks
                0x10000058                editing
 *fill*         0x10000062        0x2 
 .bss           0x10000064      0x300 C:\Users\247810\Desktop\EmbeddedSystems\SysWbud\Lib_EaBaseBoard\Debug\libLib_EaBaseBoard.a(oled.o)
 .bss           0x10000364        0x6 C:\Users\247810\Desktop\EmbeddedSystems\SysWbud\Lib_EaBaseBoard\Debug\libLib_EaBaseBoard.a(pca9532.o)
 *fill*         0x1000036a        0x2 
 .bss           0x1000036c        0x4 C:\Users\247810\Desktop\EmbeddedSystems\SysWbud\Lib_EaBaseBoard\Debug\libLib_EaBaseBoard.a(temp.o)
 .bss           0x10000370       0x34 C:\Users\247810\Desktop\EmbeddedSystems\SysWbud\Lib_MCU\Debug\libLib_MCU.a(lpc17xx_i2c.o)
 *(COMMON)
                0x100003a4                . = ALIGN (0x4)
                0x100003a4                _ebss = .
                [!provide]                PROVIDE (__end_bss_RAM = .)
                [!provide]                PROVIDE (__end_bss_RamLoc32 = .)
                [!provide]                PROVIDE (end = .)

.noinit_RAM2    0x2007c000        0x0
                [!provide]                PROVIDE (__start_noinit_RAM2 = .)
                [!provide]                PROVIDE (__start_noinit_RamAHB32 = .)
 *(.noinit.$RAM2)
 *(.noinit.$RamAHB32)
 *(.noinit.$RAM2.*)
 *(.noinit.$RamAHB32.*)
                0x2007c000                . = ALIGN (0x4)
                [!provide]                PROVIDE (__end_noinit_RAM2 = .)
                [!provide]                PROVIDE (__end_noinit_RamAHB32 = .)

.noinit         0x100003a4        0x0
                0x100003a4                _noinit = .
                [!provide]                PROVIDE (__start_noinit_RAM = .)
                [!provide]                PROVIDE (__start_noinit_RamLoc32 = .)
 *(.noinit*)
                0x100003a4                . = ALIGN (0x4)
                0x100003a4                _end_noinit = .
                [!provide]                PROVIDE (__end_noinit_RAM = .)
                [!provide]                PROVIDE (__end_noinit_RamLoc32 = .)
                [!provide]                PROVIDE (_pvHeapStart = DEFINED (__user_heap_base)?__user_heap_base:.)
                0x10008000                PROVIDE (_vStackTop = DEFINED (__user_stack_top)?__user_stack_top:(__top_RamLoc32 - 0x0))
                [!provide]                PROVIDE (__valid_user_code_checksum = (0x0 - ((((((_vStackTop + (ResetISR + 0x1)) + (NMI_Handler + 0x1)) + (HardFault_Handler + 0x1)) + (DEFINED (MemManage_Handler)?MemManage_Handler:0x0 + 0x1)) + (DEFINED (BusFault_Handler)?BusFault_Handler:0x0 + 0x1)) + (DEFINED (UsageFault_Handler)?UsageFault_Handler:0x0 + 0x1))))
                0x00000000                _image_start = LOADADDR (.text)
                0x00003b24                _image_end = (LOADADDR (.data) + SIZEOF (.data))
                0x00003b24                _image_size = (_image_end - _image_start)
OUTPUT(demo.axf elf32-littlearm)
LOAD linker stubs

.debug_info     0x00000000     0x7f0b
 .debug_info    0x00000000      0x1fe ./src/cr_startup_lpc17.o
 .debug_info    0x000001fe     0x1d6e ./src/main-2.o
 .debug_info    0x00001f6c      0x345 C:\Users\247810\Desktop\EmbeddedSystems\SysWbud\Lib_CMSISv1p30_LPC17xx\Debug\libCMSISv1p30_LPC17xx.a(system_LPC17xx.o)
 .debug_info    0x000022b1      0x13f C:\Users\247810\Desktop\EmbeddedSystems\SysWbud\Lib_EaBaseBoard\Debug\libLib_EaBaseBoard.a(joystick.o)
 .debug_info    0x000023f0      0x795 C:\Users\247810\Desktop\EmbeddedSystems\SysWbud\Lib_EaBaseBoard\Debug\libLib_EaBaseBoard.a(light.o)
 .debug_info    0x00002b85      0x9d1 C:\Users\247810\Desktop\EmbeddedSystems\SysWbud\Lib_EaBaseBoard\Debug\libLib_EaBaseBoard.a(oled.o)
 .debug_info    0x00003556      0x65f C:\Users\247810\Desktop\EmbeddedSystems\SysWbud\Lib_EaBaseBoard\Debug\libLib_EaBaseBoard.a(pca9532.o)
 .debug_info    0x00003bb5      0x183 C:\Users\247810\Desktop\EmbeddedSystems\SysWbud\Lib_EaBaseBoard\Debug\libLib_EaBaseBoard.a(temp.o)
 .debug_info    0x00003d38       0x62 C:\Users\247810\Desktop\EmbeddedSystems\SysWbud\Lib_EaBaseBoard\Debug\libLib_EaBaseBoard.a(font5x7.o)
 .debug_info    0x00003d9a      0x666 C:\Users\247810\Desktop\EmbeddedSystems\SysWbud\Lib_MCU\Debug\libLib_MCU.a(lpc17xx_adc.o)
 .debug_info    0x00004400      0x62a C:\Users\247810\Desktop\EmbeddedSystems\SysWbud\Lib_MCU\Debug\libLib_MCU.a(lpc17xx_clkpwr.o)
 .debug_info    0x00004a2a      0xe1a C:\Users\247810\Desktop\EmbeddedSystems\SysWbud\Lib_MCU\Debug\libLib_MCU.a(lpc17xx_gpio.o)
 .debug_info    0x00005844      0xdca C:\Users\247810\Desktop\EmbeddedSystems\SysWbud\Lib_MCU\Debug\libLib_MCU.a(lpc17xx_i2c.o)
 .debug_info    0x0000660e      0x4cd C:\Users\247810\Desktop\EmbeddedSystems\SysWbud\Lib_MCU\Debug\libLib_MCU.a(lpc17xx_pinsel.o)
 .debug_info    0x00006adb      0xa16 C:\Users\247810\Desktop\EmbeddedSystems\SysWbud\Lib_MCU\Debug\libLib_MCU.a(lpc17xx_rtc.o)
 .debug_info    0x000074f1      0x7b5 C:\Users\247810\Desktop\EmbeddedSystems\SysWbud\Lib_MCU\Debug\libLib_MCU.a(lpc17xx_ssp.o)
 .debug_info    0x00007ca6      0x265 C:\Users\247810\Desktop\EmbeddedSystems\SysWbud\Lib_MCU\Debug\libLib_MCU.a(lpc17xx_systick.o)

.debug_abbrev   0x00000000     0x1e95
 .debug_abbrev  0x00000000       0xc8 ./src/cr_startup_lpc17.o
 .debug_abbrev  0x000000c8      0x3d7 ./src/main-2.o
 .debug_abbrev  0x0000049f      0x11c C:\Users\247810\Desktop\EmbeddedSystems\SysWbud\Lib_CMSISv1p30_LPC17xx\Debug\libCMSISv1p30_LPC17xx.a(system_LPC17xx.o)
 .debug_abbrev  0x000005bb       0xd0 C:\Users\247810\Desktop\EmbeddedSystems\SysWbud\Lib_EaBaseBoard\Debug\libLib_EaBaseBoard.a(joystick.o)
 .debug_abbrev  0x0000068b      0x230 C:\Users\247810\Desktop\EmbeddedSystems\SysWbud\Lib_EaBaseBoard\Debug\libLib_EaBaseBoard.a(light.o)
 .debug_abbrev  0x000008bb      0x23c C:\Users\247810\Desktop\EmbeddedSystems\SysWbud\Lib_EaBaseBoard\Debug\libLib_EaBaseBoard.a(oled.o)
 .debug_abbrev  0x00000af7      0x235 C:\Users\247810\Desktop\EmbeddedSystems\SysWbud\Lib_EaBaseBoard\Debug\libLib_EaBaseBoard.a(pca9532.o)
 .debug_abbrev  0x00000d2c       0xfb C:\Users\247810\Desktop\EmbeddedSystems\SysWbud\Lib_EaBaseBoard\Debug\libLib_EaBaseBoard.a(temp.o)
 .debug_abbrev  0x00000e27       0x4a C:\Users\247810\Desktop\EmbeddedSystems\SysWbud\Lib_EaBaseBoard\Debug\libLib_EaBaseBoard.a(font5x7.o)
 .debug_abbrev  0x00000e71      0x1c7 C:\Users\247810\Desktop\EmbeddedSystems\SysWbud\Lib_MCU\Debug\libLib_MCU.a(lpc17xx_adc.o)
 .debug_abbrev  0x00001038      0x1fd C:\Users\247810\Desktop\EmbeddedSystems\SysWbud\Lib_MCU\Debug\libLib_MCU.a(lpc17xx_clkpwr.o)
 .debug_abbrev  0x00001235      0x26b C:\Users\247810\Desktop\EmbeddedSystems\SysWbud\Lib_MCU\Debug\libLib_MCU.a(lpc17xx_gpio.o)
 .debug_abbrev  0x000014a0      0x2de C:\Users\247810\Desktop\EmbeddedSystems\SysWbud\Lib_MCU\Debug\libLib_MCU.a(lpc17xx_i2c.o)
 .debug_abbrev  0x0000177e      0x196 C:\Users\247810\Desktop\EmbeddedSystems\SysWbud\Lib_MCU\Debug\libLib_MCU.a(lpc17xx_pinsel.o)
 .debug_abbrev  0x00001914      0x1ee C:\Users\247810\Desktop\EmbeddedSystems\SysWbud\Lib_MCU\Debug\libLib_MCU.a(lpc17xx_rtc.o)
 .debug_abbrev  0x00001b02      0x21b C:\Users\247810\Desktop\EmbeddedSystems\SysWbud\Lib_MCU\Debug\libLib_MCU.a(lpc17xx_ssp.o)
 .debug_abbrev  0x00001d1d      0x178 C:\Users\247810\Desktop\EmbeddedSystems\SysWbud\Lib_MCU\Debug\libLib_MCU.a(lpc17xx_systick.o)

.debug_aranges  0x00000000      0x860
 .debug_aranges
                0x00000000       0x70 ./src/cr_startup_lpc17.o
 .debug_aranges
                0x00000070      0x120 ./src/main-2.o
 .debug_aranges
                0x00000190       0x28 C:\Users\247810\Desktop\EmbeddedSystems\SysWbud\Lib_CMSISv1p30_LPC17xx\Debug\libCMSISv1p30_LPC17xx.a(system_LPC17xx.o)
 .debug_aranges
                0x000001b8       0x28 C:\Users\247810\Desktop\EmbeddedSystems\SysWbud\Lib_EaBaseBoard\Debug\libLib_EaBaseBoard.a(joystick.o)
 .debug_aranges
                0x000001e0       0x98 C:\Users\247810\Desktop\EmbeddedSystems\SysWbud\Lib_EaBaseBoard\Debug\libLib_EaBaseBoard.a(light.o)
 .debug_aranges
                0x00000278       0x90 C:\Users\247810\Desktop\EmbeddedSystems\SysWbud\Lib_EaBaseBoard\Debug\libLib_EaBaseBoard.a(oled.o)
 .debug_aranges
                0x00000308       0x80 C:\Users\247810\Desktop\EmbeddedSystems\SysWbud\Lib_EaBaseBoard\Debug\libLib_EaBaseBoard.a(pca9532.o)
 .debug_aranges
                0x00000388       0x28 C:\Users\247810\Desktop\EmbeddedSystems\SysWbud\Lib_EaBaseBoard\Debug\libLib_EaBaseBoard.a(temp.o)
 .debug_aranges
                0x000003b0       0x18 C:\Users\247810\Desktop\EmbeddedSystems\SysWbud\Lib_EaBaseBoard\Debug\libLib_EaBaseBoard.a(font5x7.o)
 .debug_aranges
                0x000003c8       0x80 C:\Users\247810\Desktop\EmbeddedSystems\SysWbud\Lib_MCU\Debug\libLib_MCU.a(lpc17xx_adc.o)
 .debug_aranges
                0x00000448       0x60 C:\Users\247810\Desktop\EmbeddedSystems\SysWbud\Lib_MCU\Debug\libLib_MCU.a(lpc17xx_clkpwr.o)
 .debug_aranges
                0x000004a8       0xf8 C:\Users\247810\Desktop\EmbeddedSystems\SysWbud\Lib_MCU\Debug\libLib_MCU.a(lpc17xx_gpio.o)
 .debug_aranges
                0x000005a0       0xd0 C:\Users\247810\Desktop\EmbeddedSystems\SysWbud\Lib_MCU\Debug\libLib_MCU.a(lpc17xx_i2c.o)
 .debug_aranges
                0x00000670       0x48 C:\Users\247810\Desktop\EmbeddedSystems\SysWbud\Lib_MCU\Debug\libLib_MCU.a(lpc17xx_pinsel.o)
 .debug_aranges
                0x000006b8       0xb8 C:\Users\247810\Desktop\EmbeddedSystems\SysWbud\Lib_MCU\Debug\libLib_MCU.a(lpc17xx_rtc.o)
 .debug_aranges
                0x00000770       0xa8 C:\Users\247810\Desktop\EmbeddedSystems\SysWbud\Lib_MCU\Debug\libLib_MCU.a(lpc17xx_ssp.o)
 .debug_aranges
                0x00000818       0x48 C:\Users\247810\Desktop\EmbeddedSystems\SysWbud\Lib_MCU\Debug\libLib_MCU.a(lpc17xx_systick.o)

.debug_ranges   0x00000000      0x748
 .debug_ranges  0x00000000       0x60 ./src/cr_startup_lpc17.o
 .debug_ranges  0x00000060      0x110 ./src/main-2.o
 .debug_ranges  0x00000170       0x18 C:\Users\247810\Desktop\EmbeddedSystems\SysWbud\Lib_CMSISv1p30_LPC17xx\Debug\libCMSISv1p30_LPC17xx.a(system_LPC17xx.o)
 .debug_ranges  0x00000188       0x18 C:\Users\247810\Desktop\EmbeddedSystems\SysWbud\Lib_EaBaseBoard\Debug\libLib_EaBaseBoard.a(joystick.o)
 .debug_ranges  0x000001a0       0x88 C:\Users\247810\Desktop\EmbeddedSystems\SysWbud\Lib_EaBaseBoard\Debug\libLib_EaBaseBoard.a(light.o)
 .debug_ranges  0x00000228       0x80 C:\Users\247810\Desktop\EmbeddedSystems\SysWbud\Lib_EaBaseBoard\Debug\libLib_EaBaseBoard.a(oled.o)
 .debug_ranges  0x000002a8       0x70 C:\Users\247810\Desktop\EmbeddedSystems\SysWbud\Lib_EaBaseBoard\Debug\libLib_EaBaseBoard.a(pca9532.o)
 .debug_ranges  0x00000318       0x18 C:\Users\247810\Desktop\EmbeddedSystems\SysWbud\Lib_EaBaseBoard\Debug\libLib_EaBaseBoard.a(temp.o)
 .debug_ranges  0x00000330       0x70 C:\Users\247810\Desktop\EmbeddedSystems\SysWbud\Lib_MCU\Debug\libLib_MCU.a(lpc17xx_adc.o)
 .debug_ranges  0x000003a0       0x50 C:\Users\247810\Desktop\EmbeddedSystems\SysWbud\Lib_MCU\Debug\libLib_MCU.a(lpc17xx_clkpwr.o)
 .debug_ranges  0x000003f0       0xe8 C:\Users\247810\Desktop\EmbeddedSystems\SysWbud\Lib_MCU\Debug\libLib_MCU.a(lpc17xx_gpio.o)
 .debug_ranges  0x000004d8       0xc0 C:\Users\247810\Desktop\EmbeddedSystems\SysWbud\Lib_MCU\Debug\libLib_MCU.a(lpc17xx_i2c.o)
 .debug_ranges  0x00000598       0x38 C:\Users\247810\Desktop\EmbeddedSystems\SysWbud\Lib_MCU\Debug\libLib_MCU.a(lpc17xx_pinsel.o)
 .debug_ranges  0x000005d0       0xa8 C:\Users\247810\Desktop\EmbeddedSystems\SysWbud\Lib_MCU\Debug\libLib_MCU.a(lpc17xx_rtc.o)
 .debug_ranges  0x00000678       0x98 C:\Users\247810\Desktop\EmbeddedSystems\SysWbud\Lib_MCU\Debug\libLib_MCU.a(lpc17xx_ssp.o)
 .debug_ranges  0x00000710       0x38 C:\Users\247810\Desktop\EmbeddedSystems\SysWbud\Lib_MCU\Debug\libLib_MCU.a(lpc17xx_systick.o)

.debug_macro    0x00000000     0x5dc0
 .debug_macro   0x00000000       0x79 ./src/cr_startup_lpc17.o
 .debug_macro   0x00000079      0xaa8 ./src/cr_startup_lpc17.o
 .debug_macro   0x00000b21       0x22 ./src/cr_startup_lpc17.o
 .debug_macro   0x00000b43       0x8e ./src/cr_startup_lpc17.o
 .debug_macro   0x00000bd1       0x51 ./src/cr_startup_lpc17.o
 .debug_macro   0x00000c22      0x103 ./src/cr_startup_lpc17.o
 .debug_macro   0x00000d25       0x6a ./src/cr_startup_lpc17.o
 .debug_macro   0x00000d8f      0x1df ./src/cr_startup_lpc17.o
 .debug_macro   0x00000f6e      0x13a ./src/main-2.o
 .debug_macro   0x000010a8       0x1c ./src/main-2.o
 .debug_macro   0x000010c4       0x22 ./src/main-2.o
 .debug_macro   0x000010e6      0x7b7 ./src/main-2.o
 .debug_macro   0x0000189d      0x2c7 ./src/main-2.o
 .debug_macro   0x00001b64       0x64 ./src/main-2.o
 .debug_macro   0x00001bc8      0x140 ./src/main-2.o
 .debug_macro   0x00001d08       0x46 ./src/main-2.o
 .debug_macro   0x00001d4e      0x192 ./src/main-2.o
 .debug_macro   0x00001ee0      0x2a6 ./src/main-2.o
 .debug_macro   0x00002186       0xee ./src/main-2.o
 .debug_macro   0x00002274       0xed ./src/main-2.o
 .debug_macro   0x00002361       0x4c ./src/main-2.o
 .debug_macro   0x000023ad       0x28 ./src/main-2.o
 .debug_macro   0x000023d5       0xb2 ./src/main-2.o
 .debug_macro   0x00002487       0x1c ./src/main-2.o
 .debug_macro   0x000024a3       0x16 ./src/main-2.o
 .debug_macro   0x000024b9       0x1c ./src/main-2.o
 .debug_macro   0x000024d5      0x113 C:\Users\247810\Desktop\EmbeddedSystems\SysWbud\Lib_CMSISv1p30_LPC17xx\Debug\libCMSISv1p30_LPC17xx.a(system_LPC17xx.o)
 .debug_macro   0x000025e8      0xaa2 C:\Users\247810\Desktop\EmbeddedSystems\SysWbud\Lib_CMSISv1p30_LPC17xx\Debug\libCMSISv1p30_LPC17xx.a(system_LPC17xx.o)
 .debug_macro   0x0000308a       0x10 C:\Users\247810\Desktop\EmbeddedSystems\SysWbud\Lib_CMSISv1p30_LPC17xx\Debug\libCMSISv1p30_LPC17xx.a(system_LPC17xx.o)
 .debug_macro   0x0000309a      0x12e C:\Users\247810\Desktop\EmbeddedSystems\SysWbud\Lib_CMSISv1p30_LPC17xx\Debug\libCMSISv1p30_LPC17xx.a(system_LPC17xx.o)
 .debug_macro   0x000031c8      0x5b3 C:\Users\247810\Desktop\EmbeddedSystems\SysWbud\Lib_CMSISv1p30_LPC17xx\Debug\libCMSISv1p30_LPC17xx.a(system_LPC17xx.o)
 .debug_macro   0x0000377b      0x7d5 C:\Users\247810\Desktop\EmbeddedSystems\SysWbud\Lib_CMSISv1p30_LPC17xx\Debug\libCMSISv1p30_LPC17xx.a(system_LPC17xx.o)
 .debug_macro   0x00003f50       0x83 C:\Users\247810\Desktop\EmbeddedSystems\SysWbud\Lib_EaBaseBoard\Debug\libLib_EaBaseBoard.a(joystick.o)
 .debug_macro   0x00003fd3       0x40 C:\Users\247810\Desktop\EmbeddedSystems\SysWbud\Lib_EaBaseBoard\Debug\libLib_EaBaseBoard.a(joystick.o)
 .debug_macro   0x00004013      0x126 C:\Users\247810\Desktop\EmbeddedSystems\SysWbud\Lib_EaBaseBoard\Debug\libLib_EaBaseBoard.a(light.o)
 .debug_macro   0x00004139      0x18c C:\Users\247810\Desktop\EmbeddedSystems\SysWbud\Lib_EaBaseBoard\Debug\libLib_EaBaseBoard.a(light.o)
 .debug_macro   0x000042c5       0xdd C:\Users\247810\Desktop\EmbeddedSystems\SysWbud\Lib_EaBaseBoard\Debug\libLib_EaBaseBoard.a(oled.o)
 .debug_macro   0x000043a2       0x5d C:\Users\247810\Desktop\EmbeddedSystems\SysWbud\Lib_EaBaseBoard\Debug\libLib_EaBaseBoard.a(oled.o)
 .debug_macro   0x000043ff       0xa1 C:\Users\247810\Desktop\EmbeddedSystems\SysWbud\Lib_EaBaseBoard\Debug\libLib_EaBaseBoard.a(pca9532.o)
 .debug_macro   0x000044a0       0xae C:\Users\247810\Desktop\EmbeddedSystems\SysWbud\Lib_EaBaseBoard\Debug\libLib_EaBaseBoard.a(temp.o)
 .debug_macro   0x0000454e       0x1a C:\Users\247810\Desktop\EmbeddedSystems\SysWbud\Lib_EaBaseBoard\Debug\libLib_EaBaseBoard.a(font5x7.o)
 .debug_macro   0x00004568      0x696 C:\Users\247810\Desktop\EmbeddedSystems\SysWbud\Lib_EaBaseBoard\Debug\libLib_EaBaseBoard.a(font5x7.o)
 .debug_macro   0x00004bfe       0x8c C:\Users\247810\Desktop\EmbeddedSystems\SysWbud\Lib_MCU\Debug\libLib_MCU.a(lpc17xx_adc.o)
 .debug_macro   0x00004c8a       0xe8 C:\Users\247810\Desktop\EmbeddedSystems\SysWbud\Lib_MCU\Debug\libLib_MCU.a(lpc17xx_adc.o)
 .debug_macro   0x00004d72      0x2fa C:\Users\247810\Desktop\EmbeddedSystems\SysWbud\Lib_MCU\Debug\libLib_MCU.a(lpc17xx_adc.o)
 .debug_macro   0x0000506c       0xda C:\Users\247810\Desktop\EmbeddedSystems\SysWbud\Lib_MCU\Debug\libLib_MCU.a(lpc17xx_adc.o)
 .debug_macro   0x00005146       0x7a C:\Users\247810\Desktop\EmbeddedSystems\SysWbud\Lib_MCU\Debug\libLib_MCU.a(lpc17xx_clkpwr.o)
 .debug_macro   0x000051c0      0x2f4 C:\Users\247810\Desktop\EmbeddedSystems\SysWbud\Lib_MCU\Debug\libLib_MCU.a(lpc17xx_clkpwr.o)
 .debug_macro   0x000054b4       0x83 C:\Users\247810\Desktop\EmbeddedSystems\SysWbud\Lib_MCU\Debug\libLib_MCU.a(lpc17xx_gpio.o)
 .debug_macro   0x00005537       0x95 C:\Users\247810\Desktop\EmbeddedSystems\SysWbud\Lib_MCU\Debug\libLib_MCU.a(lpc17xx_i2c.o)
 .debug_macro   0x000055cc      0x146 C:\Users\247810\Desktop\EmbeddedSystems\SysWbud\Lib_MCU\Debug\libLib_MCU.a(lpc17xx_i2c.o)
 .debug_macro   0x00005712       0x7a C:\Users\247810\Desktop\EmbeddedSystems\SysWbud\Lib_MCU\Debug\libLib_MCU.a(lpc17xx_pinsel.o)
 .debug_macro   0x0000578c       0x8c C:\Users\247810\Desktop\EmbeddedSystems\SysWbud\Lib_MCU\Debug\libLib_MCU.a(lpc17xx_rtc.o)
 .debug_macro   0x00005818      0x1aa C:\Users\247810\Desktop\EmbeddedSystems\SysWbud\Lib_MCU\Debug\libLib_MCU.a(lpc17xx_rtc.o)
 .debug_macro   0x000059c2       0x8c C:\Users\247810\Desktop\EmbeddedSystems\SysWbud\Lib_MCU\Debug\libLib_MCU.a(lpc17xx_ssp.o)
 .debug_macro   0x00005a4e      0x2a0 C:\Users\247810\Desktop\EmbeddedSystems\SysWbud\Lib_MCU\Debug\libLib_MCU.a(lpc17xx_ssp.o)
 .debug_macro   0x00005cee       0x8c C:\Users\247810\Desktop\EmbeddedSystems\SysWbud\Lib_MCU\Debug\libLib_MCU.a(lpc17xx_systick.o)
 .debug_macro   0x00005d7a       0x46 C:\Users\247810\Desktop\EmbeddedSystems\SysWbud\Lib_MCU\Debug\libLib_MCU.a(lpc17xx_systick.o)

.debug_line     0x00000000     0x6702
 .debug_line    0x00000000      0x446 ./src/cr_startup_lpc17.o
 .debug_line    0x00000446      0xee3 ./src/main-2.o
 .debug_line    0x00001329      0x3f4 C:\Users\247810\Desktop\EmbeddedSystems\SysWbud\Lib_CMSISv1p30_LPC17xx\Debug\libCMSISv1p30_LPC17xx.a(system_LPC17xx.o)
 .debug_line    0x0000171d      0x2f5 C:\Users\247810\Desktop\EmbeddedSystems\SysWbud\Lib_EaBaseBoard\Debug\libLib_EaBaseBoard.a(joystick.o)
 .debug_line    0x00001a12      0x528 C:\Users\247810\Desktop\EmbeddedSystems\SysWbud\Lib_EaBaseBoard\Debug\libLib_EaBaseBoard.a(light.o)
 .debug_line    0x00001f3a      0x814 C:\Users\247810\Desktop\EmbeddedSystems\SysWbud\Lib_EaBaseBoard\Debug\libLib_EaBaseBoard.a(oled.o)
 .debug_line    0x0000274e      0x507 C:\Users\247810\Desktop\EmbeddedSystems\SysWbud\Lib_EaBaseBoard\Debug\libLib_EaBaseBoard.a(pca9532.o)
 .debug_line    0x00002c55      0x331 C:\Users\247810\Desktop\EmbeddedSystems\SysWbud\Lib_EaBaseBoard\Debug\libLib_EaBaseBoard.a(temp.o)
 .debug_line    0x00002f86       0x85 C:\Users\247810\Desktop\EmbeddedSystems\SysWbud\Lib_EaBaseBoard\Debug\libLib_EaBaseBoard.a(font5x7.o)
 .debug_line    0x0000300b      0x545 C:\Users\247810\Desktop\EmbeddedSystems\SysWbud\Lib_MCU\Debug\libLib_MCU.a(lpc17xx_adc.o)
 .debug_line    0x00003550      0x3e7 C:\Users\247810\Desktop\EmbeddedSystems\SysWbud\Lib_MCU\Debug\libLib_MCU.a(lpc17xx_clkpwr.o)
 .debug_line    0x00003937      0x725 C:\Users\247810\Desktop\EmbeddedSystems\SysWbud\Lib_MCU\Debug\libLib_MCU.a(lpc17xx_gpio.o)
 .debug_line    0x0000405c      0xd19 C:\Users\247810\Desktop\EmbeddedSystems\SysWbud\Lib_MCU\Debug\libLib_MCU.a(lpc17xx_i2c.o)
 .debug_line    0x00004d75      0x365 C:\Users\247810\Desktop\EmbeddedSystems\SysWbud\Lib_MCU\Debug\libLib_MCU.a(lpc17xx_pinsel.o)
 .debug_line    0x000050da      0x9e5 C:\Users\247810\Desktop\EmbeddedSystems\SysWbud\Lib_MCU\Debug\libLib_MCU.a(lpc17xx_rtc.o)
 .debug_line    0x00005abf      0x8ba C:\Users\247810\Desktop\EmbeddedSystems\SysWbud\Lib_MCU\Debug\libLib_MCU.a(lpc17xx_ssp.o)
 .debug_line    0x00006379      0x389 C:\Users\247810\Desktop\EmbeddedSystems\SysWbud\Lib_MCU\Debug\libLib_MCU.a(lpc17xx_systick.o)

.debug_str      0x00000000    0x11d7d
 .debug_str     0x00000000     0x3cc0 ./src/cr_startup_lpc17.o
                               0x3e2a (size before relaxing)
 .debug_str     0x00003cc0     0x818a ./src/main-2.o
                               0xbeca (size before relaxing)
 .debug_str     0x0000be4a     0x19b9 C:\Users\247810\Desktop\EmbeddedSystems\SysWbud\Lib_CMSISv1p30_LPC17xx\Debug\libCMSISv1p30_LPC17xx.a(system_LPC17xx.o)
                               0x8871 (size before relaxing)
 .debug_str     0x0000d803       0x87 C:\Users\247810\Desktop\EmbeddedSystems\SysWbud\Lib_EaBaseBoard\Debug\libLib_EaBaseBoard.a(joystick.o)
                               0x88de (size before relaxing)
 .debug_str     0x0000d88a      0x459 C:\Users\247810\Desktop\EmbeddedSystems\SysWbud\Lib_EaBaseBoard\Debug\libLib_EaBaseBoard.a(light.o)
                               0x9471 (size before relaxing)
 .debug_str     0x0000dce3      0x38d C:\Users\247810\Desktop\EmbeddedSystems\SysWbud\Lib_EaBaseBoard\Debug\libLib_EaBaseBoard.a(oled.o)
                               0xa4f4 (size before relaxing)
 .debug_str     0x0000e070      0x1a3 C:\Users\247810\Desktop\EmbeddedSystems\SysWbud\Lib_EaBaseBoard\Debug\libLib_EaBaseBoard.a(pca9532.o)
                               0x9376 (size before relaxing)
 .debug_str     0x0000e213       0xe6 C:\Users\247810\Desktop\EmbeddedSystems\SysWbud\Lib_EaBaseBoard\Debug\libLib_EaBaseBoard.a(temp.o)
                               0x8938 (size before relaxing)
 .debug_str     0x0000e2f9      0xe21 C:\Users\247810\Desktop\EmbeddedSystems\SysWbud\Lib_EaBaseBoard\Debug\libLib_EaBaseBoard.a(font5x7.o)
                               0x3bbf (size before relaxing)
 .debug_str     0x0000f11a     0x1643 C:\Users\247810\Desktop\EmbeddedSystems\SysWbud\Lib_MCU\Debug\libLib_MCU.a(lpc17xx_adc.o)
                               0xa447 (size before relaxing)
 .debug_str     0x0001075d       0xcb C:\Users\247810\Desktop\EmbeddedSystems\SysWbud\Lib_MCU\Debug\libLib_MCU.a(lpc17xx_clkpwr.o)
                               0x9a65 (size before relaxing)
 .debug_str     0x00010828      0x41c C:\Users\247810\Desktop\EmbeddedSystems\SysWbud\Lib_MCU\Debug\libLib_MCU.a(lpc17xx_gpio.o)
                               0x8ddf (size before relaxing)
 .debug_str     0x00010c44      0x341 C:\Users\247810\Desktop\EmbeddedSystems\SysWbud\Lib_MCU\Debug\libLib_MCU.a(lpc17xx_i2c.o)
                               0xadad (size before relaxing)
 .debug_str     0x00010f85       0xf6 C:\Users\247810\Desktop\EmbeddedSystems\SysWbud\Lib_MCU\Debug\libLib_MCU.a(lpc17xx_pinsel.o)
                               0x8d06 (size before relaxing)
 .debug_str     0x0001107b      0xa96 C:\Users\247810\Desktop\EmbeddedSystems\SysWbud\Lib_MCU\Debug\libLib_MCU.a(lpc17xx_rtc.o)
                               0xa5dc (size before relaxing)
 .debug_str     0x00011b11      0x1c5 C:\Users\247810\Desktop\EmbeddedSystems\SysWbud\Lib_MCU\Debug\libLib_MCU.a(lpc17xx_ssp.o)
                               0xac66 (size before relaxing)
 .debug_str     0x00011cd6       0xa7 C:\Users\247810\Desktop\EmbeddedSystems\SysWbud\Lib_MCU\Debug\libLib_MCU.a(lpc17xx_systick.o)
                               0x9bf3 (size before relaxing)

.comment        0x00000000       0x4c
 .comment       0x00000000       0x4c ./src/cr_startup_lpc17.o
                                 0x4d (size before relaxing)
 .comment       0x0000004c       0x4d ./src/main-2.o
 .comment       0x0000004c       0x4d C:\Users\247810\Desktop\EmbeddedSystems\SysWbud\Lib_CMSISv1p30_LPC17xx\Debug\libCMSISv1p30_LPC17xx.a(system_LPC17xx.o)
 .comment       0x0000004c       0x4d C:\Users\247810\Desktop\EmbeddedSystems\SysWbud\Lib_EaBaseBoard\Debug\libLib_EaBaseBoard.a(joystick.o)
 .comment       0x0000004c       0x4d C:\Users\247810\Desktop\EmbeddedSystems\SysWbud\Lib_EaBaseBoard\Debug\libLib_EaBaseBoard.a(light.o)
 .comment       0x0000004c       0x4d C:\Users\247810\Desktop\EmbeddedSystems\SysWbud\Lib_EaBaseBoard\Debug\libLib_EaBaseBoard.a(oled.o)
 .comment       0x0000004c       0x4d C:\Users\247810\Desktop\EmbeddedSystems\SysWbud\Lib_EaBaseBoard\Debug\libLib_EaBaseBoard.a(pca9532.o)
 .comment       0x0000004c       0x4d C:\Users\247810\Desktop\EmbeddedSystems\SysWbud\Lib_EaBaseBoard\Debug\libLib_EaBaseBoard.a(temp.o)
 .comment       0x0000004c       0x4d C:\Users\247810\Desktop\EmbeddedSystems\SysWbud\Lib_EaBaseBoard\Debug\libLib_EaBaseBoard.a(font5x7.o)
 .comment       0x0000004c       0x4d C:\Users\247810\Desktop\EmbeddedSystems\SysWbud\Lib_MCU\Debug\libLib_MCU.a(lpc17xx_adc.o)
 .comment       0x0000004c       0x4d C:\Users\247810\Desktop\EmbeddedSystems\SysWbud\Lib_MCU\Debug\libLib_MCU.a(lpc17xx_clkpwr.o)
 .comment       0x0000004c       0x4d C:\Users\247810\Desktop\EmbeddedSystems\SysWbud\Lib_MCU\Debug\libLib_MCU.a(lpc17xx_gpio.o)
 .comment       0x0000004c       0x4d C:\Users\247810\Desktop\EmbeddedSystems\SysWbud\Lib_MCU\Debug\libLib_MCU.a(lpc17xx_i2c.o)
 .comment       0x0000004c       0x4d C:\Users\247810\Desktop\EmbeddedSystems\SysWbud\Lib_MCU\Debug\libLib_MCU.a(lpc17xx_pinsel.o)
 .comment       0x0000004c       0x4d C:\Users\247810\Desktop\EmbeddedSystems\SysWbud\Lib_MCU\Debug\libLib_MCU.a(lpc17xx_rtc.o)
 .comment       0x0000004c       0x4d C:\Users\247810\Desktop\EmbeddedSystems\SysWbud\Lib_MCU\Debug\libLib_MCU.a(lpc17xx_ssp.o)
 .comment       0x0000004c       0x4d C:\Users\247810\Desktop\EmbeddedSystems\SysWbud\Lib_MCU\Debug\libLib_MCU.a(lpc17xx_systick.o)

.ARM.attributes
                0x00000000       0x2d
 .ARM.attributes
                0x00000000       0x2d ./src/cr_startup_lpc17.o
 .ARM.attributes
                0x0000002d       0x2d ./src/main-2.o
 .ARM.attributes
                0x0000005a       0x2d C:\Users\247810\Desktop\EmbeddedSystems\SysWbud\Lib_CMSISv1p30_LPC17xx\Debug\libCMSISv1p30_LPC17xx.a(system_LPC17xx.o)
 .ARM.attributes
                0x00000087       0x2d C:\Users\247810\Desktop\EmbeddedSystems\SysWbud\Lib_EaBaseBoard\Debug\libLib_EaBaseBoard.a(joystick.o)
 .ARM.attributes
                0x000000b4       0x2d C:\Users\247810\Desktop\EmbeddedSystems\SysWbud\Lib_EaBaseBoard\Debug\libLib_EaBaseBoard.a(light.o)
 .ARM.attributes
                0x000000e1       0x2d C:\Users\247810\Desktop\EmbeddedSystems\SysWbud\Lib_EaBaseBoard\Debug\libLib_EaBaseBoard.a(oled.o)
 .ARM.attributes
                0x0000010e       0x2d C:\Users\247810\Desktop\EmbeddedSystems\SysWbud\Lib_EaBaseBoard\Debug\libLib_EaBaseBoard.a(pca9532.o)
 .ARM.attributes
                0x0000013b       0x2d C:\Users\247810\Desktop\EmbeddedSystems\SysWbud\Lib_EaBaseBoard\Debug\libLib_EaBaseBoard.a(temp.o)
 .ARM.attributes
                0x00000168       0x33 C:\Users\247810\Desktop\EmbeddedSystems\SysWbud\Lib_EaBaseBoard\Debug\libLib_EaBaseBoard.a(font5x7.o)
 .ARM.attributes
                0x0000019b       0x2d C:\Users\247810\Desktop\EmbeddedSystems\SysWbud\Lib_MCU\Debug\libLib_MCU.a(lpc17xx_adc.o)
 .ARM.attributes
                0x000001c8       0x2d C:\Users\247810\Desktop\EmbeddedSystems\SysWbud\Lib_MCU\Debug\libLib_MCU.a(lpc17xx_clkpwr.o)
 .ARM.attributes
                0x000001f5       0x2d C:\Users\247810\Desktop\EmbeddedSystems\SysWbud\Lib_MCU\Debug\libLib_MCU.a(lpc17xx_gpio.o)
 .ARM.attributes
                0x00000222       0x2d C:\Users\247810\Desktop\EmbeddedSystems\SysWbud\Lib_MCU\Debug\libLib_MCU.a(lpc17xx_i2c.o)
 .ARM.attributes
                0x0000024f       0x2d C:\Users\247810\Desktop\EmbeddedSystems\SysWbud\Lib_MCU\Debug\libLib_MCU.a(lpc17xx_pinsel.o)
 .ARM.attributes
                0x0000027c       0x2d C:\Users\247810\Desktop\EmbeddedSystems\SysWbud\Lib_MCU\Debug\libLib_MCU.a(lpc17xx_rtc.o)
 .ARM.attributes
                0x000002a9       0x2d C:\Users\247810\Desktop\EmbeddedSystems\SysWbud\Lib_MCU\Debug\libLib_MCU.a(lpc17xx_ssp.o)
 .ARM.attributes
                0x000002d6       0x2d C:\Users\247810\Desktop\EmbeddedSystems\SysWbud\Lib_MCU\Debug\libLib_MCU.a(lpc17xx_systick.o)
 .ARM.attributes
                0x00000303       0x1d c:/nxp/mcuxpressoide_11.3.1_5262/ide/plugins/com.nxp.mcuxpresso.tools.win32_11.3.0.202008311133/tools/bin/../lib/gcc/arm-none-eabi/9.3.1/thumb/v7-m/nofp\libgcc.a(_arm_addsubsf3.o)
 .ARM.attributes
                0x00000320       0x1d c:/nxp/mcuxpressoide_11.3.1_5262/ide/plugins/com.nxp.mcuxpresso.tools.win32_11.3.0.202008311133/tools/bin/../lib/gcc/arm-none-eabi/9.3.1/thumb/v7-m/nofp\libgcc.a(_arm_cmpsf2.o)
 .ARM.attributes
                0x0000033d       0x2d c:/nxp/mcuxpressoide_11.3.1_5262/ide/plugins/com.nxp.mcuxpresso.tools.win32_11.3.0.202008311133/tools/bin/../lib/gcc/arm-none-eabi/9.3.1/../../../../arm-none-eabi/lib/thumb/v7-m/nofp\libc.a(lib_a-memset.o)

.debug_frame    0x00000000     0x20a4
 .debug_frame   0x00000000      0x120 ./src/cr_startup_lpc17.o
 .debug_frame   0x00000120      0x4a4 ./src/main-2.o
 .debug_frame   0x000005c4       0x50 C:\Users\247810\Desktop\EmbeddedSystems\SysWbud\Lib_CMSISv1p30_LPC17xx\Debug\libCMSISv1p30_LPC17xx.a(system_LPC17xx.o)
 .debug_frame   0x00000614       0x50 C:\Users\247810\Desktop\EmbeddedSystems\SysWbud\Lib_EaBaseBoard\Debug\libLib_EaBaseBoard.a(joystick.o)
 .debug_frame   0x00000664      0x24c C:\Users\247810\Desktop\EmbeddedSystems\SysWbud\Lib_EaBaseBoard\Debug\libLib_EaBaseBoard.a(light.o)
 .debug_frame   0x000008b0      0x244 C:\Users\247810\Desktop\EmbeddedSystems\SysWbud\Lib_EaBaseBoard\Debug\libLib_EaBaseBoard.a(oled.o)
 .debug_frame   0x00000af4      0x1e4 C:\Users\247810\Desktop\EmbeddedSystems\SysWbud\Lib_EaBaseBoard\Debug\libLib_EaBaseBoard.a(pca9532.o)
 .debug_frame   0x00000cd8       0x58 C:\Users\247810\Desktop\EmbeddedSystems\SysWbud\Lib_EaBaseBoard\Debug\libLib_EaBaseBoard.a(temp.o)
 .debug_frame   0x00000d30      0x1e8 C:\Users\247810\Desktop\EmbeddedSystems\SysWbud\Lib_MCU\Debug\libLib_MCU.a(lpc17xx_adc.o)
 .debug_frame   0x00000f18      0x13c C:\Users\247810\Desktop\EmbeddedSystems\SysWbud\Lib_MCU\Debug\libLib_MCU.a(lpc17xx_clkpwr.o)
 .debug_frame   0x00001054      0x428 C:\Users\247810\Desktop\EmbeddedSystems\SysWbud\Lib_MCU\Debug\libLib_MCU.a(lpc17xx_gpio.o)
 .debug_frame   0x0000147c      0x37c C:\Users\247810\Desktop\EmbeddedSystems\SysWbud\Lib_MCU\Debug\libLib_MCU.a(lpc17xx_i2c.o)
 .debug_frame   0x000017f8       0xfc C:\Users\247810\Desktop\EmbeddedSystems\SysWbud\Lib_MCU\Debug\libLib_MCU.a(lpc17xx_pinsel.o)
 .debug_frame   0x000018f4      0x2e4 C:\Users\247810\Desktop\EmbeddedSystems\SysWbud\Lib_MCU\Debug\libLib_MCU.a(lpc17xx_rtc.o)
 .debug_frame   0x00001bd8      0x2a0 C:\Users\247810\Desktop\EmbeddedSystems\SysWbud\Lib_MCU\Debug\libLib_MCU.a(lpc17xx_ssp.o)
 .debug_frame   0x00001e78       0xe0 C:\Users\247810\Desktop\EmbeddedSystems\SysWbud\Lib_MCU\Debug\libLib_MCU.a(lpc17xx_systick.o)
 .debug_frame   0x00001f58       0x4c c:/nxp/mcuxpressoide_11.3.1_5262/ide/plugins/com.nxp.mcuxpresso.tools.win32_11.3.0.202008311133/tools/bin/../lib/gcc/arm-none-eabi/9.3.1/thumb/v7-m/nofp\libgcc.a(_arm_addsubsf3.o)
 .debug_frame   0x00001fa4       0xc8 c:/nxp/mcuxpressoide_11.3.1_5262/ide/plugins/com.nxp.mcuxpresso.tools.win32_11.3.0.202008311133/tools/bin/../lib/gcc/arm-none-eabi/9.3.1/thumb/v7-m/nofp\libgcc.a(_arm_cmpsf2.o)
 .debug_frame   0x0000206c       0x38 c:/nxp/mcuxpressoide_11.3.1_5262/ide/plugins/com.nxp.mcuxpresso.tools.win32_11.3.0.202008311133/tools/bin/../lib/gcc/arm-none-eabi/9.3.1/../../../../arm-none-eabi/lib/thumb/v7-m/nofp\libc.a(lib_a-memset.o)
