lpc17xx_uart.c:66:15:uart_set_divisors	96	static
lpc17xx_uart.c:196:6:UART_Init	24	static
lpc17xx_uart.c:402:6:UART_DeInit	16	static
lpc17xx_uart.c:452:6:UART_ConfigStructInit	16	static
lpc17xx_uart.c:471:6:UART_SendByte	16	static
lpc17xx_uart.c:496:9:UART_ReceiveByte	16	static
lpc17xx_uart.c:526:10:UART_Send	48	static
lpc17xx_uart.c:591:10:UART_Receive	48	static
lpc17xx_uart.c:642:6:UART_ForceBreak	16	static
lpc17xx_uart.c:679:6:UART_IntConfig	24	static
lpc17xx_uart.c:760:9:UART_GetLineStatus	16	static
lpc17xx_uart.c:783:10:UART_GetIntId	16	static
lpc17xx_uart.c:798:12:UART_CheckBusy	16	static
lpc17xx_uart.c:819:6:UART_FIFOConfig	24	static
lpc17xx_uart.c:883:6:UART_FIFOConfigStructInit	16	static
lpc17xx_uart.c:909:6:UART_ABCmd	32	static
lpc17xx_uart.c:977:6:UART_ABClearIntPending	16	static
lpc17xx_uart.c:1000:6:UART_TxCmd	16	static
lpc17xx_uart.c:1042:6:UART_IrDAInvtInputCmd	16	static
lpc17xx_uart.c:1066:6:UART_IrDACmd	16	static
lpc17xx_uart.c:1098:6:UART_IrDAPulseDivConfig	24	static
lpc17xx_uart.c:1128:6:UART_FullModemForcePinState	24	static
lpc17xx_uart.c:1168:6:UART_FullModemConfigMode	24	static
lpc17xx_uart.c:1214:9:UART_FullModemGetStatus	16	static
lpc17xx_uart.c:1232:6:UART_RS485Config	24	static
lpc17xx_uart.c:1304:6:UART_RS485ReceiverCmd	16	static
lpc17xx_uart.c:1321:10:UART_RS485Send	32	static
lpc17xx_uart.c:1347:6:UART_RS485SendSlvAddr	16	static
lpc17xx_uart.c:1359:10:UART_RS485SendData	24	static
lpc17xx_uart.c:1380:10:UART_SendString	16	static
