lpc17xx_gpio.c:59:26:GPIO_GetPointer	24	static
lpc17xx_gpio.c:92:31:FIO_HalfWordGetPointer	24	static
lpc17xx_gpio.c:125:27:FIO_ByteGetPointer	24	static
lpc17xx_gpio.c:177:6:GPIO_SetDir	24	static
lpc17xx_gpio.c:208:6:GPIO_SetValue	24	static
lpc17xx_gpio.c:231:6:GPIO_ClearValue	24	static
lpc17xx_gpio.c:248:10:GPIO_ReadValue	24	static
lpc17xx_gpio.c:269:6:GPIO_IntCmd	16	static
lpc17xx_gpio.c:297:17:GPIO_GetIntStatus	16	static
lpc17xx_gpio.c:318:6:GPIO_ClearInt	16	static
lpc17xx_gpio.c:335:6:FIO_SetDir	16	static
lpc17xx_gpio.c:343:6:FIO_SetValue	16	static
lpc17xx_gpio.c:351:6:FIO_ClearValue	16	static
lpc17xx_gpio.c:359:10:FIO_ReadValue	16	static
lpc17xx_gpio.c:367:6:FIO_IntCmd	16	static
lpc17xx_gpio.c:375:17:FIO_GetIntStatus	16	static
lpc17xx_gpio.c:383:6:FIO_ClearInt	16	static
lpc17xx_gpio.c:405:6:FIO_SetMask	24	static
lpc17xx_gpio.c:437:6:FIO_HalfWordSetDir	32	static
lpc17xx_gpio.c:486:6:FIO_HalfWordSetMask	32	static
lpc17xx_gpio.c:530:6:FIO_HalfWordSetValue	24	static
lpc17xx_gpio.c:560:6:FIO_HalfWordClearValue	24	static
lpc17xx_gpio.c:585:10:FIO_HalfWordReadValue	24	static
lpc17xx_gpio.c:618:6:FIO_ByteSetDir	32	static
lpc17xx_gpio.c:656:6:FIO_ByteSetMask	32	static
lpc17xx_gpio.c:690:6:FIO_ByteSetValue	24	static
lpc17xx_gpio.c:715:6:FIO_ByteClearValue	24	static
lpc17xx_gpio.c:735:9:FIO_ByteReadValue	24	static
